03-26 16:02:11.433  6888  7114 D NetGuard.JNI: TCP A 10.1.10.1/57482 > 54.192.214.129/443 seq 807 ack 7228 data 0 win 65456 uid -1
03-26 16:02:11.433  6888  7114 D NetGuard.JNI: TCP A 10.1.10.1/57482 > 54.192.214.129/443 seq 807 ack 7228 data 0 win 65456 uid -1 ESTABLISHED loc 7228 rem 807 handling
03-26 16:02:11.433  6888  7114 D NetGuard.JNI: Loop thread 870c7930
03-26 16:02:11.433  6888  7114 D NetGuard.JNI: sessions ICMP 0 UDP 0 TCP 4 max 4/3276 idle 0 sdk 23
03-26 16:02:11.434 23758  9671 I DMC     : [HttpDownloader] failed to process the result of Version : Value [] at data of type org.json.JSONArray cannot be converted to JSONObject
03-26 16:02:11.616  5938  5959 E MP-Decision: Update arg 2
03-26 16:02:11.689  1824  2417 D StatusBarManagerService: setSystemUiVisibility(0x80008700)
03-26 16:02:11.692  3683  3683 I PhoneStatusBar: setSystemUiVisibility vis=80008700 mask=ffffffff oldVal=80008000 newVal=80008700 diff=700
03-26 16:02:11.692  3683  3683 I PhoneStatusBar: updatePolicy(false,false,false,true)
03-26 16:02:11.692  1824  3712 W InputMethodManagerService: Got RemoteException sending setActive(false) notification to pid 6077 uid 10224
03-26 16:02:11.692  1824  3712 D StatusBarManagerService: swetImeWindowStatus vis=0 backDisposition=0
03-26 16:02:11.692  1824  2417 D StatusBarManagerService: disable:userId=0 what=0x0 which=0x1 pkg=Window{483dcee u0 com.htc.launcher/com.htc.launcher.Launcher}
03-26 16:02:11.692  1824  3712 D InputMethodManagerService: Switching to client com.htc.launcher(23758), IME=com.htc.sense.ime/.HTCIMEService
03-26 16:02:11.693  1824  3712 I InputMethodManagerService: Enable input method client, pid=23758
03-26 16:02:11.693  1824  2417 D StatusBarManagerService: hiding MENU key
03-26 16:02:11.694  3683  3683 I PhoneStatusBar: setImeWindowStatus(false,false)
03-26 16:02:11.694  3683  3683 I PhoneStatusBar: hiding the MENU button
03-26 16:02:11.812  5938  5959 E MP-Decision: Update arg 1
03-26 16:02:11.881  1824  2422 W AppOps  : Finishing op nesting under-run: uid 1000 pkg android code 24 time=0 duration=0 nesting=0
03-26 16:02:12.372  1824  3562 W SensorService: D/Accel(x, y, z, t) = ( -0.4,  -0.0,   9.7, 412400860ms), calendar = 1490515332, sys_time = 412400869ms
03-26 16:02:12.480  1824  2421 D BluetoothManagerService: Message: MESSAGE_BIND_PROFILE_SERVICE
03-26 16:02:13.357  3683  3683 D NetworkController: [DataActivity][1][GSM] NONE
03-26 16:02:13.363  3683  3683 D SignalClusterView: vpn: VISIBLE
03-26 16:02:13.364  3683  3683 D SignalClusterView: wifi=G,stat_sys_wifi_signal_connected_0 air=G,stat_sys_signal_flightmode data[0]=V,stat_sys_data_inandout_4g sig[0]=V,cdma_stat_sys_s1_5signal_3 data[1]=G,(null) sig[1]=V,cdma_stat_sys_s2_5signal_5
03-26 16:02:13.364  3683  3683 D SignalClusterView: vpn: VISIBLE
03-26 16:02:13.365  3683  3683 D SignalClusterView: wifi=G,stat_sys_wifi_signal_connected_0 air=G,stat_sys_signal_flightmode data[0]=V,stat_sys_data_inandout_4g sig[0]=V,cdma_stat_sys_s1_5signal_3 data[1]=G,(null) sig[1]=V,cdma_stat_sys_s2_5signal_5
03-26 16:02:13.366  3683  3683 D NetworkController: [DataActivity][0][GSM] NONE
03-26 16:02:13.372  3683  3683 D SignalClusterView: vpn: VISIBLE
03-26 16:02:13.373  3683  3683 D SignalClusterView: wifi=G,stat_sys_wifi_signal_connected_0 air=G,stat_sys_signal_flightmode data[0]=V,stat_sys_data_connected_4g sig[0]=V,cdma_stat_sys_s1_5signal_3 data[1]=G,(null) sig[1]=V,cdma_stat_sys_s2_5signal_5
03-26 16:02:13.373  3683  3683 D SignalClusterView: vpn: VISIBLE
03-26 16:02:13.373  3683  3683 D SignalClusterView: wifi=G,stat_sys_wifi_signal_connected_0 air=G,stat_sys_signal_flightmode data[0]=V,stat_sys_data_connected_4g sig[0]=V,cdma_stat_sys_s1_5signal_3 data[1]=G,(null) sig[1]=V,cdma_stat_sys_s2_5signal_5
03-26 16:02:13.434  1824  1824 D HtcASN_1.1: onSignalStrengthsChanged...
03-26 16:02:13.438  3683  3683 D NetworkController: [Strength][0][SubId:2][GSM] SignalStrength: 99 0 -120 -160 -120 -1 -1 26 -93 -11 30 2147483647 2147483647 gsm|lte
03-26 16:02:13.446  3683  3683 D SignalClusterView: vpn: VISIBLE
03-26 16:02:13.447  3683  3683 D SignalClusterView: wifi=G,stat_sys_wifi_signal_connected_0 air=G,stat_sys_signal_flightmode data[0]=V,stat_sys_data_connected_4g sig[0]=V,cdma_stat_sys_s1_5signal_4 data[1]=G,(null) sig[1]=V,cdma_stat_sys_s2_5signal_5
03-26 16:02:13.447  3683  3683 D SignalClusterView: vpn: VISIBLE
03-26 16:02:13.447  3683  3683 D SignalClusterView: wifi=G,stat_sys_wifi_signal_connected_0 air=G,stat_sys_signal_flightmode data[0]=V,stat_sys_data_connected_4g sig[0]=V,cdma_stat_sys_s1_5signal_4 data[1]=G,(null) sig[1]=V,cdma_stat_sys_s2_5signal_5
03-26 16:02:13.448  1824  1824 D HtcASN_1.1: Keep  0: type=4G mSimExist=true mFlightMode=false HtcLevel=4
03-26 16:02:13.455  4341  4380 D PhoneInterfaceManager: [PhoneIntfMgr] getAllCellInfo: info = [CellInfoLte:{mRegistered=YES mTimeStampType=oem_ril mTimeStamp=134995273823310ns CellIdentityLte:{ mMcc=xxx mMnc=xxx mCi=xxx mPci=xxx mTac=xxx} CellSignalStrengthLte: ss=27 rsrp=-93 rsrq=-13 rssnr=2147483647 cqi=2147483647 ta=2147483647}, CellInfoLte:{mRegistered=NO mTimeStampType=oem_ril mTimeStamp=134995273823310ns CellIdentityLte:{ mMcc=xxx mMnc=xxx mCi=xxx mPci=xxx mTac=xxx} CellSignalStrengthLte: ss=23 rsrp=-102 rsrq=-20 rssnr=2147483647 cqi=2147483647 ta=2147483647}]
03-26 16:02:13.458  4341  4380 D PhoneInterfaceManager: [PhoneIntfMgr] getAllCellInfo: info is null, ignore
03-26 16:02:14.410  1824  3562 W SensorService: D/Accel(x, y, z, t) = ( -0.4,  -0.0,   9.8, 412402898ms), calendar = 1490515334, sys_time = 412402908ms
03-26 16:02:15.484  1824  2421 D BluetoothManagerService: Message: MESSAGE_BIND_PROFILE_SERVICE
03-26 16:02:15.679  1824  1824 D HtcASN_1.1: onSignalStrengthsChanged...
03-26 16:02:15.686  3683  3683 D NetworkController: [Strength][0][SubId:2][GSM] SignalStrength: 99 0 -120 -160 -120 -1 -1 24 -94 -11 30 2147483647 2147483647 gsm|lte
03-26 16:02:15.695  1824  1824 D HtcASN_1.1: Keep  0: type=4G mSimExist=true mFlightMode=false HtcLevel=3
03-26 16:02:15.698  3683  3683 D SignalClusterView: vpn: VISIBLE
03-26 16:02:15.700  3683  3683 D SignalClusterView: wifi=G,stat_sys_wifi_signal_connected_0 air=G,stat_sys_signal_flightmode data[0]=V,stat_sys_data_connected_4g sig[0]=V,cdma_stat_sys_s1_5signal_3 data[1]=G,(null) sig[1]=V,cdma_stat_sys_s2_5signal_5
03-26 16:02:15.700  3683  3683 D SignalClusterView: vpn: VISIBLE
03-26 16:02:15.701  3683  3683 D SignalClusterView: wifi=G,stat_sys_wifi_signal_connected_0 air=G,stat_sys_signal_flightmode data[0]=V,stat_sys_data_connected_4g sig[0]=V,cdma_stat_sys_s1_5signal_3 data[1]=G,(null) sig[1]=V,cdma_stat_sys_s2_5signal_5
03-26 16:02:15.728  4341 18132 D PhoneInterfaceManager: [PhoneIntfMgr] getAllCellInfo: info = [CellInfoLte:{mRegistered=YES mTimeStampType=oem_ril mTimeStamp=134997544657528ns CellIdentityLte:{ mMcc=xxx mMnc=xxx mCi=xxx mPci=xxx mTac=xxx} CellSignalStrengthLte: ss=26 rsrp=-93 rsrq=-10 rssnr=2147483647 cqi=2147483647 ta=2147483647}, CellInfoLte:{mRegistered=NO mTimeStampType=oem_ril mTimeStamp=134997544657528ns CellIdentityLte:{ mMcc=xxx mMnc=xxx mCi=xxx mPci=xxx mTac=xxx} CellSignalStrengthLte: ss=19 rsrp=-100 rsrq=-13 rssnr=2147483647 cqi=2147483647 ta=2147483647}, CellInfoLte:{mRegistered=NO mTimeStampType=oem_ril mTimeStamp=134997544657528ns CellIdentityLte:{ mMcc=xxx mMnc=xxx mCi=xxx mPci=xxx mTac=xxx} CellSignalStrengthLte: ss=18 rsrp=-106 rsrq=-18 rssnr=2147483647 cqi=2147483647 ta=2147483647}]
03-26 16:02:15.742  4341 18132 D PhoneInterfaceManager: [PhoneIntfMgr] getAllCellInfo: info is null, ignore
03-26 16:02:16.460  1824  3562 W SensorService: D/Accel(x, y, z, t) = ( -0.4,  -0.0,   9.7, 412404948ms), calendar = 1490515336, sys_time = 412404958ms
03-26 16:02:18.487  1824  2421 D BluetoothManagerService: Message: MESSAGE_BIND_PROFILE_SERVICE
03-26 16:02:18.510  1824  3562 W SensorService: D/Accel(x, y, z, t) = ( -0.4,  -0.0,   9.7, 412406998ms), calendar = 1490515338, sys_time = 412407008ms
03-26 16:02:18.530  1824  1843 I art     : Background sticky concurrent mark sweep GC freed 167942(13MB) AllocSpace objects, 8(224KB) LOS objects, 23% free, 46MB/60MB, paused 2.176ms total 129.235ms
03-26 16:02:20.153  1824  1824 D HtcASN_1.1: onSignalStrengthsChanged...
03-26 16:02:20.158  3683  3683 D NetworkController: [Strength][0][SubId:2][GSM] SignalStrength: 99 0 -120 -160 -120 -1 -1 24 -94 -11 26 2147483647 2147483647 gsm|lte
03-26 16:02:20.169  1824  1824 D HtcASN_1.1: Keep  0: type=4G mSimExist=true mFlightMode=false HtcLevel=3
03-26 16:02:20.171  3683  3683 D SignalClusterView: vpn: VISIBLE
03-26 16:02:20.172  3683  3683 D SignalClusterView: wifi=G,stat_sys_wifi_signal_connected_0 air=G,stat_sys_signal_flightmode data[0]=V,stat_sys_data_connected_4g sig[0]=V,cdma_stat_sys_s1_5signal_3 data[1]=G,(null) sig[1]=V,cdma_stat_sys_s2_5signal_5
03-26 16:02:20.172  3683  3683 D SignalClusterView: vpn: VISIBLE
03-26 16:02:20.173  3683  3683 D SignalClusterView: wifi=G,stat_sys_wifi_signal_connected_0 air=G,stat_sys_signal_flightmode data[0]=V,stat_sys_data_connected_4g sig[0]=V,cdma_stat_sys_s1_5signal_3 data[1]=G,(null) sig[1]=V,cdma_stat_sys_s2_5signal_5
03-26 16:02:20.208  4341  5670 D PhoneInterfaceManager: [PhoneIntfMgr] getAllCellInfo: info = [CellInfoLte:{mRegistered=YES mTimeStampType=oem_ril mTimeStamp=135002026235131ns CellIdentityLte:{ mMcc=xxx mMnc=xxx mCi=xxx mPci=xxx mTac=xxx} CellSignalStrengthLte: ss=25 rsrp=-93 rsrq=-10 rssnr=2147483647 cqi=2147483647 ta=2147483647}, CellInfoLte:{mRegistered=NO mTimeStampType=oem_ril mTimeStamp=135002026235131ns CellIdentityLte:{ mMcc=xxx mMnc=xxx mCi=xxx mPci=xxx mTac=xxx} CellSignalStrengthLte: ss=20 rsrp=-97 rsrq=-13 rssnr=2147483647 cqi=2147483647 ta=2147483647}]
03-26 16:02:20.216  4341  5670 D PhoneInterfaceManager: [PhoneIntfMgr] getAllCellInfo: info is null, ignore
03-26 16:02:20.301  1824  2418 E WifiStateMachine: syncGetLinkLayerStats return null, due to not ready
03-26 16:02:20.307  1824  2418 E KernelWakelockReader: neither /proc/wakelocks nor /d/wakeup_sources exists
03-26 16:02:20.309  1824  2418 W BatSI   : Couldn't get kernel wake lock stats
03-26 16:02:20.550  1824  3562 W SensorService: D/Accel(x, y, z, t) = ( -0.4,  -0.0,   9.7, 412409038ms), calendar = 1490515340, sys_time = 412409047ms
03-26 16:02:21.490  1824  2421 D BluetoothManagerService: Message: MESSAGE_BIND_PROFILE_SERVICE
03-26 16:02:21.502   452  1769 E NetlinkEvent: NetlinkEvent::FindParam(): Parameter 'TIME_NS' not found
03-26 16:02:21.502   452  1769 E NetlinkEvent: NetlinkEvent::FindParam(): Parameter 'UID' not found
03-26 16:02:21.794  1824  1824 D HtcASN_1.1: onSignalStrengthsChanged...
03-26 16:02:21.800  3683  3683 D NetworkController: [Strength][0][SubId:2][GSM] SignalStrength: 99 0 -120 -160 -120 -1 -1 24 -93 -10 54 2147483647 2147483647 gsm|lte
03-26 16:02:21.812  1824  1824 D HtcASN_1.1: Keep  0: type=4G mSimExist=true mFlightMode=false HtcLevel=4
03-26 16:02:21.815  3683  3683 D SignalClusterView: vpn: VISIBLE
03-26 16:02:21.816  3683  3683 D SignalClusterView: wifi=G,stat_sys_wifi_signal_connected_0 air=G,stat_sys_signal_flightmode data[0]=V,stat_sys_data_connected_4g sig[0]=V,cdma_stat_sys_s1_5signal_4 data[1]=G,(null) sig[1]=V,cdma_stat_sys_s2_5signal_5
03-26 16:02:21.816  3683  3683 D SignalClusterView: vpn: VISIBLE
03-26 16:02:21.817  3683  3683 D SignalClusterView: wifi=G,stat_sys_wifi_signal_connected_0 air=G,stat_sys_signal_flightmode data[0]=V,stat_sys_data_connected_4g sig[0]=V,cdma_stat_sys_s1_5signal_4 data[1]=G,(null) sig[1]=V,cdma_stat_sys_s2_5signal_5
03-26 16:02:21.853  3683  3683 D NetworkController: [DataActivity][1][GSM] NONE
03-26 16:02:21.862  3683  3683 D SignalClusterView: vpn: VISIBLE
03-26 16:02:21.863  3683  3683 D SignalClusterView: wifi=G,stat_sys_wifi_signal_connected_0 air=G,stat_sys_signal_flightmode data[0]=V,stat_sys_data_connected_4g sig[0]=V,cdma_stat_sys_s1_5signal_4 data[1]=G,(null) sig[1]=V,cdma_stat_sys_s2_5signal_5
03-26 16:02:21.864  3683  3683 D SignalClusterView: vpn: VISIBLE
03-26 16:02:21.864  3683  3683 D SignalClusterView: wifi=G,stat_sys_wifi_signal_connected_0 air=G,stat_sys_signal_flightmode data[0]=V,stat_sys_data_connected_4g sig[0]=V,cdma_stat_sys_s1_5signal_4 data[1]=G,(null) sig[1]=V,cdma_stat_sys_s2_5signal_5
03-26 16:02:21.866  3683  3683 D NetworkController: [DataActivity][0][GSM] NONE
03-26 16:02:21.873  3683  3683 D SignalClusterView: vpn: VISIBLE
03-26 16:02:21.874  3683  3683 D SignalClusterView: wifi=G,stat_sys_wifi_signal_connected_0 air=G,stat_sys_signal_flightmode data[0]=V,stat_sys_data_connected_4g sig[0]=V,cdma_stat_sys_s1_5signal_4 data[1]=G,(null) sig[1]=V,cdma_stat_sys_s2_5signal_5
03-26 16:02:21.874  3683  3683 D SignalClusterView: vpn: VISIBLE
03-26 16:02:21.874  3683  3683 D SignalClusterView: wifi=G,stat_sys_wifi_signal_connected_0 air=G,stat_sys_signal_flightmode data[0]=V,stat_sys_data_connected_4g sig[0]=V,cdma_stat_sys_s1_5signal_4 data[1]=G,(null) sig[1]=V,cdma_stat_sys_s2_5signal_5
03-26 16:02:21.879  3683  3683 D NetworkController: [DataActivity][1][GSM] DORMANT
03-26 16:02:21.885  4341  5670 D PhoneInterfaceManager: [PhoneIntfMgr] getAllCellInfo: info = [CellInfoLte:{mRegistered=YES mTimeStampType=oem_ril mTimeStamp=135002026235131ns CellIdentityLte:{ mMcc=xxx mMnc=xxx mCi=xxx mPci=xxx mTac=xxx} CellSignalStrengthLte: ss=25 rsrp=-93 rsrq=-10 rssnr=2147483647 cqi=2147483647 ta=2147483647}, CellInfoLte:{mRegistered=NO mTimeStampType=oem_ril mTimeStamp=135002026235131ns CellIdentityLte:{ mMcc=xxx mMnc=xxx mCi=xxx mPci=xxx mTac=xxx} CellSignalStrengthLte: ss=20 rsrp=-97 rsrq=-13 rssnr=2147483647 cqi=2147483647 ta=2147483647}]
03-26 16:02:21.885  4341  5670 D PhoneInterfaceManager: [PhoneIntfMgr] getAllCellInfo: info is null, ignore
03-26 16:02:21.896  3683  3683 D SignalClusterView: vpn: VISIBLE
03-26 16:02:21.897  3683  3683 D SignalClusterView: wifi=G,stat_sys_wifi_signal_connected_0 air=G,stat_sys_signal_flightmode data[0]=V,stat_sys_data_connected_4g sig[0]=V,cdma_stat_sys_s1_5signal_4 data[1]=G,(null) sig[1]=V,cdma_stat_sys_s2_5signal_5
03-26 16:02:21.897  3683  3683 D SignalClusterView: vpn: VISIBLE
03-26 16:02:21.897  3683  3683 D SignalClusterView: wifi=G,stat_sys_wifi_signal_connected_0 air=G,stat_sys_signal_flightmode data[0]=V,stat_sys_data_connected_4g sig[0]=V,cdma_stat_sys_s1_5signal_4 data[1]=G,(null) sig[1]=V,cdma_stat_sys_s2_5signal_5
03-26 16:02:21.900  3683  3683 D NetworkController: [DataActivity][0][GSM] DORMANT
03-26 16:02:21.908  3683  3683 D SignalClusterView: vpn: VISIBLE
03-26 16:02:21.909  3683  3683 D SignalClusterView: wifi=G,stat_sys_wifi_signal_connected_0 air=G,stat_sys_signal_flightmode data[0]=V,stat_sys_data_connected_4g sig[0]=V,cdma_stat_sys_s1_5signal_4 data[1]=G,(null) sig[1]=V,cdma_stat_sys_s2_5signal_5
03-26 16:02:21.909  3683  3683 D SignalClusterView: vpn: VISIBLE
03-26 16:02:21.909  3683  3683 D SignalClusterView: wifi=G,stat_sys_wifi_signal_connected_0 air=G,stat_sys_signal_flightmode data[0]=V,stat_sys_data_connected_4g sig[0]=V,cdma_stat_sys_s1_5signal_4 data[1]=G,(null) sig[1]=V,cdma_stat_sys_s2_5signal_5
03-26 16:02:22.600  1824  3562 W SensorService: D/Accel(x, y, z, t) = ( -0.4,  -0.0,   9.7, 412411088ms), calendar = 1490515342, sys_time = 412411098ms
03-26 16:02:24.494  1824  2421 D BluetoothManagerService: Message: MESSAGE_BIND_PROFILE_SERVICE
03-26 16:02:24.640  1824  3562 W SensorService: D/Accel(x, y, z, t) = ( -0.4,  -0.0,   9.8, 412413128ms), calendar = 1490515344, sys_time = 412413138ms
03-26 16:02:25.397  4559  9872 W PlatformStatsUtil: Could not retrieve Usage & Diagnostics setting. Giving up.
03-26 16:02:26.691  1824  3562 W SensorService: D/Accel(x, y, z, t) = ( -0.4,  -0.0,   9.7, 412415179ms), calendar = 1490515346, sys_time = 412415188ms
03-26 16:02:27.498  1824  2421 D BluetoothManagerService: Message: MESSAGE_BIND_PROFILE_SERVICE
03-26 16:02:28.743  6888  7114 D NetGuard.JNI: pselect ready 1
03-26 16:02:28.743  6888  7114 D NetGuard.JNI: nativeport_send (null)
03-26 16:02:28.744  6888  7114 D NetGuard.JNI: Packet v4 10.249.166.251/58875 > 52.84.203.49/80 proto 6 flags A uid -1
03-26 16:02:28.744  6888  7114 D NetGuard.JNI: TCP A 10.249.166.251/58875 > 52.84.203.49/80 seq 176622280 ack 3772137976 data 0 win 693 uid -1
03-26 16:02:28.744  6888  7114 W NetGuard.JNI: TCP A 10.249.166.251/58875 > 52.84.203.49/80 seq 176622280 ack 3772137976 data 0 win 693 uid -1 unknown session
03-26 16:02:28.744  6888  7114 D NetGuard.JNI: TCP sending RST to tun 52.84.203.49/58875 seq 3772137976 ack 0 data 0
03-26 16:02:28.746  6888  7114 D NetGuard.JNI: Loop thread 870c7930
03-26 16:02:28.746  6888  7114 D NetGuard.JNI: sessions ICMP 0 UDP 0 TCP 4 max 4/3276 idle 0 sdk 23
03-26 16:02:28.747  1824  3562 W SensorService: D/Accel(x, y, z, t) = ( -0.4,  -0.0,   9.7, 412417235ms), calendar = 1490515348, sys_time = 412417244ms
03-26 16:02:28.747   452  1769 E NetlinkEvent: NetlinkEvent::FindParam(): Parameter 'TIME_NS' not found
03-26 16:02:28.747   452  1769 E NetlinkEvent: NetlinkEvent::FindParam(): Parameter 'UID' not found
03-26 16:02:28.771  3683  3683 D NetworkController: [DataActivity][1][GSM] DORMANT
03-26 16:02:28.782  3683  3683 D SignalClusterView: vpn: VISIBLE
03-26 16:02:28.783  3683  3683 D SignalClusterView: wifi=G,stat_sys_wifi_signal_connected_0 air=G,stat_sys_signal_flightmode data[0]=V,stat_sys_data_connected_4g sig[0]=V,cdma_stat_sys_s1_5signal_4 data[1]=G,(null) sig[1]=V,cdma_stat_sys_s2_5signal_5
03-26 16:02:28.783  3683  3683 D SignalClusterView: vpn: VISIBLE
03-26 16:02:28.784  3683  3683 D SignalClusterView: wifi=G,stat_sys_wifi_signal_connected_0 air=G,stat_sys_signal_flightmode data[0]=V,stat_sys_data_connected_4g sig[0]=V,cdma_stat_sys_s1_5signal_4 data[1]=G,(null) sig[1]=V,cdma_stat_sys_s2_5signal_5
03-26 16:02:28.786  3683  3683 D NetworkController: [DataActivity][0][GSM] DORMANT
03-26 16:02:28.797  3683  3683 D SignalClusterView: vpn: VISIBLE
03-26 16:02:28.797  3683  3683 D SignalClusterView: wifi=G,stat_sys_wifi_signal_connected_0 air=G,stat_sys_signal_flightmode data[0]=V,stat_sys_data_connected_4g sig[0]=V,cdma_stat_sys_s1_5signal_4 data[1]=G,(null) sig[1]=V,cdma_stat_sys_s2_5signal_5
03-26 16:02:28.797  3683  3683 D SignalClusterView: vpn: VISIBLE
03-26 16:02:28.797  3683  3683 D SignalClusterView: wifi=G,stat_sys_wifi_signal_connected_0 air=G,stat_sys_signal_flightmode data[0]=V,stat_sys_data_connected_4g sig[0]=V,cdma_stat_sys_s1_5signal_4 data[1]=G,(null) sig[1]=V,cdma_stat_sys_s2_5signal_5
03-26 16:02:28.801  3683  3683 D NetworkController: [DataActivity][1][GSM] NONE
03-26 16:02:28.809  3683  3683 D SignalClusterView: vpn: VISIBLE
03-26 16:02:28.810  3683  3683 D SignalClusterView: wifi=G,stat_sys_wifi_signal_connected_0 air=G,stat_sys_signal_flightmode data[0]=V,stat_sys_data_connected_4g sig[0]=V,cdma_stat_sys_s1_5signal_4 data[1]=G,(null) sig[1]=V,cdma_stat_sys_s2_5signal_5
03-26 16:02:28.810  3683  3683 D SignalClusterView: vpn: VISIBLE
03-26 16:02:28.811  3683  3683 D SignalClusterView: wifi=G,stat_sys_wifi_signal_connected_0 air=G,stat_sys_signal_flightmode data[0]=V,stat_sys_data_connected_4g sig[0]=V,cdma_stat_sys_s1_5signal_4 data[1]=G,(null) sig[1]=V,cdma_stat_sys_s2_5signal_5
03-26 16:02:28.821  3683  3683 D NetworkController: [DataActivity][0][GSM] NONE
03-26 16:02:28.827  3683  3683 D SignalClusterView: vpn: VISIBLE
03-26 16:02:28.827  3683  3683 D SignalClusterView: wifi=G,stat_sys_wifi_signal_connected_0 air=G,stat_sys_signal_flightmode data[0]=V,stat_sys_data_connected_4g sig[0]=V,cdma_stat_sys_s1_5signal_4 data[1]=G,(null) sig[1]=V,cdma_stat_sys_s2_5signal_5
03-26 16:02:28.827  3683  3683 D SignalClusterView: vpn: VISIBLE
03-26 16:02:28.828  3683  3683 D SignalClusterView: wifi=G,stat_sys_wifi_signal_connected_0 air=G,stat_sys_signal_flightmode data[0]=V,stat_sys_data_connected_4g sig[0]=V,cdma_stat_sys_s1_5signal_4 data[1]=G,(null) sig[1]=V,cdma_stat_sys_s2_5signal_5
03-26 16:02:29.773  3683  3683 D NetworkController: [DataActivity][1][GSM] INOUT
03-26 16:02:29.778  3683  3683 D SignalClusterView: vpn: VISIBLE
03-26 16:02:29.779  3683  3683 D SignalClusterView: wifi=G,stat_sys_wifi_signal_connected_0 air=G,stat_sys_signal_flightmode data[0]=V,stat_sys_data_connected_4g sig[0]=V,cdma_stat_sys_s1_5signal_4 data[1]=G,(null) sig[1]=V,cdma_stat_sys_s2_5signal_5
03-26 16:02:29.779  3683  3683 D SignalClusterView: vpn: VISIBLE
03-26 16:02:29.779  3683  3683 D SignalClusterView: wifi=G,stat_sys_wifi_signal_connected_0 air=G,stat_sys_signal_flightmode data[0]=V,stat_sys_data_connected_4g sig[0]=V,cdma_stat_sys_s1_5signal_4 data[1]=G,(null) sig[1]=V,cdma_stat_sys_s2_5signal_5
03-26 16:02:29.783  3683  3683 D NetworkController: [DataActivity][0][GSM] INOUT
03-26 16:02:29.788  3683  3683 D SignalClusterView: vpn: VISIBLE
03-26 16:02:29.789  3683  3683 D SignalClusterView: wifi=G,stat_sys_wifi_signal_connected_0 air=G,stat_sys_signal_flightmode data[0]=V,stat_sys_data_inandout_4g sig[0]=V,cdma_stat_sys_s1_5signal_4 data[1]=G,(null) sig[1]=V,cdma_stat_sys_s2_5signal_5
03-26 16:02:29.789  3683  3683 D SignalClusterView: vpn: VISIBLE
03-26 16:02:29.790  3683  3683 D SignalClusterView: wifi=G,stat_sys_wifi_signal_connected_0 air=G,stat_sys_signal_flightmode data[0]=V,stat_sys_data_inandout_4g sig[0]=V,cdma_stat_sys_s1_5signal_4 data[1]=G,(null) sig[1]=V,cdma_stat_sys_s2_5signal_5
03-26 16:02:30.500  1824  2421 D BluetoothManagerService: Message: MESSAGE_BIND_PROFILE_SERVICE
03-26 16:02:30.779  3683  3683 D NetworkController: [DataActivity][1][GSM] NONE
03-26 16:02:30.781  1824  3562 W SensorService: D/Accel(x, y, z, t) = ( -0.4,  -0.0,   9.8, 412419269ms), calendar = 1490515350, sys_time = 412419278ms
03-26 16:02:30.786  3683  3683 D SignalClusterView: vpn: VISIBLE
03-26 16:02:30.787  3683  3683 D SignalClusterView: wifi=G,stat_sys_wifi_signal_connected_0 air=G,stat_sys_signal_flightmode data[0]=V,stat_sys_data_inandout_4g sig[0]=V,cdma_stat_sys_s1_5signal_4 data[1]=G,(null) sig[1]=V,cdma_stat_sys_s2_5signal_5
03-26 16:02:30.787  3683  3683 D SignalClusterView: vpn: VISIBLE
03-26 16:02:30.788  3683  3683 D SignalClusterView: wifi=G,stat_sys_wifi_signal_connected_0 air=G,stat_sys_signal_flightmode data[0]=V,stat_sys_data_inandout_4g sig[0]=V,cdma_stat_sys_s1_5signal_4 data[1]=G,(null) sig[1]=V,cdma_stat_sys_s2_5signal_5
03-26 16:02:30.790  3683  3683 D NetworkController: [DataActivity][0][GSM] NONE
03-26 16:02:30.800  3683  3683 D SignalClusterView: vpn: VISIBLE
03-26 16:02:30.800  3683  3683 D SignalClusterView: wifi=G,stat_sys_wifi_signal_connected_0 air=G,stat_sys_signal_flightmode data[0]=V,stat_sys_data_connected_4g sig[0]=V,cdma_stat_sys_s1_5signal_4 data[1]=G,(null) sig[1]=V,cdma_stat_sys_s2_5signal_5
03-26 16:02:30.800  3683  3683 D SignalClusterView: vpn: VISIBLE
03-26 16:02:30.801  3683  3683 D SignalClusterView: wifi=G,stat_sys_wifi_signal_connected_0 air=G,stat_sys_signal_flightmode data[0]=V,stat_sys_data_connected_4g sig[0]=V,cdma_stat_sys_s1_5signal_4 data[1]=G,(null) sig[1]=V,cdma_stat_sys_s2_5signal_5
03-26 16:02:32.749  6888  7114 D NetGuard.JNI: pselect timeout
03-26 16:02:32.749  6888  7114 D NetGuard.JNI: Loop thread 870c7930
03-26 16:02:32.749  6888  7114 W NetGuard.JNI: TCP socket from 10.1.10.1/51573 to 54.178.136.142/443 CLOSE_WAIT socket 251 idle 31/30 sec 
03-26 16:02:32.750  6888  7114 D NetGuard.JNI: TCP sending RST to tun 54.178.136.142/51573 seq 39884 ack 2586390390 data 0
03-26 16:02:32.750  6888  7114 W NetGuard.JNI: TCP socket from 10.1.10.1/51573 to 54.178.136.142/443 CLOSE_WAIT socket 251 close
03-26 16:02:32.750  6888  7114 D NetGuard.JNI: sessions ICMP 0 UDP 0 TCP 4 max 4/3276 idle 0 sdk 23
03-26 16:02:32.792  3683  3683 D NetworkController: [DataActivity][1][GSM] OUT
03-26 16:02:32.798  3683  3683 D SignalClusterView: vpn: VISIBLE
03-26 16:02:32.799  3683  3683 D SignalClusterView: wifi=G,stat_sys_wifi_signal_connected_0 air=G,stat_sys_signal_flightmode data[0]=V,stat_sys_data_connected_4g sig[0]=V,cdma_stat_sys_s1_5signal_4 data[1]=G,(null) sig[1]=V,cdma_stat_sys_s2_5signal_5
03-26 16:02:32.799  3683  3683 D SignalClusterView: vpn: VISIBLE
03-26 16:02:32.800  3683  3683 D SignalClusterView: wifi=G,stat_sys_wifi_signal_connected_0 air=G,stat_sys_signal_flightmode data[0]=V,stat_sys_data_connected_4g sig[0]=V,cdma_stat_sys_s1_5signal_4 data[1]=G,(null) sig[1]=V,cdma_stat_sys_s2_5signal_5
03-26 16:02:32.802  3683  3683 D NetworkController: [DataActivity][0][GSM] OUT
03-26 16:02:32.808  3683  3683 D SignalClusterView: vpn: VISIBLE
03-26 16:02:32.810  3683  3683 D SignalClusterView: wifi=G,stat_sys_wifi_signal_connected_0 air=G,stat_sys_signal_flightmode data[0]=V,stat_sys_data_out_4g sig[0]=V,cdma_stat_sys_s1_5signal_4 data[1]=G,(null) sig[1]=V,cdma_stat_sys_s2_5signal_5
03-26 16:02:32.810  3683  3683 D SignalClusterView: vpn: VISIBLE
03-26 16:02:32.810  3683  3683 D SignalClusterView: wifi=G,stat_sys_wifi_signal_connected_0 air=G,stat_sys_signal_flightmode data[0]=V,stat_sys_data_out_4g sig[0]=V,cdma_stat_sys_s1_5signal_4 data[1]=G,(null) sig[1]=V,cdma_stat_sys_s2_5signal_5
03-26 16:02:32.831  1824  3562 W SensorService: D/Accel(x, y, z, t) = ( -0.4,  -0.0,   9.8, 412421319ms), calendar = 1490515352, sys_time = 412421328ms
03-26 16:02:33.504  1824  2421 D BluetoothManagerService: Message: MESSAGE_BIND_PROFILE_SERVICE
03-26 16:02:33.794  3683  3683 D NetworkController: [DataActivity][1][GSM] INOUT
03-26 16:02:33.801  3683  3683 D SignalClusterView: vpn: VISIBLE
03-26 16:02:33.802  3683  3683 D SignalClusterView: wifi=G,stat_sys_wifi_signal_connected_0 air=G,stat_sys_signal_flightmode data[0]=V,stat_sys_data_out_4g sig[0]=V,cdma_stat_sys_s1_5signal_4 data[1]=G,(null) sig[1]=V,cdma_stat_sys_s2_5signal_5
03-26 16:02:33.802  3683  3683 D SignalClusterView: vpn: VISIBLE
03-26 16:02:33.802  3683  3683 D SignalClusterView: wifi=G,stat_sys_wifi_signal_connected_0 air=G,stat_sys_signal_flightmode data[0]=V,stat_sys_data_out_4g sig[0]=V,cdma_stat_sys_s1_5signal_4 data[1]=G,(null) sig[1]=V,cdma_stat_sys_s2_5signal_5
03-26 16:02:33.804  3683  3683 D NetworkController: [DataActivity][0][GSM] INOUT
03-26 16:02:33.810  3683  3683 D SignalClusterView: vpn: VISIBLE
03-26 16:02:33.810  3683  3683 D SignalClusterView: wifi=G,stat_sys_wifi_signal_connected_0 air=G,stat_sys_signal_flightmode data[0]=V,stat_sys_data_inandout_4g sig[0]=V,cdma_stat_sys_s1_5signal_4 data[1]=G,(null) sig[1]=V,cdma_stat_sys_s2_5signal_5
03-26 16:02:33.810  3683  3683 D SignalClusterView: vpn: VISIBLE
03-26 16:02:33.811  3683  3683 D SignalClusterView: wifi=G,stat_sys_wifi_signal_connected_0 air=G,stat_sys_signal_flightmode data[0]=V,stat_sys_data_inandout_4g sig[0]=V,cdma_stat_sys_s1_5signal_4 data[1]=G,(null) sig[1]=V,cdma_stat_sys_s2_5signal_5
03-26 16:02:34.737  1824  1824 D HtcASN_1.1: onSignalStrengthsChanged...
03-26 16:02:34.743  3683  3683 D NetworkController: [Strength][0][SubId:2][GSM] SignalStrength: 99 0 -120 -160 -120 -1 -1 26 -94 -10 48 2147483647 2147483647 gsm|lte
03-26 16:02:34.755  1824  1824 D HtcASN_1.1: Keep  0: type=4G mSimExist=true mFlightMode=false HtcLevel=3
03-26 16:02:34.757  3683  3683 D SignalClusterView: vpn: VISIBLE
03-26 16:02:34.758  3683  3683 D SignalClusterView: wifi=G,stat_sys_wifi_signal_connected_0 air=G,stat_sys_signal_flightmode data[0]=V,stat_sys_data_inandout_4g sig[0]=V,cdma_stat_sys_s1_5signal_3 data[1]=G,(null) sig[1]=V,cdma_stat_sys_s2_5signal_5
03-26 16:02:34.758  3683  3683 D SignalClusterView: vpn: VISIBLE
03-26 16:02:34.759  3683  3683 D SignalClusterView: wifi=G,stat_sys_wifi_signal_connected_0 air=G,stat_sys_signal_flightmode data[0]=V,stat_sys_data_inandout_4g sig[0]=V,cdma_stat_sys_s1_5signal_3 data[1]=G,(null) sig[1]=V,cdma_stat_sys_s2_5signal_5
03-26 16:02:34.773  4341  4380 D PhoneInterfaceManager: [PhoneIntfMgr] getAllCellInfo: info = [CellInfoLte:{mRegistered=YES mTimeStampType=oem_ril mTimeStamp=135016589032468ns CellIdentityLte:{ mMcc=xxx mMnc=xxx mCi=xxx mPci=xxx mTac=xxx} CellSignalStrengthLte: ss=24 rsrp=-93 rsrq=-9 rssnr=2147483647 cqi=2147483647 ta=2147483647}, CellInfoLte:{mRegistered=NO mTimeStampType=oem_ril mTimeStamp=135016589032468ns CellIdentityLte:{ mMcc=xxx mMnc=xxx mCi=xxx mPci=xxx mTac=xxx} CellSignalStrengthLte: ss=21 rsrp=-106 rsrq=-20 rssnr=2147483647 cqi=2147483647 ta=2147483647}, CellInfoLte:{mRegistered=NO mTimeStampType=oem_ril mTimeStamp=135016589032468ns CellIdentityLte:{ mMcc=xxx mMnc=xxx mCi=xxx mPci=xxx mTac=xxx} CellSignalStrengthLte: ss=22 rsrp=-100 rsrq=-19 rssnr=2147483647 cqi=2147483647 ta=2147483647}, CellInfoLte:{mRegistered=NO mTimeStampType=oem_ril mTimeStamp=135016589032468ns CellIdentityLte:{ mMcc=xxx mMnc=xxx mCi=xxx mPci=xxx mTac=xxx} CellSignalStrengthLte: ss=20 rsrp=-102 rsrq=-18 rssnr=2147483647 cqi=2147483647 ta=2147483647}, CellInfoLte:{mRegistered=NO mTimeStampType=oem_ril mTimeStamp=135016589032468ns CellIdentityLte:{ mMcc=xxx mMnc=xxx mCi=xxx mPci=xxx mTac=xxx} CellSignalStrengthLte: ss=22 rsrp=-99 rsrq=-16 rssnr=2147483647 cqi=2147483647 ta=2147483647}]
03-26 16:02:34.785  4341  4380 D PhoneInterfaceManager: [PhoneIntfMgr] getAllCellInfo: info is null, ignore
03-26 16:02:34.799  3683  3683 D NetworkController: [DataActivity][1][GSM] NONE
03-26 16:02:34.804  3683  3683 D SignalClusterView: vpn: VISIBLE
03-26 16:02:34.806  3683  3683 D SignalClusterView: wifi=G,stat_sys_wifi_signal_connected_0 air=G,stat_sys_signal_flightmode data[0]=V,stat_sys_data_inandout_4g sig[0]=V,cdma_stat_sys_s1_5signal_3 data[1]=G,(null) sig[1]=V,cdma_stat_sys_s2_5signal_5
03-26 16:02:34.806  3683  3683 D SignalClusterView: vpn: VISIBLE
03-26 16:02:34.806  3683  3683 D SignalClusterView: wifi=G,stat_sys_wifi_signal_connected_0 air=G,stat_sys_signal_flightmode data[0]=V,stat_sys_data_inandout_4g sig[0]=V,cdma_stat_sys_s1_5signal_3 data[1]=G,(null) sig[1]=V,cdma_stat_sys_s2_5signal_5
03-26 16:02:34.808  3683  3683 D NetworkController: [DataActivity][0][GSM] NONE
03-26 16:02:34.814  3683  3683 D SignalClusterView: vpn: VISIBLE
03-26 16:02:34.815  3683  3683 D SignalClusterView: wifi=G,stat_sys_wifi_signal_connected_0 air=G,stat_sys_signal_flightmode data[0]=V,stat_sys_data_connected_4g sig[0]=V,cdma_stat_sys_s1_5signal_3 data[1]=G,(null) sig[1]=V,cdma_stat_sys_s2_5signal_5
03-26 16:02:34.815  3683  3683 D SignalClusterView: vpn: VISIBLE
03-26 16:02:34.815  3683  3683 D SignalClusterView: wifi=G,stat_sys_wifi_signal_connected_0 air=G,stat_sys_signal_flightmode data[0]=V,stat_sys_data_connected_4g sig[0]=V,cdma_stat_sys_s1_5signal_3 data[1]=G,(null) sig[1]=V,cdma_stat_sys_s2_5signal_5
03-26 16:02:34.870  1824  3562 W SensorService: D/Accel(x, y, z, t) = ( -0.4,  -0.0,   9.8, 412423358ms), calendar = 1490515354, sys_time = 412423367ms
03-26 16:02:36.507  1824  2421 D BluetoothManagerService: Message: MESSAGE_BIND_PROFILE_SERVICE
03-26 16:02:36.921  1824  3562 W SensorService: D/Accel(x, y, z, t) = ( -0.4,  -0.0,   9.7, 412425409ms), calendar = 1490515356, sys_time = 412425419ms
03-26 16:02:38.973  1824  3562 W SensorService: D/Accel(x, y, z, t) = ( -0.4,  -0.0,   9.7, 412427461ms), calendar = 1490515358, sys_time = 412427470ms
03-26 16:02:39.509  1824  2421 D BluetoothManagerService: Message: MESSAGE_BIND_PROFILE_SERVICE
03-26 16:02:41.011  1824  3562 W SensorService: D/Accel(x, y, z, t) = ( -0.4,  -0.0,   9.7, 412429499ms), calendar = 1490515361, sys_time = 412429508ms
03-26 16:02:42.513  1824  2421 D BluetoothManagerService: Message: MESSAGE_BIND_PROFILE_SERVICE
03-26 16:02:42.921   452  1769 E NetlinkEvent: NetlinkEvent::FindParam(): Parameter 'TIME_NS' not found
03-26 16:02:42.921   452  1769 E NetlinkEvent: NetlinkEvent::FindParam(): Parameter 'UID' not found
03-26 16:02:43.060  1824  3562 W SensorService: D/Accel(x, y, z, t) = ( -0.4,  -0.0,   9.8, 412431548ms), calendar = 1490515363, sys_time = 412431557ms
03-26 16:02:43.158  3683  3683 D NetworkController: [DataActivity][1][GSM] NONE
03-26 16:02:43.164  3683  3683 D SignalClusterView: vpn: VISIBLE
03-26 16:02:43.164  3683  3683 D SignalClusterView: wifi=G,stat_sys_wifi_signal_connected_0 air=G,stat_sys_signal_flightmode data[0]=V,stat_sys_data_connected_4g sig[0]=V,cdma_stat_sys_s1_5signal_3 data[1]=G,(null) sig[1]=V,cdma_stat_sys_s2_5signal_5
03-26 16:02:43.164  3683  3683 D SignalClusterView: vpn: VISIBLE
03-26 16:02:43.165  3683  3683 D SignalClusterView: wifi=G,stat_sys_wifi_signal_connected_0 air=G,stat_sys_signal_flightmode data[0]=V,stat_sys_data_connected_4g sig[0]=V,cdma_stat_sys_s1_5signal_3 data[1]=G,(null) sig[1]=V,cdma_stat_sys_s2_5signal_5
03-26 16:02:43.167  3683  3683 D NetworkController: [DataActivity][0][GSM] NONE
03-26 16:02:43.172  3683  3683 D SignalClusterView: vpn: VISIBLE
03-26 16:02:43.173  3683  3683 D SignalClusterView: wifi=G,stat_sys_wifi_signal_connected_0 air=G,stat_sys_signal_flightmode data[0]=V,stat_sys_data_connected_4g sig[0]=V,cdma_stat_sys_s1_5signal_3 data[1]=G,(null) sig[1]=V,cdma_stat_sys_s2_5signal_5
03-26 16:02:43.173  3683  3683 D SignalClusterView: vpn: VISIBLE
03-26 16:02:43.173  3683  3683 D SignalClusterView: wifi=G,stat_sys_wifi_signal_connected_0 air=G,stat_sys_signal_flightmode data[0]=V,stat_sys_data_connected_4g sig[0]=V,cdma_stat_sys_s1_5signal_3 data[1]=G,(null) sig[1]=V,cdma_stat_sys_s2_5signal_5
03-26 16:02:43.176  3683  3683 D NetworkController: [DataActivity][1][GSM] DORMANT
03-26 16:02:43.190  3683  3683 D SignalClusterView: vpn: VISIBLE
03-26 16:02:43.190  3683  3683 D SignalClusterView: wifi=G,stat_sys_wifi_signal_connected_0 air=G,stat_sys_signal_flightmode data[0]=V,stat_sys_data_connected_4g sig[0]=V,cdma_stat_sys_s1_5signal_3 data[1]=G,(null) sig[1]=V,cdma_stat_sys_s2_5signal_5
03-26 16:02:43.190  3683  3683 D SignalClusterView: vpn: VISIBLE
03-26 16:02:43.191  3683  3683 D SignalClusterView: wifi=G,stat_sys_wifi_signal_connected_0 air=G,stat_sys_signal_flightmode data[0]=V,stat_sys_data_connected_4g sig[0]=V,cdma_stat_sys_s1_5signal_3 data[1]=G,(null) sig[1]=V,cdma_stat_sys_s2_5signal_5
03-26 16:02:43.193  3683  3683 D NetworkController: [DataActivity][0][GSM] DORMANT
03-26 16:02:43.200  3683  3683 D SignalClusterView: vpn: VISIBLE
03-26 16:02:43.200  3683  3683 D SignalClusterView: wifi=G,stat_sys_wifi_signal_connected_0 air=G,stat_sys_signal_flightmode data[0]=V,stat_sys_data_connected_4g sig[0]=V,cdma_stat_sys_s1_5signal_3 data[1]=G,(null) sig[1]=V,cdma_stat_sys_s2_5signal_5
03-26 16:02:43.200  3683  3683 D SignalClusterView: vpn: VISIBLE
03-26 16:02:43.201  3683  3683 D SignalClusterView: wifi=G,stat_sys_wifi_signal_connected_0 air=G,stat_sys_signal_flightmode data[0]=V,stat_sys_data_connected_4g sig[0]=V,cdma_stat_sys_s1_5signal_3 data[1]=G,(null) sig[1]=V,cdma_stat_sys_s2_5signal_5
03-26 16:02:43.935  1824  1824 D HtcASN_1.1: onSignalStrengthsChanged...
03-26 16:02:43.942  3683  3683 D NetworkController: [Strength][0][SubId:2][GSM] SignalStrength: 99 0 -120 -160 -120 -1 -1 24 -94 -10 48 2147483647 2147483647 gsm|lte
03-26 16:02:43.953  1824  1824 D HtcASN_1.1: Keep  0: type=4G mSimExist=true mFlightMode=false HtcLevel=3
03-26 16:02:43.956  3683  3683 D SignalClusterView: vpn: VISIBLE
03-26 16:02:43.958  3683  3683 D SignalClusterView: wifi=G,stat_sys_wifi_signal_connected_0 air=G,stat_sys_signal_flightmode data[0]=V,stat_sys_data_connected_4g sig[0]=V,cdma_stat_sys_s1_5signal_3 data[1]=G,(null) sig[1]=V,cdma_stat_sys_s2_5signal_5
03-26 16:02:43.958  3683  3683 D SignalClusterView: vpn: VISIBLE
03-26 16:02:43.959  3683  3683 D SignalClusterView: wifi=G,stat_sys_wifi_signal_connected_0 air=G,stat_sys_signal_flightmode data[0]=V,stat_sys_data_connected_4g sig[0]=V,cdma_stat_sys_s1_5signal_3 data[1]=G,(null) sig[1]=V,cdma_stat_sys_s2_5signal_5
03-26 16:02:43.979  4341  6440 D PhoneInterfaceManager: [PhoneIntfMgr] getAllCellInfo: info = [CellInfoLte:{mRegistered=YES mTimeStampType=oem_ril mTimeStamp=135025794587882ns CellIdentityLte:{ mMcc=xxx mMnc=xxx mCi=xxx mPci=xxx mTac=xxx} CellSignalStrengthLte: ss=26 rsrp=-93 rsrq=-9 rssnr=2147483647 cqi=2147483647 ta=2147483647}, CellInfoLte:{mRegistered=NO mTimeStampType=oem_ril mTimeStamp=135025794587882ns CellIdentityLte:{ mMcc=xxx mMnc=xxx mCi=xxx mPci=xxx mTac=xxx} CellSignalStrengthLte: ss=19 rsrp=-109 rsrq=-20 rssnr=2147483647 cqi=2147483647 ta=2147483647}, CellInfoLte:{mRegistered=NO mTimeStampType=oem_ril mTimeStamp=135025794587882ns CellIdentityLte:{ mMcc=xxx mMnc=xxx mCi=xxx mPci=xxx mTac=xxx} CellSignalStrengthLte: ss=20 rsrp=-111 rsrq=-20 rssnr=2147483647 cqi=2147483647 ta=2147483647}, CellInfoLte:{mRegistered=NO mTimeStampType=oem_ril mTimeStamp=135025794587882ns CellIdentityLte:{ mMcc=xxx mMnc=xxx mCi=xxx mPci=xxx mTac=xxx} CellSignalStrengthLte: ss=19 rsrp=-102 rsrq=-15 rssnr=2147483647 cqi=2147483647 ta=2147483647}]
03-26 16:02:43.990  4341  6440 D PhoneInterfaceManager: [PhoneIntfMgr] getAllCellInfo: info is null, ignore
03-26 16:02:45.102  1824  3562 W SensorService: D/Accel(x, y, z, t) = ( -0.4,  -0.0,   9.8, 412433590ms), calendar = 1490515365, sys_time = 412433599ms
03-26 16:02:45.516  1824  2421 D BluetoothManagerService: Message: MESSAGE_BIND_PROFILE_SERVICE
03-26 16:02:47.151  1824  3562 W SensorService: D/Accel(x, y, z, t) = ( -0.4,  -0.0,   9.7, 412435639ms), calendar = 1490515367, sys_time = 412435649ms
03-26 16:02:48.520  1824  2421 D BluetoothManagerService: Message: MESSAGE_BIND_PROFILE_SERVICE
03-26 16:02:49.191  1824  3562 W SensorService: D/Accel(x, y, z, t) = ( -0.4,  -0.0,   9.7, 412437679ms), calendar = 1490515369, sys_time = 412437688ms
03-26 16:02:50.355  1824  1824 D HtcASN_1.1: onSignalStrengthsChanged...
03-26 16:02:50.383  3683  3683 D NetworkController: [Strength][0][SubId:2][GSM] SignalStrength: 99 0 -120 -160 -120 -1 -1 26 -94 -10 32 2147483647 2147483647 gsm|lte
03-26 16:02:50.417  1824  1824 D HtcASN_1.1: Keep  0: type=4G mSimExist=true mFlightMode=false HtcLevel=3
03-26 16:02:50.424  3683  3683 D SignalClusterView: vpn: VISIBLE
03-26 16:02:50.428  3683  3683 D SignalClusterView: wifi=G,stat_sys_wifi_signal_connected_0 air=G,stat_sys_signal_flightmode data[0]=V,stat_sys_data_connected_4g sig[0]=V,cdma_stat_sys_s1_5signal_3 data[1]=G,(null) sig[1]=V,cdma_stat_sys_s2_5signal_5
03-26 16:02:50.428  3683  3683 D SignalClusterView: vpn: VISIBLE
03-26 16:02:50.431  3683  3683 D SignalClusterView: wifi=G,stat_sys_wifi_signal_connected_0 air=G,stat_sys_signal_flightmode data[0]=V,stat_sys_data_connected_4g sig[0]=V,cdma_stat_sys_s1_5signal_3 data[1]=G,(null) sig[1]=V,cdma_stat_sys_s2_5signal_5
03-26 16:02:50.455  4341  5672 D PhoneInterfaceManager: [PhoneIntfMgr] getAllCellInfo: info = [CellInfoLte:{mRegistered=YES mTimeStampType=oem_ril mTimeStamp=135032272286682ns CellIdentityLte:{ mMcc=xxx mMnc=xxx mCi=xxx mPci=xxx mTac=xxx} CellSignalStrengthLte: ss=25 rsrp=-93 rsrq=-10 rssnr=2147483647 cqi=2147483647 ta=2147483647}, CellInfoLte:{mRegistered=NO mTimeStampType=oem_ril mTimeStamp=135032272286682ns CellIdentityLte:{ mMcc=xxx mMnc=xxx mCi=xxx mPci=xxx mTac=xxx} CellSignalStrengthLte: ss=19 rsrp=-99 rsrq=-14 rssnr=2147483647 cqi=2147483647 ta=2147483647}, CellInfoLte:{mRegistered=NO mTimeStampType=oem_ril mTimeStamp=135032272286682ns CellIdentityLte:{ mMcc=xxx mMnc=xxx mCi=xxx mPci=xxx mTac=xxx} CellSignalStrengthLte: ss=19 rsrp=-102 rsrq=-17 rssnr=2147483647 cqi=2147483647 ta=2147483647}, CellInfoLte:{mRegistered=NO mTimeStampType=oem_ril mTimeStamp=135032272286682ns CellIdentityLte:{ mMcc=xxx mMnc=xxx mCi=xxx mPci=xxx mTac=xxx} CellSignalStrengthLte: ss=20 rsrp=-98 rsrq=-15 rssnr=2147483647 cqi=2147483647 ta=2147483647}]
03-26 16:02:50.462  4341  5672 D PhoneInterfaceManager: [PhoneIntfMgr] getAllCellInfo: info is null, ignore
03-26 16:02:51.242  1824  3562 W SensorService: D/Accel(x, y, z, t) = ( -0.4,  -0.0,   9.8, 412439730ms), calendar = 1490515371, sys_time = 412439739ms
03-26 16:02:51.453  1824  4413 D PMS     : acquireWL(5290a03): PARTIAL_WAKE_LOCK  BatteryServiceUpdateStats_3 0x1 1824 1000 null
03-26 16:02:51.458  1824  4413 I BatteryService: n_update end
03-26 16:02:51.471  1824  1824 I BatteryLightController: updateBattery(plugged=true plugin=true low=false full=false health=2 status=2 timeout=false usbOverheat=false)
03-26 16:02:51.471  1824  1824 D UsbnetService: BroadcastReceiver::onReceive+
03-26 16:02:51.471  1824  1824 D UsbnetService: onReceive BATTERY_CHANGED
03-26 16:02:51.471  1824  1824 D UsbnetService:  --> pluggedType = 2, mPluggedType = 0, mScreenOff = false
03-26 16:02:51.471  1824  1824 D UsbnetService: BroadcastReceiver::onReceive-
03-26 16:02:51.471  1824  1824 I DeviceIdleController: updateChargingLocked: charging=true
03-26 16:02:51.471  1824  1824 W DeviceIdleController: becomeActiveLocked, reason = charging
03-26 16:02:51.476  3683  3683 D PowerUI : closing low battery warning: level=61
03-26 16:02:51.479  4183  4183 D DotMatrix: [EventService] reorderCurrEventType, mCurrentEventType = 30, version:2.1
03-26 16:02:51.479  4183  4183 D DotMatrix: [EventService] checkEventUpdateCondition, bCheckCondition:true, mCoverOn:false,mbIsUserInForeground:true,mbIsDeviceSupportDotView:true
03-26 16:02:51.487  1824  2426 D HtcPowerSaver: updateBatteryInfo
03-26 16:02:51.487  1824  4413 D PMS     : releaseWL(5290a03): PARTIAL_WAKE_LOCK  BatteryServiceUpdateStats_3 0x1 null
03-26 16:02:51.495  1824  1824 D PMS     : runPSCheck
03-26 16:02:51.495  1824  1824 D HtcPowerSaver: Checking...
03-26 16:02:51.495  1824  1824 I HtcPowerSaver: >> updateStatus
03-26 16:02:51.496  1824  1824 I HtcPowerSaver: << updateStatus
03-26 16:02:51.522  1824  2421 D BluetoothManagerService: Message: MESSAGE_BIND_PROFILE_SERVICE
03-26 16:02:51.542  3683  3683 I QuickSettingPowerSaver: updateEnabledState:(false,false,false)
03-26 16:02:51.542  3683  3683 I QuickSettingPowerSaverEX: batteryLevelChanged:true
03-26 16:02:51.542  3683  3683 I QuickSettingPowerSaverEX: updateEnabledState:(false,false,false)
03-26 16:02:51.544  3683  3683 I BatteryController: status:2 health:2 level:61 unsupport:false plugged:true timeout:false
03-26 16:02:51.555  3683  3683 I RemoteViews: apply(37,3)/com.android.systemui
03-26 16:02:51.555  4183  4647 D DotMatrix: [NotificationService] onNotificationPosted, pkgName: com.android.systemui, id: 2130838304, isClearable: false, isForDotMatrix: false
03-26 16:02:51.571  3683  3683 W ResourceType: No package identifier when getting value for resource number 0x00000000
03-26 16:02:51.572  3683  3683 E Icon    : Unable to load resource 0x00000000 from pkg=
03-26 16:02:51.572  3683  3683 E Icon    : android.content.res.Resources$NotFoundException: Resource ID #0x0
03-26 16:02:51.572  3683  3683 E Icon    : 	at android.content.res.Resources.getValue(Resources.java:1359)
03-26 16:02:51.572  3683  3683 E Icon    : 	at android.content.res.Resources.getDrawable(Resources.java:812)
03-26 16:02:51.572  3683  3683 E Icon    : 	at android.graphics.drawable.Icon.loadDrawableInner(Icon.java:313)
03-26 16:02:51.572  3683  3683 E Icon    : 	at android.graphics.drawable.Icon.loadDrawable(Icon.java:269)
03-26 16:02:51.572  3683  3683 E Icon    : 	at android.widget.RemoteViews$TextViewDrawableAction.apply(RemoteViews.java:1502)
03-26 16:02:51.572  3683  3683 E Icon    : 	at android.widget.RemoteViews.performApply(RemoteViews.java:2805)
03-26 16:02:51.572  3683  3683 E Icon    : 	at android.widget.RemoteViews.apply(RemoteViews.java:2764)
03-26 16:02:51.572  3683  3683 E Icon    : 	at android.widget.RemoteViews$ViewGroupAction.apply(RemoteViews.java:1373)
03-26 16:02:51.572  3683  3683 E Icon    : 	at android.widget.RemoteViews.performApply(RemoteViews.java:2805)
03-26 16:02:51.572  3683  3683 E Icon    : 	at android.widget.RemoteViews.reapply(RemoteViews.java:2795)
03-26 16:02:51.572  3683  3683 E Icon    : 	at com.android.systemui.statusbar.BaseStatusBar.updateNotificationViews(BaseStatusBar.java:2168)
03-26 16:02:51.572  3683  3683 E Icon    : 	at com.android.systemui.statusbar.BaseStatusBar.updateNotification(BaseStatusBar.java:2044)
03-26 16:02:51.572  3683  3683 E Icon    : 	at com.android.systemui.statusbar.BaseStatusBar$6$2.run(BaseStatusBar.java:513)
03-26 16:02:51.572  3683  3683 E Icon    : 	at android.os.Handler.handleCallback(Handler.java:739)
03-26 16:02:51.572  3683  3683 E Icon    : 	at android.os.Handler.dispatchMessage(Handler.java:95)
03-26 16:02:51.572  3683  3683 E Icon    : 	at android.os.Looper.loop(Looper.java:168)
03-26 16:02:51.572  3683  3683 E Icon    : 	at android.app.ActivityThread.main(ActivityThread.java:5885)
03-26 16:02:51.572  3683  3683 E Icon    : 	at java.lang.reflect.Method.invoke(Native Method)
03-26 16:02:51.572  3683  3683 E Icon    : 	at com.android.internal.os.ZygoteInit$MethodAndArgsCaller.run(ZygoteInit.java:797)
03-26 16:02:51.572  3683  3683 E Icon    : 	at com.android.internal.os.ZygoteInit.main(ZygoteInit.java:687)
03-26 16:02:51.572  3683  3683 I RemoteViews: apply(5,2)/com.android.systemui
03-26 16:02:51.573  3683  3683 I RemoteViews: apply(43,7)/com.android.systemui
03-26 16:02:51.576  3683  3683 W ResourceType: No package identifier when getting value for resource number 0x00000000
03-26 16:02:51.576  3683  3683 E Icon    : Unable to load resource 0x00000000 from pkg=
03-26 16:02:51.576  3683  3683 E Icon    : android.content.res.Resources$NotFoundException: Resource ID #0x0
03-26 16:02:51.576  3683  3683 E Icon    : 	at android.content.res.Resources.getValue(Resources.java:1359)
03-26 16:02:51.576  3683  3683 E Icon    : 	at android.content.res.Resources.getDrawable(Resources.java:812)
03-26 16:02:51.576  3683  3683 E Icon    : 	at android.graphics.drawable.Icon.loadDrawableInner(Icon.java:313)
03-26 16:02:51.576  3683  3683 E Icon    : 	at android.graphics.drawable.Icon.loadDrawable(Icon.java:269)
03-26 16:02:51.576  3683  3683 E Icon    : 	at android.widget.RemoteViews$TextViewDrawableAction.apply(RemoteViews.java:1502)
03-26 16:02:51.576  3683  3683 E Icon    : 	at android.widget.RemoteViews.performApply(RemoteViews.java:2805)
03-26 16:02:51.576  3683  3683 E Icon    : 	at android.widget.RemoteViews.apply(RemoteViews.java:2764)
03-26 16:02:51.576  3683  3683 E Icon    : 	at android.widget.RemoteViews$ViewGroupAction.apply(RemoteViews.java:1373)
03-26 16:02:51.576  3683  3683 E Icon    : 	at android.widget.RemoteViews.performApply(RemoteViews.java:2805)
03-26 16:02:51.576  3683  3683 E Icon    : 	at android.widget.RemoteViews.reapply(RemoteViews.java:2795)
03-26 16:02:51.576  3683  3683 E Icon    : 	at com.android.systemui.statusbar.BaseStatusBar.updateNotificationViews(BaseStatusBar.java:2175)
03-26 16:02:51.576  3683  3683 E Icon    : 	at com.android.systemui.statusbar.BaseStatusBar.updateNotification(BaseStatusBar.java:2044)
03-26 16:02:51.576  3683  3683 E Icon    : 	at com.android.systemui.statusbar.BaseStatusBar$6$2.run(BaseStatusBar.java:513)
03-26 16:02:51.576  3683  3683 E Icon    : 	at android.os.Handler.handleCallback(Handler.java:739)
03-26 16:02:51.576  3683  3683 E Icon    : 	at android.os.Handler.dispatchMessage(Handler.java:95)
03-26 16:02:51.576  3683  3683 E Icon    : 	at android.os.Looper.loop(Looper.java:168)
03-26 16:02:51.576  3683  3683 E Icon    : 	at android.app.ActivityThread.main(ActivityThread.java:5885)
03-26 16:02:51.576  3683  3683 E Icon    : 	at java.lang.reflect.Method.invoke(Native Method)
03-26 16:02:51.576  3683  3683 E Icon    : 	at com.android.internal.os.ZygoteInit$MethodAndArgsCaller.run(ZygoteInit.java:797)
03-26 16:02:51.576  3683  3683 E Icon    : 	at com.android.internal.os.ZygoteInit.main(ZygoteInit.java:687)
03-26 16:02:51.577  3683  3683 I RemoteViews: apply(5,1)/com.android.systemui
03-26 16:02:51.577  3683  3683 I RemoteViews: apply(43,4)/com.android.systemui
03-26 16:02:51.578  3683  3683 I PhoneStatusBar: updateEmptyShade(true,true)
03-26 16:02:51.578  3683  3683 I NotificationStackScrollLayout: setBlockTouch:false
03-26 16:02:51.589  1824  4396 D PMS     : acquireWL(d9cffb9): PARTIAL_WAKE_LOCK  BatteryServiceUpdateStats_3 0x1 1824 1000 null
03-26 16:02:51.590  1824  4396 I BatteryService: n_update end
03-26 16:02:51.590  1824  4396 D PMS     : releaseWL(d9cffb9): PARTIAL_WAKE_LOCK  BatteryServiceUpdateStats_3 0x1 null
03-26 16:02:51.591  1824  2426 D HtcPowerSaver: updateBatteryInfo
03-26 16:02:51.591  1824  1824 D PMS     : runPSCheck
03-26 16:02:51.591  1824  1824 D HtcPowerSaver: Checking...
03-26 16:02:51.591  1824  1824 I HtcPowerSaver: >> updateStatus
03-26 16:02:51.592  1824  1824 I HtcPowerSaver: << updateStatus
03-26 16:02:51.592  1824  1824 I BatteryLightController: updateBattery(plugged=true plugin=true low=false full=false health=2 status=2 timeout=false usbOverheat=false)
03-26 16:02:51.592  1824  1824 D UsbnetService: BroadcastReceiver::onReceive+
03-26 16:02:51.592  1824  1824 D UsbnetService: onReceive BATTERY_CHANGED
03-26 16:02:51.592  1824  1824 D UsbnetService:  --> pluggedType = 2, mPluggedType = 0, mScreenOff = false
03-26 16:02:51.592  1824  1824 D UsbnetService: BroadcastReceiver::onReceive-
03-26 16:02:51.592  1824  1824 I DeviceIdleController: updateChargingLocked: charging=true
03-26 16:02:51.592  1824  1824 W DeviceIdleController: becomeActiveLocked, reason = charging
03-26 16:02:51.593  3683  3683 D PowerUI : closing low battery warning: level=61
03-26 16:02:51.594  4183  4183 D DotMatrix: [EventService] reorderCurrEventType, mCurrentEventType = 30, version:2.1
03-26 16:02:51.594  4183  4183 D DotMatrix: [EventService] checkEventUpdateCondition, bCheckCondition:true, mCoverOn:false,mbIsUserInForeground:true,mbIsDeviceSupportDotView:true
03-26 16:02:51.605  3683  3683 I QuickSettingPowerSaver: updateEnabledState:(false,false,false)
03-26 16:02:51.605  3683  3683 I QuickSettingPowerSaverEX: batteryLevelChanged:true
03-26 16:02:51.605  3683  3683 I QuickSettingPowerSaverEX: updateEnabledState:(false,false,false)
03-26 16:02:51.608  3683  3683 I BatteryController: status:2 health:2 level:61 unsupport:false plugged:true timeout:false
03-26 16:02:51.612  4183  4194 D DotMatrix: [NotificationService] onNotificationPosted, pkgName: com.android.systemui, id: 2130838304, isClearable: false, isForDotMatrix: false
03-26 16:02:51.622  3683  3683 I RemoteViews: apply(37,3)/com.android.systemui
