03-26 16:00:21.225  1824  3577 D ConnectivityService: sending notification PRECHECK for NetworkRequest [ id=551, legacyType=-1, [ Capabilities: INTERNET&NOT_RESTRICTED&TRUSTED] ]
03-26 16:00:21.225  1824  4383 D ConnectivityService: returning Blocked NetworkInfo for ifname=rmnet0, uid=10010
03-26 16:00:21.225  1824  3577 D ConnectivityService: NetworkAgent connected
03-26 16:00:21.225  1824  3577 D ConnectivityService: setProvNotificationVisibleIntent null visible=false networkType=MOBILE extraInfo=null highPriority=false
03-26 16:00:21.225  1824  3577 D ConnectivityService: NetworkAgentInfo [VPN () - 334] validation  passed
03-26 16:00:21.226  1824  3577 D ConnectivityService: updateCapabilities: cap = ([ Transports: VPN Capabilities: INTERNET&NOT_RESTRICTED&TRUSTED&VALIDATED]), nai = (NetworkAgentInfo [VPN () - 334])
03-26 16:00:21.226  1824  3577 D ConnectivityService: rematching NetworkAgentInfo [MOBILE (LTE) - 289]
03-26 16:00:21.226  1824  4358 D ConnectivityService: returning Blocked NetworkInfo for ifname=rmnet0, uid=10010
03-26 16:00:21.226  1824  3577 D ConnectivityService:  network has: [ Transports: CELLULAR Capabilities: INTERNET&NOT_RESTRICTED&TRUSTED&NOT_VPN&VALIDATED LinkUpBandwidth>=51200Kbps LinkDnBandwidth>=102400Kbps Specifier: <2>]
03-26 16:00:21.226  1824  2415 D PMS     : acquireWL(a23b21c): PARTIAL_WAKE_LOCK  SyncLoopWakeLock 0x1 1824 1000 null
03-26 16:00:21.227  1824  3577 D ConnectivityService:   checking if request is satisfied: NetworkRequest [ id=486, legacyType=-1, [ Capabilities: INTERNET&NOT_RESTRICTED&TRUSTED] ]
03-26 16:00:21.227  1824  3577 D ConnectivityService:   checking if request is satisfied: NetworkRequest [ id=546, legacyType=-1, [ Capabilities: INTERNET&NOT_RESTRICTED&TRUSTED] ]
03-26 16:00:21.227  1824  3577 D ConnectivityService:   checking if request is satisfied: NetworkRequest [ id=104, legacyType=-1, [ Capabilities: INTERNET&NOT_RESTRICTED&TRUSTED] ]
03-26 16:00:21.228  1824  3577 D ConnectivityService: Network NetworkAgentInfo [MOBILE (LTE) - 289] was already satisfying request 1. No change.
03-26 16:00:21.228  1824  3577 D ConnectivityService:   checking if request is satisfied: NetworkRequest [ id=3, legacyType=-1, [] ]
03-26 16:00:21.228  1824  3577 D ConnectivityService:   checking if request is satisfied: NetworkRequest [ id=12, legacyType=-1, [ Capabilities: INTERNET&NOT_RESTRICTED&TRUSTED&NOT_VPN] ]
03-26 16:00:21.229  1824  3577 D ConnectivityService:   checking if request is satisfied: NetworkRequest [ id=545, legacyType=-1, [ Capabilities: INTERNET&NOT_RESTRICTED&TRUSTED] ]
03-26 16:00:21.230  1824  3577 D ConnectivityService:   checking if request is satisfied: NetworkRequest [ id=551, legacyType=-1, [ Capabilities: INTERNET&NOT_RESTRICTED&TRUSTED] ]
03-26 16:00:21.230  1824  3577 D ConnectivityService:   checking if request is satisfied: NetworkRequest [ id=18, legacyType=-1, [ Capabilities: INTERNET&NOT_RESTRICTED&TRUSTED] ]
03-26 16:00:21.230  1824  3577 D ConnectivityService:   checking if request is satisfied: NetworkRequest [ id=17, legacyType=-1, [ Capabilities: INTERNET&NOT_RESTRICTED&TRUSTED] ]
03-26 16:00:21.230  1824  3577 D ConnectivityService: rematching NetworkAgentInfo [VPN () - 334]
03-26 16:00:21.230  1824  3577 D ConnectivityService:  network has: [ Transports: VPN Capabilities: INTERNET&NOT_RESTRICTED&TRUSTED&VALIDATED]
03-26 16:00:21.230  1824  3577 D ConnectivityService:   checking if request is satisfied: NetworkRequest [ id=486, legacyType=-1, [ Capabilities: INTERNET&NOT_RESTRICTED&TRUSTED] ]
03-26 16:00:21.230  1824  3577 D ConnectivityService:   checking if request is satisfied: NetworkRequest [ id=546, legacyType=-1, [ Capabilities: INTERNET&NOT_RESTRICTED&TRUSTED] ]
03-26 16:00:21.230  1824  3577 D ConnectivityService:   checking if request is satisfied: NetworkRequest [ id=104, legacyType=-1, [ Capabilities: INTERNET&NOT_RESTRICTED&TRUSTED] ]
03-26 16:00:21.230  1824  3577 D NC      : satisfiedByNetworkCapabilities: false,true,true,true,true,false
03-26 16:00:21.230  1824  3577 D ConnectivityService:   checking if request is satisfied: NetworkRequest [ id=1, legacyType=-1, [ Capabilities: INTERNET&NOT_RESTRICTED&TRUSTED&NOT_VPN] ]
03-26 16:00:21.230  1824  3577 D ConnectivityService:   checking if request is satisfied: NetworkRequest [ id=3, legacyType=-1, [] ]
03-26 16:00:21.230  1824  3577 D NC      : satisfiedByNetworkCapabilities: false,true,true,true,true,false
03-26 16:00:21.231  1824  3577 D ConnectivityService:   checking if request is satisfied: NetworkRequest [ id=12, legacyType=-1, [ Capabilities: INTERNET&NOT_RESTRICTED&TRUSTED&NOT_VPN] ]
03-26 16:00:21.231  1824  3577 D ConnectivityService:   checking if request is satisfied: NetworkRequest [ id=545, legacyType=-1, [ Capabilities: INTERNET&NOT_RESTRICTED&TRUSTED] ]
03-26 16:00:21.231  1824  3577 D ConnectivityService:   checking if request is satisfied: NetworkRequest [ id=551, legacyType=-1, [ Capabilities: INTERNET&NOT_RESTRICTED&TRUSTED] ]
03-26 16:00:21.231  1824  3577 D ConnectivityService:   checking if request is satisfied: NetworkRequest [ id=18, legacyType=-1, [ Capabilities: INTERNET&NOT_RESTRICTED&TRUSTED] ]
03-26 16:00:21.231  1824  3577 D ConnectivityService:   checking if request is satisfied: NetworkRequest [ id=17, legacyType=-1, [ Capabilities: INTERNET&NOT_RESTRICTED&TRUSTED] ]
03-26 16:00:21.231  1824  3577 D ConnectivityService: notifyType CAP_CHANGED for NetworkAgentInfo [VPN () - 334]
03-26 16:00:21.231  1824  3577 D ConnectivityService:  sending notification for NetworkRequest [ id=3, legacyType=-1, [] ]
03-26 16:00:21.232  1824  3577 D ConnectivityService: sending notification CAP_CHANGED for NetworkRequest [ id=3, legacyType=-1, [] ]
03-26 16:00:21.232  1824  3577 D ConnectivityService:  sending notification for NetworkRequest [ id=17, legacyType=-1, [ Capabilities: INTERNET&NOT_RESTRICTED&TRUSTED] ]
03-26 16:00:21.235  1824  3577 D ConnectivityService: sending notification CAP_CHANGED for NetworkRequest [ id=17, legacyType=-1, [ Capabilities: INTERNET&NOT_RESTRICTED&TRUSTED] ]
03-26 16:00:21.235  1824  3577 D ConnectivityService:  sending notification for NetworkRequest [ id=18, legacyType=-1, [ Capabilities: INTERNET&NOT_RESTRICTED&TRUSTED] ]
03-26 16:00:21.236  1824  3577 D ConnectivityService: sending notification CAP_CHANGED for NetworkRequest [ id=18, legacyType=-1, [ Capabilities: INTERNET&NOT_RESTRICTED&TRUSTED] ]
03-26 16:00:21.236  1824  3577 D ConnectivityService:  sending notification for NetworkRequest [ id=104, legacyType=-1, [ Capabilities: INTERNET&NOT_RESTRICTED&TRUSTED] ]
03-26 16:00:21.236  1824  4314 D ConnectivityService: returning Blocked NetworkInfo for ifname=rmnet0, uid=10010
03-26 16:00:21.237  1824  3577 D ConnectivityService: sending notification CAP_CHANGED for NetworkRequest [ id=104, legacyType=-1, [ Capabilities: INTERNET&NOT_RESTRICTED&TRUSTED] ]
03-26 16:00:21.237  1824  3577 D ConnectivityService:  sending notification for NetworkRequest [ id=486, legacyType=-1, [ Capabilities: INTERNET&NOT_RESTRICTED&TRUSTED] ]
03-26 16:00:21.237  1824  3577 D ConnectivityService: sending notification CAP_CHANGED for NetworkRequest [ id=486, legacyType=-1, [ Capabilities: INTERNET&NOT_RESTRICTED&TRUSTED] ]
03-26 16:00:21.238  1824  3577 D ConnectivityService:  sending notification for NetworkRequest [ id=545, legacyType=-1, [ Capabilities: INTERNET&NOT_RESTRICTED&TRUSTED] ]
03-26 16:00:21.238  1824  3577 D ConnectivityService: sending notification CAP_CHANGED for NetworkRequest [ id=545, legacyType=-1, [ Capabilities: INTERNET&NOT_RESTRICTED&TRUSTED] ]
03-26 16:00:21.238  1824  3577 D ConnectivityService:  sending notification for NetworkRequest [ id=546, legacyType=-1, [ Capabilities: INTERNET&NOT_RESTRICTED&TRUSTED] ]
03-26 16:00:21.239  1824  3577 D ConnectivityService: sending notification CAP_CHANGED for NetworkRequest [ id=546, legacyType=-1, [ Capabilities: INTERNET&NOT_RESTRICTED&TRUSTED] ]
03-26 16:00:21.239  1824  3577 D ConnectivityService:  sending notification for NetworkRequest [ id=551, legacyType=-1, [ Capabilities: INTERNET&NOT_RESTRICTED&TRUSTED] ]
03-26 16:00:21.241  1824  8237 D PMS     : acquireWL(f1f8e25): PARTIAL_WAKE_LOCK  LocationService 0x1 1824 1000 null
03-26 16:00:21.241  1824  3577 D ConnectivityService: sending notification CAP_CHANGED for NetworkRequest [ id=551, legacyType=-1, [ Capabilities: INTERNET&NOT_RESTRICTED&TRUSTED] ]
03-26 16:00:21.241  1824  8237 D PMS     : releaseWL(f1f8e25): PARTIAL_WAKE_LOCK  LocationService 0x1 null
03-26 16:00:21.242  1824  4416 D ConnectivityService: returning Blocked NetworkInfo for ifname=rmnet0, uid=10010
03-26 16:00:21.244  1824  3572 D NetworkPolicy: Found template NetworkTemplate: matchRule=MOBILE_ALL, subscriberId=466924..., matchSubscriberIds=[466924...], non-charged apn type= which matches subscriber 466924...
03-26 16:00:21.244  1824  4409 D ConnectivityService: returning Blocked NetworkInfo for ifname=rmnet0, uid=10010
03-26 16:00:21.246  1824  4358 D ConnectivityService: returning Blocked NetworkInfo for ifname=rmnet0, uid=10010
03-26 16:00:21.247  1824  1892 D ConnectivityService: returning Blocked NetworkInfo for ifname=rmnet0, uid=10010
03-26 16:00:21.247  1824  4383 D ConnectivityService: returning Blocked NetworkInfo for ifname=rmnet0, uid=10010
03-26 16:00:21.248  1824  4409 D ConnectivityService: returning Blocked NetworkInfo for ifname=rmnet0, uid=10010
03-26 16:00:21.252  1824  4383 D ConnectivityService: returning Blocked NetworkInfo for ifname=rmnet0, uid=10078
03-26 16:00:21.253  1824  1896 D ConnectivityService: returning Blocked NetworkInfo for ifname=rmnet0, uid=10010
03-26 16:00:21.253  1824  4358 D ConnectivityService: returning Blocked NetworkInfo for ifname=rmnet0, uid=10010
03-26 16:00:21.254  1824  1896 D ConnectivityService: returning Blocked NetworkInfo for ifname=rmnet0, uid=10010
03-26 16:00:21.258  1824  4311 D PMS     : releaseWL(f489f8f): PARTIAL_WAKE_LOCK  NetworkTimeUpdateService 0x1 null
03-26 16:00:21.258  1824  4406 D ConnectivityService: returning Blocked NetworkInfo for ifname=rmnet0, uid=10105
03-26 16:00:21.258  1824  4358 D ConnectivityService: returning Blocked NetworkInfo for ifname=rmnet0, uid=10105
03-26 16:00:21.259  1824  4406 D ConnectivityService: returning Blocked NetworkInfo for ifname=rmnet0, uid=10010
03-26 16:00:21.260  1824  4358 D ConnectivityService: returning Blocked NetworkInfo for ifname=rmnet0, uid=10105
03-26 16:00:21.260  1824  3712 D ConnectivityService: returning Blocked NetworkInfo for ifname=rmnet0, uid=10078
03-26 16:00:21.261  1824  4406 D ConnectivityService: returning Blocked NetworkInfo for ifname=rmnet0, uid=10010
03-26 16:00:21.264  1824  3572 V NetworkPolicy: updateNetworkEnabledLocked()
03-26 16:00:21.264  1824  3572 V NetworkPolicy: updateNetworkRulesLocked()
03-26 16:00:21.265  1824  3572 D NetworkManagement: isBandwidthControlEnabled: doneSignal.getCount()= 0
03-26 16:00:21.265  1824  3572 D NetworkPolicy: applying policy NetworkPolicy[NetworkTemplate: matchRule=MOBILE_ALL, subscriberId=466924..., matchSubscriberIds=[466924...], non-charged apn type=]: cycleDay=24, cycleTimezone=Asia/Taipei, warningBytes=-1, limitBytes=-1, lastWarningSnooze=-1, lastLimitSnooze=-1, metered=true, inferred=false to ifaces [rmnet0]
03-26 16:00:21.265  1824  3572 D NetworkManagement: removeInterfaceQuota:rmnet0, bwc=true
03-26 16:00:21.307  1824  4409 D ConnectivityService: returning Blocked NetworkInfo for ifname=rmnet0, uid=10105
03-26 16:00:21.316  1824  4313 D ConnectivityService: returning Blocked NetworkInfo for ifname=rmnet0, uid=10105
03-26 16:00:21.317  1824  1892 D ConnectivityService: returning Blocked NetworkInfo for ifname=rmnet0, uid=10105
03-26 16:00:21.318  1824  2415 D PMS     : releaseWL(a23b21c): PARTIAL_WAKE_LOCK  SyncLoopWakeLock 0x1 null
03-26 16:00:21.335  1824  1892 D ConnectivityService: returning Blocked NetworkInfo for ifname=rmnet0, uid=10002
03-26 16:00:21.340  1824  2415 D PMS     : acquireWL(9dfe7a1): PARTIAL_WAKE_LOCK  GpsLocationProvider 0x1 1824 1000 null
03-26 16:00:21.358  1824  4416 D ConnectivityService: returning Blocked NetworkInfo for ifname=rmnet0, uid=10010
03-26 16:00:21.359  1824  4396 D ConnectivityService: returning Blocked NetworkInfo for ifname=rmnet0, uid=10010
03-26 16:00:21.415  1824  2415 D PMS     : releaseWL(9dfe7a1): PARTIAL_WAKE_LOCK  GpsLocationProvider 0x1 null
03-26 16:00:21.816  1824  3572 D NetworkManagement: isBandwidthControlEnabled: doneSignal.getCount()= 0
03-26 16:00:21.817  1824  3572 D NetworkManagement: isBandwidthControlEnabled: doneSignal.getCount()= 0
03-26 16:00:21.819  1824  4409 D ConnectivityService: returning Blocked NetworkInfo for ifname=rmnet0, uid=10010
03-26 16:00:21.820  1824  4406 D ConnectivityService: returning Blocked NetworkInfo for ifname=rmnet0, uid=10010
03-26 16:00:21.864  1824  4396 D ConnectivityService: returning Blocked NetworkInfo for ifname=rmnet0, uid=10142
03-26 16:00:21.882  1824  3712 D ConnectivityService: returning Blocked NetworkInfo for ifname=rmnet0, uid=10142
03-26 16:00:22.252  1824  6811 W ActivityManager:   Force finishing activity eu.faircode.netguard/.ActivityMain
03-26 16:00:22.253 27358 27358 F DEBUG   : 
03-26 16:00:22.253 27358 27358 F DEBUG   : Tombstone written to: /data/tombstones/tombstone_09
03-26 16:00:22.253  1824  2420 I BootReceiver: Copying /data/tombstones/tombstone_09 to DropBox (SYSTEM_TOMBSTONE)
03-26 16:00:22.308  1824  6811 D PMS     : acquireWL(77b1c20): PARTIAL_WAKE_LOCK  *launch* 0x1 1824 1000 WorkSource{10224}
03-26 16:00:22.318  1824  4413 I ActivityManager: Recipient 6077
03-26 16:00:22.318  1824  1892 I WindowState: WIN DEATH: Window{f046bd u0 eu.faircode.netguard/eu.faircode.netguard.ActivityMain}
03-26 16:00:22.368  1824  2417 D StatusBarManagerService: setSystemUiVisibility(0x8000)
03-26 16:00:22.368  1824  2417 D StatusBarManagerService: disable:userId=0 what=0x0 which=0x1 pkg=Window{7e326e4 u0 Application Error: eu.faircode.netguard}
03-26 16:00:22.368  1824  2417 D StatusBarManagerService: hiding MENU key
03-26 16:00:22.393   452  1770 E NetlinkEvent: Unknown ifindex 220 in RTM_DELADDR
03-26 16:00:22.500  1824  4413 I ActivityManager: Process eu.faircode.netguard (pid 6077) has died
03-26 16:00:22.500  1824  4413 W ActivityManager: Scheduling restart of crashed service eu.faircode.netguard/.SinkholeService in 1000ms
03-26 16:00:22.517  1824  3577 D ConnectivityService: NetworkAgentInfo [VPN () - 334] EVENT_NETWORK_INFO_CHANGED, going from CONNECTED to DISCONNECTED
03-26 16:00:22.518  1824  3577 D ConnectivityService: NetworkAgentInfo [VPN () - 334] got DISCONNECTED, was satisfying 8
03-26 16:00:22.518  1824  3577 D NetworkManagement: isBandwidthControlEnabled: doneSignal.getCount()= 0
03-26 16:00:22.518  1824  3577 D PMS     : acquireWL(8821713): PARTIAL_WAKE_LOCK  NetworkStats 0x1 1824 1000 null
03-26 16:00:22.633  1824  2417 D StatusBarManagerService: setSystemUiVisibility(0x80008000)
03-26 16:00:22.633  1824  2417 D StatusBarManagerService: disable:userId=0 what=0x0 which=0x1 pkg=Window{7e326e4 u0 Application Error: eu.faircode.netguard}
03-26 16:00:22.634  1824  2417 D StatusBarManagerService: hiding MENU key
03-26 16:00:22.636  1824  4406 D PMS     : releaseWL(77b1c20): PARTIAL_WAKE_LOCK  *launch* 0x1 WorkSource{2897}
03-26 16:00:22.692  1824  3572 V NetworkPolicy: updateNetworkEnabledLocked()
03-26 16:00:22.693  1824  3577 V NetworkStats: updateIfacesLocked(): isMetered = true, isMobile = true
03-26 16:00:22.694  1824  3577 V NetworkStats: updateIfacesLocked() activeIf={rmnet0=[{type=MOBILE, cap=[ Transports: CELLULAR Capabilities: INTERNET&NOT_RESTRICTED&TRUSTED&NOT_VPN&VALIDATED LinkUpBandwidth>=51200Kbps LinkDnBandwidth>=102400Kbps Specifier: <2>], subType=COMBINED, subscriberId=466924...}]}
03-26 16:00:22.694  1824  3577 D PMS     : releaseWL(8821713): PARTIAL_WAKE_LOCK  NetworkStats 0x1 null
03-26 16:00:22.695  1824  3577 D ConnectivityService: notifyType LOST for NetworkAgentInfo [VPN () - 334]
03-26 16:00:22.695  1824  3577 D ConnectivityService:  sending notification for NetworkRequest [ id=3, legacyType=-1, [] ]
03-26 16:00:22.696  1824  3577 D ConnectivityService: sending notification LOST for NetworkRequest [ id=3, legacyType=-1, [] ]
03-26 16:00:22.696  1824  3577 D ConnectivityService:  sending notification for NetworkRequest [ id=17, legacyType=-1, [ Capabilities: INTERNET&NOT_RESTRICTED&TRUSTED] ]
03-26 16:00:22.697  1824  3577 D ConnectivityService: sending notification LOST for NetworkRequest [ id=17, legacyType=-1, [ Capabilities: INTERNET&NOT_RESTRICTED&TRUSTED] ]
03-26 16:00:22.700  1824  4409 D ConnectivityService: returning Blocked NetworkInfo for ifname=rmnet0, uid=10010
03-26 16:00:22.700  1824  3572 D NetworkManagement: isBandwidthControlEnabled: doneSignal.getCount()= 0
03-26 16:00:22.701  1824  3577 D ConnectivityService:  sending notification for NetworkRequest [ id=18, legacyType=-1, [ Capabilities: INTERNET&NOT_RESTRICTED&TRUSTED] ]
03-26 16:00:22.702  1824  4412 D ConnectivityService: returning Blocked NetworkInfo for ifname=rmnet0, uid=10010
03-26 16:00:22.702  1824  3577 D ConnectivityService: sending notification LOST for NetworkRequest [ id=18, legacyType=-1, [ Capabilities: INTERNET&NOT_RESTRICTED&TRUSTED] ]
03-26 16:00:22.702  1824  4406 D ConnectivityService: returning Blocked NetworkInfo for ifname=rmnet0, uid=10010
03-26 16:00:22.703  1824  3577 D ConnectivityService:  sending notification for NetworkRequest [ id=104, legacyType=-1, [ Capabilities: INTERNET&NOT_RESTRICTED&TRUSTED] ]
03-26 16:00:22.704  1824  4413 D ConnectivityService: returning Blocked NetworkInfo for ifname=rmnet0, uid=10010
03-26 16:00:22.704  1824  3577 D ConnectivityService: sending notification LOST for NetworkRequest [ id=104, legacyType=-1, [ Capabilities: INTERNET&NOT_RESTRICTED&TRUSTED] ]
03-26 16:00:22.705  1824  4411 D ConnectivityService: returning Blocked NetworkInfo for ifname=rmnet0, uid=10010
03-26 16:00:22.705  1824  3577 D ConnectivityService:  sending notification for NetworkRequest [ id=486, legacyType=-1, [ Capabilities: INTERNET&NOT_RESTRICTED&TRUSTED] ]
03-26 16:00:22.706  1824  3577 D ConnectivityService: sending notification LOST for NetworkRequest [ id=486, legacyType=-1, [ Capabilities: INTERNET&NOT_RESTRICTED&TRUSTED] ]
03-26 16:00:22.706  1824  3577 D ConnectivityService:  sending notification for NetworkRequest [ id=545, legacyType=-1, [ Capabilities: INTERNET&NOT_RESTRICTED&TRUSTED] ]
03-26 16:00:22.707  1824  3577 D ConnectivityService: sending notification LOST for NetworkRequest [ id=545, legacyType=-1, [ Capabilities: INTERNET&NOT_RESTRICTED&TRUSTED] ]
03-26 16:00:22.707  1824  3577 D ConnectivityService:  sending notification for NetworkRequest [ id=546, legacyType=-1, [ Capabilities: INTERNET&NOT_RESTRICTED&TRUSTED] ]
03-26 16:00:22.707  1824  3577 D ConnectivityService: sending notification LOST for NetworkRequest [ id=546, legacyType=-1, [ Capabilities: INTERNET&NOT_RESTRICTED&TRUSTED] ]
03-26 16:00:22.710  1824  3577 D ConnectivityService:  sending notification for NetworkRequest [ id=551, legacyType=-1, [ Capabilities: INTERNET&NOT_RESTRICTED&TRUSTED] ]
03-26 16:00:22.712  1824  3577 D ConnectivityService: sending notification LOST for NetworkRequest [ id=551, legacyType=-1, [ Capabilities: INTERNET&NOT_RESTRICTED&TRUSTED] ]
03-26 16:00:22.712  1824  3577 D CSLegacyTypeTracker: Sending DISCONNECTED broadcast for type 17 NetworkAgentInfo [VPN () - 334] isDefaultNetwork=false
03-26 16:00:22.712  1824  3577 D ConnectivityService: sendStickyBroadcast: action=android.net.conn.CONNECTIVITY_CHANGE
03-26 16:00:22.716  1824  3572 V NetworkPolicy: ensureActiveMobilePolicyLocked()
03-26 16:00:22.717  1824  2415 D PMS     : acquireWL(f6eeb03): PARTIAL_WAKE_LOCK  SyncLoopWakeLock 0x1 1824 1000 null
03-26 16:00:22.719  1824  4311 D PMS     : acquireWL(5272a80): PARTIAL_WAKE_LOCK  NetworkTimeUpdateService 0x1 1824 1000 null
03-26 16:00:22.719  1824  4413 D ConnectivityService: returning Blocked NetworkInfo for ifname=rmnet0, uid=10010
03-26 16:00:22.720  1824  4411 D ConnectivityService: returning Blocked NetworkInfo for ifname=rmnet0, uid=10010
03-26 16:00:22.720  1824  8237 D PMS     : acquireWL(fa048b9): PARTIAL_WAKE_LOCK  LocationService 0x1 1824 1000 null
03-26 16:00:22.720  1824  8237 D PMS     : releaseWL(fa048b9): PARTIAL_WAKE_LOCK  LocationService 0x1 null
03-26 16:00:22.720  1824  4409 D ConnectivityService: returning Blocked NetworkInfo for ifname=rmnet0, uid=10010
03-26 16:00:22.721  1824  3577 D ConnectivityService: rematching NetworkAgentInfo [MOBILE (LTE) - 289]
03-26 16:00:22.721  1824  3577 D ConnectivityService:  network has: [ Transports: CELLULAR Capabilities: INTERNET&NOT_RESTRICTED&TRUSTED&NOT_VPN&VALIDATED LinkUpBandwidth>=51200Kbps LinkDnBandwidth>=102400Kbps Specifier: <2>]
03-26 16:00:22.721  1824  3577 D ConnectivityService:   checking if request is satisfied: NetworkRequest [ id=486, legacyType=-1, [ Capabilities: INTERNET&NOT_RESTRICTED&TRUSTED] ]
03-26 16:00:22.721  1824  3577 D ConnectivityService:   checking if request is satisfied: NetworkRequest [ id=546, legacyType=-1, [ Capabilities: INTERNET&NOT_RESTRICTED&TRUSTED] ]
03-26 16:00:22.721  1824  3577 D ConnectivityService:   checking if request is satisfied: NetworkRequest [ id=104, legacyType=-1, [ Capabilities: INTERNET&NOT_RESTRICTED&TRUSTED] ]
03-26 16:00:22.721  1824  3577 D ConnectivityService: Network NetworkAgentInfo [MOBILE (LTE) - 289] was already satisfying request 1. No change.
03-26 16:00:22.721  1824  3577 D ConnectivityService:   checking if request is satisfied: NetworkRequest [ id=3, legacyType=-1, [] ]
03-26 16:00:22.721  1824  3577 D ConnectivityService:   checking if request is satisfied: NetworkRequest [ id=12, legacyType=-1, [ Capabilities: INTERNET&NOT_RESTRICTED&TRUSTED&NOT_VPN] ]
03-26 16:00:22.721  1824  3577 D ConnectivityService:   checking if request is satisfied: NetworkRequest [ id=545, legacyType=-1, [ Capabilities: INTERNET&NOT_RESTRICTED&TRUSTED] ]
03-26 16:00:22.721  1824  3577 D ConnectivityService:   checking if request is satisfied: NetworkRequest [ id=551, legacyType=-1, [ Capabilities: INTERNET&NOT_RESTRICTED&TRUSTED] ]
03-26 16:00:22.724  1824  4409 D ConnectivityService: returning Blocked NetworkInfo for ifname=rmnet0, uid=10010
03-26 16:00:22.724  1824  4412 D ConnectivityService: returning Blocked NetworkInfo for ifname=rmnet0, uid=10010
03-26 16:00:22.725  1824  4412 D ConnectivityService: returning Blocked NetworkInfo for ifname=rmnet0, uid=10010
03-26 16:00:22.726  1824  3577 D ConnectivityService:   checking if request is satisfied: NetworkRequest [ id=18, legacyType=-1, [ Capabilities: INTERNET&NOT_RESTRICTED&TRUSTED] ]
03-26 16:00:22.726  1824  3577 D ConnectivityService:   checking if request is satisfied: NetworkRequest [ id=17, legacyType=-1, [ Capabilities: INTERNET&NOT_RESTRICTED&TRUSTED] ]
03-26 16:00:22.728  1824  3572 D NetworkPolicy: Found template NetworkTemplate: matchRule=MOBILE_ALL, subscriberId=466924..., matchSubscriberIds=[466924...], non-charged apn type= which matches subscriber 466924...
03-26 16:00:22.735  1824  3572 V NetworkPolicy: updateNetworkEnabledLocked()
03-26 16:00:22.735  1824  3572 V NetworkPolicy: updateNetworkRulesLocked()
03-26 16:00:22.735  1824  1896 D ConnectivityService: returning Blocked NetworkInfo for ifname=rmnet0, uid=10105
03-26 16:00:22.735  1824  4358 D ConnectivityService: returning Blocked NetworkInfo for ifname=rmnet0, uid=10078
03-26 16:00:22.735  1824  3572 D NetworkManagement: isBandwidthControlEnabled: doneSignal.getCount()= 0
03-26 16:00:22.735  1824  3572 D NetworkPolicy: applying policy NetworkPolicy[NetworkTemplate: matchRule=MOBILE_ALL, subscriberId=466924..., matchSubscriberIds=[466924...], non-charged apn type=]: cycleDay=24, cycleTimezone=Asia/Taipei, warningBytes=-1, limitBytes=-1, lastWarningSnooze=-1, lastLimitSnooze=-1, metered=true, inferred=false to ifaces [rmnet0]
03-26 16:00:22.735  1824  3572 D NetworkManagement: removeInterfaceQuota:rmnet0, bwc=true
03-26 16:00:22.736  1824  4413 D ConnectivityService: returning Blocked NetworkInfo for ifname=rmnet0, uid=10105
03-26 16:00:22.737  1824  4416 D ConnectivityService: returning Blocked NetworkInfo for ifname=rmnet0, uid=10105
03-26 16:00:22.738  1824  4396 D ConnectivityService: returning Blocked NetworkInfo for ifname=rmnet0, uid=10010
03-26 16:00:22.739  1824  3712 D ConnectivityService: returning Blocked NetworkInfo for ifname=rmnet0, uid=10078
03-26 16:00:22.742  1824  4311 D PMS     : releaseWL(5272a80): PARTIAL_WAKE_LOCK  NetworkTimeUpdateService 0x1 null
03-26 16:00:22.744  1824  4416 D ConnectivityService: returning Blocked NetworkInfo for ifname=rmnet0, uid=10105
03-26 16:00:22.745  1824  4383 D ConnectivityService: returning Blocked NetworkInfo for ifname=rmnet0, uid=10105
03-26 16:00:22.751  1824  4358 D ConnectivityService: returning Blocked NetworkInfo for ifname=rmnet0, uid=10105
03-26 16:00:22.781  1824  4313 D ConnectivityService: returning Blocked NetworkInfo for ifname=rmnet0, uid=10010
03-26 16:00:22.785  1824  4396 D ConnectivityService: returning Blocked NetworkInfo for ifname=rmnet0, uid=10010
03-26 16:00:22.785  1824  4416 D ConnectivityService: returning Blocked NetworkInfo for ifname=rmnet0, uid=10002
03-26 16:00:22.785  1824  3742 D ConnectivityService: returning Blocked NetworkInfo for ifname=rmnet0, uid=10010
03-26 16:00:22.798  1824  4358 D ConnectivityService: returning Blocked NetworkInfo for ifname=rmnet0, uid=10010
03-26 16:00:22.799  1824  4413 D ConnectivityService: returning Blocked NetworkInfo for ifname=rmnet0, uid=10010
03-26 16:00:22.838  1824  2415 D PMS     : releaseWL(f6eeb03): PARTIAL_WAKE_LOCK  SyncLoopWakeLock 0x1 null
03-26 16:00:22.838  1824  2415 D PMS     : acquireWL(673b775): PARTIAL_WAKE_LOCK  GpsLocationProvider 0x1 1824 1000 null
03-26 16:00:22.839  1824  2415 D PMS     : releaseWL(673b775): PARTIAL_WAKE_LOCK  GpsLocationProvider 0x1 null
03-26 16:00:22.970  1824  1824 D HtcASN_1.1: onSignalStrengthsChanged...
03-26 16:00:22.982  1824  1824 D HtcASN_1.1: Keep  0: type=4G mSimExist=true mFlightMode=false HtcLevel=3
03-26 16:00:23.371  1824  3572 D NetworkManagement: isBandwidthControlEnabled: doneSignal.getCount()= 0
03-26 16:00:23.372  1824  3572 D NetworkManagement: isBandwidthControlEnabled: doneSignal.getCount()= 0
03-26 16:00:23.373  1824  4314 D ConnectivityService: returning Blocked NetworkInfo for ifname=rmnet0, uid=10010
03-26 16:00:23.373  1824  4409 D ConnectivityService: returning Blocked NetworkInfo for ifname=rmnet0, uid=10010
03-26 16:00:23.397  1824  1892 D ConnectivityService: returning Blocked NetworkInfo for ifname=rmnet0, uid=10142
03-26 16:00:23.401  1824  3742 D ConnectivityService: returning Blocked NetworkInfo for ifname=rmnet0, uid=10142
03-26 16:00:23.403  1824  4313 D ConnectivityService: returning Blocked NetworkInfo for ifname=rmnet0, uid=10142
03-26 16:00:23.514  1824  2416 I ActivityManager: Start proc 6888:eu.faircode.netguard/u0a224 for service eu.faircode.netguard/.SinkholeService
03-26 16:00:23.561  1824  1824 D ValidateNoPeople: setContact(eu.faircode.netguard,0.0,false)
03-26 16:00:23.632  1824  4242 D PMS     : acquireWL(f169d61): PARTIAL_WAKE_LOCK  PacketCapture wakelock 0x1 6888 10224 null
03-26 16:00:23.650  1824  1824 D ValidateNoPeople: setContact(eu.faircode.netguard,0.0,false)
03-26 16:00:25.865  1824  1824 D HtcASN_1.1: onSignalStrengthsChanged...
03-26 16:00:25.876  1824  1824 D HtcASN_1.1: Keep  0: type=4G mSimExist=true mFlightMode=false HtcLevel=3
03-26 16:00:26.518  1824  3564 D PMS     : acquireWL(830fd47): PARTIAL_WAKE_LOCK  *alarm* 0x1 1824 1000 WorkSource{10010 com.google.android.gms}
03-26 16:00:26.519  1824  3564 D AlarmManager: sending alarm PendingIntent{3ec10fd: PendingIntentRecord{95e81f2 com.google.android.gms startService}}, i=com.google.android.location.internal.action.ULR_BLE_SCAN_ALARM, t=2, cnt=1, w=412241786, Int=600000
03-26 16:00:26.521  1824  3564 D AlarmManager: sending alarm PendingIntent{5f1a974: PendingIntentRecord{2945778 com.facebook.orca broadcastIntent}}, i=X.03u.ACTION_INEXACT_ALARM.MqttLite.com.facebook.orca, t=2, cnt=1, w=412242894, Int=900000
03-26 16:00:26.522  1824  1896 D PMS     : acquireWL(d3eae9d): PARTIAL_WAKE_LOCK  BleScanner_WakeLock 0x1 5662 10010 WorkSource{10010 com.google.android.gms}
03-26 16:00:26.523  1824  3564 D AlarmManager: sending alarm PendingIntent{5a3fb77: PendingIntentRecord{27a83e4 com.google.android.gms startService}}, i=com.google.android.location.internal.action.ULR_BAROMETER_READ_ALARM, t=1, cnt=1, w=1490515200000, Int=120000
03-26 16:00:26.523  1824  3564 D AlarmManager: sending alarm PendingIntent{7da9d97: PendingIntentRecord{d7042e2 com.google.android.gms startService}}, i=com.google.android.location.reporting.ACTION_UPDATE_WORLD, t=2, cnt=1, w=412268488, Int=3600000
03-26 16:00:26.524  1824  3564 D AlarmManager: sending alarm PendingIntent{5e87d68: PendingIntentRecord{75fc004 com.google.android.gms broadcastIntent}}, i=com.google.android.gms.gcm.ACTION_CHECK_QUEUE, t=2, cnt=1, w=412268489, Int=0
03-26 16:00:26.524  1824  3564 D AlarmManager: sending alarm PendingIntent{7525f12: PendingIntentRecord{35bb790 com.google.android.gms broadcastIntent}}, i=null, t=0, cnt=1, w=1490515208411, Int=1800000
03-26 16:00:26.524  1824  3564 D AlarmManager: sending alarm PendingIntent{f626e3: PendingIntentRecord{32c254b com.google.android.gms broadcastIntent}}, i=com.google.android.location.ALARM_WAKEUP_LOCATOR, t=2, cnt=1, w=412295005, Int=0
03-26 16:00:26.527  1824  4416 D PMS     : acquireWL(f39e8e0): PARTIAL_WAKE_LOCK  ULR_BarometerReading_WakeLock 0x1 5662 10010 WorkSource{10010 com.google.android.gms}
03-26 16:00:26.546  1824  4412 D PMS     : acquireWL(ddc9799): PARTIAL_WAKE_LOCK  UlrDispSvcFastWL 0x1 5662 10010 null
03-26 16:00:26.562  1824  4406 D ConnectivityService: returning Blocked NetworkInfo for ifname=rmnet0, uid=10010
03-26 16:00:26.594  1824  4413 D PMS     : releaseWL(f39e8e0): PARTIAL_WAKE_LOCK  ULR_BarometerReading_WakeLock 0x1 WorkSource{10010 com.google.android.gms}
03-26 16:00:26.598  1824  4383 D PMS     : acquireWL(6735a5e): PARTIAL_WAKE_LOCK  *net_scheduler* 0x1 5662 10010 WorkSource{10010 com.google.android.gms}
03-26 16:00:26.601  1824  4416 D PMS     : acquireWL(75a4e3f): PARTIAL_WAKE_LOCK  bluedroid_timer 0x1 6780 1002 null
03-26 16:00:26.601  1824  4409 D ConnectivityService: returning Blocked NetworkInfo for ifname=rmnet0, uid=10010
03-26 16:00:26.604  1824  4383 D PMS     : acquireWL(cd61455): PARTIAL_WAKE_LOCK  wake:com.google.android.gms/.checkin.EventLogService 0x1 4559 10010 null
03-26 16:00:26.608  1824  4412 D PMS     : acquireWL(16be6a): PARTIAL_WAKE_LOCK  Event Log Service 0x1 4559 10010 WorkSource{10010 com.google.android.gms}
03-26 16:00:26.609  1824  4409 D PMS     : releaseWL(cd61455): PARTIAL_WAKE_LOCK  wake:com.google.android.gms/.checkin.EventLogService 0x1 null
03-26 16:00:26.611  1824  4242 D PMS     : acquireWL(7af8f5b): PARTIAL_WAKE_LOCK  NlpWakeLock 0x1 5662 10010 WorkSource{2899 com.htc.sense.hsp}
03-26 16:00:26.612  1824  4413 D PMS     : releaseWL(75a4e3f): PARTIAL_WAKE_LOCK  bluedroid_timer 0x1 null
03-26 16:00:26.612  1824  1896 D WifiService: acquireWifiLockLocked: WifiLock{NlpWifiLock type=2 binder=android.os.BinderProxy@ecff3f8}
03-26 16:00:26.614  1824  4358 D WifiDisplayAdapter: getWifiDisplayStatusLocked: result=WifiDisplayStatus{featureState=1, scanState=0, activeDisplayState=0, activeDisplay=null, displays=[], sessionInfo=WifiDisplaySessionInfo:
03-26 16:00:26.614  1824  4358 D WifiDisplayAdapter:     Client/Owner: Client
03-26 16:00:26.614  1824  4358 D WifiDisplayAdapter:     GroupId: 
03-26 16:00:26.614  1824  4358 D WifiDisplayAdapter:     Passphrase: 
03-26 16:00:26.614  1824  4358 D WifiDisplayAdapter:     SessionId: 0
03-26 16:00:26.614  1824  4358 D WifiDisplayAdapter:     IP Address: }
03-26 16:00:26.619  1824  4396 D PMS     : acquireWL(4b0a0d1): PARTIAL_WAKE_LOCK  bluedroid_timer 0x1 6780 1002 null
03-26 16:00:26.621  1824  1824 D PMS     : releaseWL(830fd47): PARTIAL_WAKE_LOCK  *alarm* 0x1 WorkSource{2899}
03-26 16:00:26.625  1824  4358 D PMS     : releaseWL(4b0a0d1): PARTIAL_WAKE_LOCK  bluedroid_timer 0x1 null
03-26 16:00:26.633  1824  3712 D PMS     : acquireWL(40c57a4): PARTIAL_WAKE_LOCK  bluedroid_timer 0x1 6780 1002 null
03-26 16:00:26.642  1824  4313 D PMS     : releaseWL(40c57a4): PARTIAL_WAKE_LOCK  bluedroid_timer 0x1 null
03-26 16:00:26.649  1824  1896 D PMS     : acquireWL(8cd790d): PARTIAL_WAKE_LOCK  bluedroid_timer 0x1 6780 1002 null
03-26 16:00:26.655  1824  1892 D PMS     : releaseWL(8cd790d): PARTIAL_WAKE_LOCK  bluedroid_timer 0x1 null
03-26 16:00:26.661  1824  4413 D PMS     : acquireWL(76cb0c2): PARTIAL_WAKE_LOCK  bluedroid_timer 0x1 6780 1002 null
03-26 16:00:26.671  1824  4314 D PMS     : releaseWL(76cb0c2): PARTIAL_WAKE_LOCK  bluedroid_timer 0x1 null
03-26 16:00:26.678  1824  4383 D PMS     : acquireWL(f2e8ed3): PARTIAL_WAKE_LOCK  bluedroid_timer 0x1 6780 1002 null
03-26 16:00:26.684  1824  4409 D PMS     : releaseWL(f2e8ed3): PARTIAL_WAKE_LOCK  bluedroid_timer 0x1 null
03-26 16:00:26.712  1824  4242 D PMS     : releaseWL(6735a5e): PARTIAL_WAKE_LOCK  *net_scheduler* 0x1 WorkSource{10010 com.google.android.gms}
03-26 16:00:26.724  1824  4409 D PMS     : releaseWL(ddc9799): PARTIAL_WAKE_LOCK  UlrDispSvcFastWL 0x1 null
03-26 16:00:26.741  1824  4416 D PMS     : acquireWL(894a10): PARTIAL_WAKE_LOCK  UlrDispSvcFastWL 0x1 5662 10010 null
03-26 16:00:26.745  1824  4314 D PMS     : releaseWL(894a10): PARTIAL_WAKE_LOCK  UlrDispSvcFastWL 0x1 null
03-26 16:00:26.817  1824  1896 D PMS     : acquireWL(7659909): PARTIAL_WAKE_LOCK  bluedroid_timer 0x1 6780 1002 null
03-26 16:00:26.817  1824  3742 D PMS     : releaseWL(16be6a): PARTIAL_WAKE_LOCK  Event Log Service 0x1 WorkSource{10010 com.google.android.gms}
03-26 16:00:26.823  1824  4413 D PMS     : releaseWL(7659909): PARTIAL_WAKE_LOCK  bluedroid_timer 0x1 null
03-26 16:00:28.105  1824  1824 D HtcASN_1.1: onSignalStrengthsChanged...
03-26 16:00:28.119  1824  1824 D HtcASN_1.1: Keep  0: type=4G mSimExist=true mFlightMode=false HtcLevel=4
03-26 16:00:28.561  1824  3742 D PMS     : releaseWL(d3eae9d): PARTIAL_WAKE_LOCK  BleScanner_WakeLock 0x1 WorkSource{10010 com.google.android.gms}
03-26 16:00:28.563  1824  4413 D PMS     : acquireWL(866ab27): PARTIAL_WAKE_LOCK  UlrDispSvcFastWL 0x1 5662 10010 null
03-26 16:00:28.575  1824  4242 D PMS     : releaseWL(866ab27): PARTIAL_WAKE_LOCK  UlrDispSvcFastWL 0x1 null
03-26 16:00:28.776  1824  4313 D PMS     : acquireWL(306f1d4): PARTIAL_WAKE_LOCK  bluedroid_timer 0x1 6780 1002 null
03-26 16:00:29.217  1824  3577 D ConnectivityService: handlePromptUnvalidated 334
03-26 16:00:29.548  1824  3574 W ContextImpl: Calling a method in the system process without a qualified user: android.app.ContextImpl.sendBroadcast:771 com.android.server.wifi.WifiStateMachine.sendDongleScanResultsAvailableBroadcast:14336 com.android.server.wifi.WifiStateMachine.handleMediaLinkEvent:14504 com.android.server.wifi.WifiStateMachine.access$2700:257 com.android.server.wifi.WifiStateMachine$SupplicantStartedState.processMessage:8451 
03-26 16:00:29.590  1824  1896 D PMS     : acquireWL(59bbf7d): PARTIAL_WAKE_LOCK  NlpWakeLock 0x1 5662 10010 WorkSource{10010 com.google.android.gms}
03-26 16:00:29.593  1824  4314 D PMS     : releaseWL(59bbf7d): PARTIAL_WAKE_LOCK  NlpWakeLock 0x1 WorkSource{10010 com.google.android.gms}
03-26 16:00:29.594  1824  4413 D PMS     : acquireWL(f56ce72): PARTIAL_WAKE_LOCK  NlpWakeLock 0x1 5662 10010 WorkSource{2899 com.htc.sense.hsp}
03-26 16:00:29.594  1824  3712 D PMS     : acquireWL(908d2c3): PARTIAL_WAKE_LOCK  GCoreFlp 0x1 5662 10010 WorkSource{10010 com.google.android.gms}
03-26 16:00:29.595  1824  4412 D PMS     : releaseWL(908d2c3): PARTIAL_WAKE_LOCK  GCoreFlp 0x1 WorkSource{10010 com.google.android.gms}
03-26 16:00:29.597  1824  3742 D PMS     : acquireWL(ecb5740): PARTIAL_WAKE_LOCK  NlpWakeLock 0x1 5662 10010 WorkSource{10003 com.google.android.googlequicksearchbox}
03-26 16:00:29.597  1824  1892 D PMS     : releaseWL(f56ce72): PARTIAL_WAKE_LOCK  NlpWakeLock 0x1 WorkSource{2899 com.htc.sense.hsp}
03-26 16:00:29.597  1824  4242 D PMS     : acquireWL(ca9d679): PARTIAL_WAKE_LOCK  GCoreFlp 0x1 5662 10010 WorkSource{10003 com.google.android.googlequicksearchbox}
03-26 16:00:29.599  1824  4358 D PMS     : acquireWL(e3f5fbe): PARTIAL_WAKE_LOCK  GCoreFlp 0x1 5662 10010 WorkSource{10010 com.google.android.gms}
03-26 16:00:29.600  1824  4413 D PMS     : releaseWL(ecb5740): PARTIAL_WAKE_LOCK  NlpWakeLock 0x1 WorkSource{10003 com.google.android.googlequicksearchbox}
03-26 16:00:29.601  1824  4314 D PMS     : acquireWL(b1bd81f): PARTIAL_WAKE_LOCK  GCoreFlp 0x1 5662 10010 WorkSource{10010 com.google.android.gms}
03-26 16:00:29.601  1824  4416 D PMS     : acquireWL(daea76c): PARTIAL_WAKE_LOCK  GCoreFlp 0x1 5662 10010 WorkSource{10010 com.google.android.gms}
03-26 16:00:29.605  1824  1892 D WifiService: releaseWifiLockLocked: WifiLock{NlpWifiLock type=2 binder=android.os.BinderProxy@ecff3f8}
03-26 16:00:29.605  1824  1896 D PMS     : releaseWL(7af8f5b): PARTIAL_WAKE_LOCK  NlpWakeLock 0x1 WorkSource{2899 com.htc.sense.hsp}
03-26 16:00:29.606  1824  4358 D PMS     : releaseWL(daea76c): PARTIAL_WAKE_LOCK  GCoreFlp 0x1 WorkSource{10010 com.google.android.gms}
03-26 16:00:29.608  1824  4416 D PMS     : acquireWL(3e86135): PARTIAL_WAKE_LOCK  CMWakeLock 0x1 5662 10010 WorkSource{10010 com.google.android.gms}
03-26 16:00:29.612  1824  4358 D PMS     : acquireWL(e4adbb1): PARTIAL_WAKE_LOCK  UlrDispSvcFastWL 0x1 5662 10010 null
03-26 16:00:29.615  1824  2415 D PMS     : acquireWL(b5a896): PARTIAL_WAKE_LOCK  LocationManagerService 0x1 1824 1000 WorkSource{2899 com.htc.sense.hsp}
03-26 16:00:29.617  1824  2415 D PMS     : acquireWL(baac17): PARTIAL_WAKE_LOCK  LocationManagerService 0x1 1824 1000 WorkSource{1000 android}
03-26 16:00:29.619  1824  2415 D PMS     : acquireWL(b47804): PARTIAL_WAKE_LOCK  LocationManagerService 0x1 1824 1000 WorkSource{1000 android}
03-26 16:00:29.622  1824  4314 D PMS     : releaseWL(3e86135): PARTIAL_WAKE_LOCK  CMWakeLock 0x1 WorkSource{10010 com.google.android.gms}
03-26 16:00:29.627  1824  1896 D PMS     : releaseWL(ca9d679): PARTIAL_WAKE_LOCK  GCoreFlp 0x1 WorkSource{10003 com.google.android.googlequicksearchbox}
03-26 16:00:29.628  1824  2415 D PMS     : acquireWL(2031070): PARTIAL_WAKE_LOCK  LocationManagerService 0x1 1824 1000 WorkSource{10010 com.google.android.gms}
03-26 16:00:29.629  1824  4358 D PMS     : releaseWL(e3f5fbe): PARTIAL_WAKE_LOCK  GCoreFlp 0x1 WorkSource{10010 com.google.android.gms}
03-26 16:00:29.630  1824  3712 D PMS     : releaseWL(b1bd81f): PARTIAL_WAKE_LOCK  GCoreFlp 0x1 WorkSource{10010 com.google.android.gms}
03-26 16:00:29.645  1824  2415 D PMS     : acquireWL(f04fe9): PARTIAL_WAKE_LOCK  LocationManagerService 0x1 1824 1000 WorkSource{10010 com.google.android.gms}
03-26 16:00:29.645  1824  4416 D PMS     : releaseWL(e4adbb1): PARTIAL_WAKE_LOCK  UlrDispSvcFastWL 0x1 null
03-26 16:00:29.647  1824  2415 D PMS     : acquireWL(5e1346e): PARTIAL_WAKE_LOCK  LocationManagerService 0x1 1824 1000 WorkSource{2899 com.htc.sense.hsp}
03-26 16:00:29.648  1824  1824 D PMS     : releaseWL(baac17): PARTIAL_WAKE_LOCK  LocationManagerService 0x1 WorkSource{1000 android}
03-26 16:00:29.648  1824  4413 D PMS     : releaseWL(b5a896): PARTIAL_WAKE_LOCK  LocationManagerService 0x1 WorkSource{2899 com.htc.sense.hsp}
03-26 16:00:29.649  1824  4409 D PMS     : releaseWL(2031070): PARTIAL_WAKE_LOCK  LocationManagerService 0x1 WorkSource{10010 com.google.android.gms}
03-26 16:00:29.650  1824  1896 D PMS     : releaseWL(f04fe9): PARTIAL_WAKE_LOCK  LocationManagerService 0x1 WorkSource{10010 com.google.android.gms}
03-26 16:00:29.651  1824  2415 D PMS     : releaseWL(b47804): PARTIAL_WAKE_LOCK  LocationManagerService 0x1 WorkSource{1000 android}
03-26 16:00:29.651  1824  2415 D PMS     : releaseWL(5e1346e): PARTIAL_WAKE_LOCK  LocationManagerService 0x1 WorkSource{2899 com.htc.sense.hsp}
03-26 16:00:31.308  1824  3712 D ConnectivityService: registerNetworkAgent NetworkAgentInfo{ ni{[type: VPN[], state: CONNECTED/CONNECTED, reason: (unspecified), extra: (none), roaming: false, failover: false, isAvailable: true]}  network{335}  lp{{InterfaceName: tun0 LinkAddresses: [10.1.10.1/32,fd00:1:fd00:1:fd00:1:fd00:1/64,]  Routes: [0.0.0.0/0 -> 0.0.0.0 tun0,::/0 -> :: tun0,] DnsAddresses: [168.95.1.1,] Domains:  MTU: 0}}  nc{[ Transports: VPN Capabilities: INTERNET&NOT_RESTRICTED&TRUSTED]}  Score{0}  everValidated{false}  lastValidated{false}  created{false} lingering{false} explicitlySelected{false} acceptUnvalidated{false} everCaptivePortalDetected{false} lastCaptivePortalDetected{false} }
03-26 16:00:31.308  1824  3577 D ConnectivityService: Got NetworkAgent Messenger
03-26 16:00:31.308  1824  3577 D ConnectivityService: NetworkAgentInfo [VPN () - 335] EVENT_NETWORK_INFO_CHANGED, going from null to CONNECTED
03-26 16:00:31.310  1824  3577 D ConnectivityService: Adding iface tun0 to network 335
03-26 16:00:31.368  1824  3577 E ConnectivityService: Unexpected mtu value: 0, tun0
03-26 16:00:31.368  1824  3577 D ConnectivityService: Adding Route [0.0.0.0/0 -> 0.0.0.0 tun0] to network 335
03-26 16:00:31.369  1824  1824 D ValidateNoPeople: setContact(eu.faircode.netguard,0.0,false)
03-26 16:00:31.373  1824  3577 D ConnectivityService: Adding Route [::/0 -> :: tun0] to network 335
03-26 16:00:31.374  1824  3577 D ConnectivityService: Setting Dns servers for network 335 to [/168.95.1.1]
03-26 16:00:31.376  1824  3577 D NetworkManagement: isBandwidthControlEnabled: doneSignal.getCount()= 0
03-26 16:00:31.376  1824  3577 D PMS     : acquireWL(7400559): PARTIAL_WAKE_LOCK  NetworkStats 0x1 1824 1000 null
03-26 16:00:31.392  1824  3742 D PMS     : releaseWL(f169d61): PARTIAL_WAKE_LOCK  PacketCapture wakelock 0x1 null
03-26 16:00:31.549  1824  3572 V NetworkPolicy: updateNetworkEnabledLocked()
03-26 16:00:31.550  1824  3577 V NetworkStats: updateIfacesLocked(): isMetered = true, isMobile = true
03-26 16:00:31.550  1824  3577 V NetworkStats: updateIfacesLocked(): isMetered = true, isMobile = false
03-26 16:00:31.550  1824  3577 V NetworkStats: updateIfacesLocked() activeIf={rmnet0=[{type=MOBILE, cap=[ Transports: CELLULAR Capabilities: INTERNET&NOT_RESTRICTED&TRUSTED&NOT_VPN&VALIDATED LinkUpBandwidth>=51200Kbps LinkDnBandwidth>=102400Kbps Specifier: <2>], subType=COMBINED, subscriberId=466924...}], tun0=[{type=VPN, cap=[ Transports: VPN Capabilities: INTERNET&NOT_RESTRICTED&TRUSTED], subType=COMBINED}]}
03-26 16:00:31.551  1824  3577 D PMS     : releaseWL(7400559): PARTIAL_WAKE_LOCK  NetworkStats 0x1 null
03-26 16:00:31.551  1824  3577 D ConnectivityService: notifyType IP_CHANGED for NetworkAgentInfo [VPN () - 335]
03-26 16:00:31.551  1824  3577 D NetworkManagement: isBandwidthControlEnabled: doneSignal.getCount()= 0
03-26 16:00:31.551  1824  3577 D PMS     : acquireWL(4a7d1ff): PARTIAL_WAKE_LOCK  NetworkStats 0x1 1824 1000 null
03-26 16:00:31.559  1824  3572 D NetworkManagement: isBandwidthControlEnabled: doneSignal.getCount()= 0
03-26 16:00:31.697  1824  3572 V NetworkPolicy: updateNetworkEnabledLocked()
03-26 16:00:31.697  1824  3577 V NetworkStats: updateIfacesLocked(): isMetered = true, isMobile = true
03-26 16:00:31.698  1824  3577 V NetworkStats: updateIfacesLocked(): isMetered = true, isMobile = false
03-26 16:00:31.698  1824  3577 V NetworkStats: updateIfacesLocked() activeIf={rmnet0=[{type=MOBILE, cap=[ Transports: CELLULAR Capabilities: INTERNET&NOT_RESTRICTED&TRUSTED&NOT_VPN&VALIDATED LinkUpBandwidth>=51200Kbps LinkDnBandwidth>=102400Kbps Specifier: <2>], subType=COMBINED, subscriberId=466924...}], tun0=[{type=VPN, cap=[ Transports: VPN Capabilities: INTERNET&NOT_RESTRICTED&TRUSTED], subType=COMBINED}]}
03-26 16:00:31.698  1824  3577 D PMS     : releaseWL(4a7d1ff): PARTIAL_WAKE_LOCK  NetworkStats 0x1 null
03-26 16:00:31.698  1824  3577 D ConnectivityService: scheduleUnvalidatedPrompt 335
03-26 16:00:31.698  1824  3577 D ConnectivityService: updateSignalStrengthThresholds: CONNECT, sending [] to NetworkAgentInfo [VPN () - 335]
03-26 16:00:31.698  1824  7109 D NC      : satisfiedByNetworkCapabilities: false,true,true,true,true,false
03-26 16:00:31.698  1824  3577 D ConnectivityService: rematching NetworkAgentInfo [VPN () - 335]
03-26 16:00:31.699  1824  3577 D ConnectivityService:  network has: [ Transports: VPN Capabilities: INTERNET&NOT_RESTRICTED&TRUSTED]
03-26 16:00:31.699  1824  3577 D ConnectivityService:   checking if request is satisfied: NetworkRequest [ id=486, legacyType=-1, [ Capabilities: INTERNET&NOT_RESTRICTED&TRUSTED] ]
03-26 16:00:31.699  1824  3577 D ConnectivityService:   checking if request is satisfied: NetworkRequest [ id=546, legacyType=-1, [ Capabilities: INTERNET&NOT_RESTRICTED&TRUSTED] ]
03-26 16:00:31.699  1824  3577 D ConnectivityService:   checking if request is satisfied: NetworkRequest [ id=104, legacyType=-1, [ Capabilities: INTERNET&NOT_RESTRICTED&TRUSTED] ]
03-26 16:00:31.699  1824  3577 D NC      : satisfiedByNetworkCapabilities: false,true,true,true,true,false
03-26 16:00:31.699  1824  3577 D ConnectivityService:   checking if request is satisfied: NetworkRequest [ id=1, legacyType=-1, [ Capabilities: INTERNET&NOT_RESTRICTED&TRUSTED&NOT_VPN] ]
03-26 16:00:31.699  1824  3577 D ConnectivityService:   checking if request is satisfied: NetworkRequest [ id=3, legacyType=-1, [] ]
03-26 16:00:31.699  1824  3577 D NC      : satisfiedByNetworkCapabilities: false,true,true,true,true,false
03-26 16:00:31.699  1824  3577 D ConnectivityService:   checking if request is satisfied: NetworkRequest [ id=12, legacyType=-1, [ Capabilities: INTERNET&NOT_RESTRICTED&TRUSTED&NOT_VPN] ]
03-26 16:00:31.699  1824  3577 D ConnectivityService:   checking if request is satisfied: NetworkRequest [ id=545, legacyType=-1, [ Capabilities: INTERNET&NOT_RESTRICTED&TRUSTED] ]
03-26 16:00:31.700  1824  3577 D ConnectivityService:   checking if request is satisfied: NetworkRequest [ id=551, legacyType=-1, [ Capabilities: INTERNET&NOT_RESTRICTED&TRUSTED] ]
03-26 16:00:31.700  1824  3577 D ConnectivityService:   checking if request is satisfied: NetworkRequest [ id=18, legacyType=-1, [ Capabilities: INTERNET&NOT_RESTRICTED&TRUSTED] ]
03-26 16:00:31.700  1824  3577 D ConnectivityService:   checking if request is satisfied: NetworkRequest [ id=17, legacyType=-1, [ Capabilities: INTERNET&NOT_RESTRICTED&TRUSTED] ]
03-26 16:00:31.700  1824  3577 D ConnectivityService: sending notification AVAILABLE for NetworkRequest [ id=486, legacyType=-1, [ Capabilities: INTERNET&NOT_RESTRICTED&TRUSTED] ]
03-26 16:00:31.701  1824  3577 D ConnectivityService: sending notification AVAILABLE for NetworkRequest [ id=546, legacyType=-1, [ Capabilities: INTERNET&NOT_RESTRICTED&TRUSTED] ]
03-26 16:00:31.702  1824  3577 D ConnectivityService: sending notification AVAILABLE for NetworkRequest [ id=104, legacyType=-1, [ Capabilities: INTERNET&NOT_RESTRICTED&TRUSTED] ]
03-26 16:00:31.702  1824  3577 D ConnectivityService: sending notification AVAILABLE for NetworkRequest [ id=3, legacyType=-1, [] ]
03-26 16:00:31.703  1824  3577 D ConnectivityService: sending notification AVAILABLE for NetworkRequest [ id=545, legacyType=-1, [ Capabilities: INTERNET&NOT_RESTRICTED&TRUSTED] ]
03-26 16:00:31.705  1824  3577 D ConnectivityService: sending notification AVAILABLE for NetworkRequest [ id=551, legacyType=-1, [ Capabilities: INTERNET&NOT_RESTRICTED&TRUSTED] ]
03-26 16:00:31.707  1824  3577 D ConnectivityService: sending notification AVAILABLE for NetworkRequest [ id=18, legacyType=-1, [ Capabilities: INTERNET&NOT_RESTRICTED&TRUSTED] ]
03-26 16:00:31.708  1824  3577 D ConnectivityService: sending notification AVAILABLE for NetworkRequest [ id=17, legacyType=-1, [ Capabilities: INTERNET&NOT_RESTRICTED&TRUSTED] ]
03-26 16:00:31.708  1824  3577 D CSLegacyTypeTracker: Sending CONNECTED broadcast for type 17 NetworkAgentInfo [VPN () - 335] isDefaultNetwork=false
03-26 16:00:31.709  1824  3577 D ConnectivityService: sendGeneralBroadcast, restrictEnable=false
03-26 16:00:31.709  1824  3577 D ConnectivityService: sendStickyBroadcast: action=android.net.conn.CONNECTIVITY_CHANGE
03-26 16:00:31.710  1824  3572 D NetworkManagement: isBandwidthControlEnabled: doneSignal.getCount()= 0
03-26 16:00:31.714  1824  4411 D ConnectivityService: returning Blocked NetworkInfo for ifname=rmnet0, uid=10010
03-26 16:00:31.714  1824  3577 D ConnectivityService: notifyType PRECHECK for NetworkAgentInfo [VPN () - 335]
03-26 16:00:31.714  1824  3577 D ConnectivityService:  sending notification for NetworkRequest [ id=3, legacyType=-1, [] ]
03-26 16:00:31.714  1824  3577 D ConnectivityService: sending notification PRECHECK for NetworkRequest [ id=3, legacyType=-1, [] ]
03-26 16:00:31.715  1824  3577 D ConnectivityService:  sending notification for NetworkRequest [ id=17, legacyType=-1, [ Capabilities: INTERNET&NOT_RESTRICTED&TRUSTED] ]
03-26 16:00:31.715  1824  3577 D ConnectivityService: sending notification PRECHECK for NetworkRequest [ id=17, legacyType=-1, [ Capabilities: INTERNET&NOT_RESTRICTED&TRUSTED] ]
03-26 16:00:31.715  1824  2415 D PMS     : acquireWL(7aa4bcc): PARTIAL_WAKE_LOCK  SyncLoopWakeLock 0x1 1824 1000 null
03-26 16:00:31.716  1824  3572 V NetworkPolicy: ensureActiveMobilePolicyLocked()
03-26 16:00:31.718  1824  4314 D ConnectivityService: returning Blocked NetworkInfo for ifname=rmnet0, uid=10010
03-26 16:00:31.718  1824  8237 D PMS     : acquireWL(2629e15): PARTIAL_WAKE_LOCK  LocationService 0x1 1824 1000 null
03-26 16:00:31.718  1824  8237 D PMS     : releaseWL(2629e15): PARTIAL_WAKE_LOCK  LocationService 0x1 null
03-26 16:00:31.719  1824  4358 D ConnectivityService: returning Blocked NetworkInfo for ifname=rmnet0, uid=10010
03-26 16:00:31.720  1824  3712 D ConnectivityService: returning Blocked NetworkInfo for ifname=rmnet0, uid=10010
