03-26 16:01:13.701  1824  3574 W ContextImpl: Calling a method in the system process without a qualified user: android.app.ContextImpl.sendBroadcast:771 com.android.server.wifi.WifiStateMachine.sendDongleScanResultsAvailableBroadcast:14336 com.android.server.wifi.WifiStateMachine.handleMediaLinkEvent:14504 com.android.server.wifi.WifiStateMachine.access$2700:257 com.android.server.wifi.WifiStateMachine$SupplicantStartedState.processMessage:8451 
03-26 16:01:13.702  1824  3640 D WirelessDisplayService: getDiscoveryDongleList
03-26 16:01:13.728  1824  3640 D WirelessDisplayService: getDiscoveryDongleList
03-26 16:01:13.728  5662  6447 D WifiManager: getScanResults: Base Package Name=com.google.android.gms, uid=10010
03-26 16:01:13.740  5102  5102 D WifiManager: getScanResults: Base Package Name=com.radioopt.widget, uid=10149
03-26 16:01:13.749  1824  4358 D PMS     : acquireWL(dce1489): PARTIAL_WAKE_LOCK  NlpWakeLock 0x1 5662 10010 WorkSource{10010 com.google.android.gms}
03-26 16:01:13.752  1824  4383 D PMS     : releaseWL(dce1489): PARTIAL_WAKE_LOCK  NlpWakeLock 0x1 WorkSource{10010 com.google.android.gms}
03-26 16:01:13.753  1824  4383 D PMS     : acquireWL(5f6ac8e): PARTIAL_WAKE_LOCK  GCoreFlp 0x1 5662 10010 WorkSource{10010 com.google.android.gms}
03-26 16:01:13.754  1824  4413 D PMS     : releaseWL(5f6ac8e): PARTIAL_WAKE_LOCK  GCoreFlp 0x1 WorkSource{10010 com.google.android.gms}
03-26 16:01:13.755  1824  3742 D PMS     : acquireWL(66eecaf): PARTIAL_WAKE_LOCK  GCoreFlp 0x1 5662 10010 WorkSource{10003 com.google.android.googlequicksearchbox}
03-26 16:01:13.756  1824  4314 D PMS     : acquireWL(7b248bc): PARTIAL_WAKE_LOCK  GCoreFlp 0x1 5662 10010 WorkSource{10010 com.google.android.gms}
03-26 16:01:13.758  1824  4416 D PMS     : acquireWL(67a7045): PARTIAL_WAKE_LOCK  GCoreFlp 0x1 5662 10010 WorkSource{10010 com.google.android.gms}
03-26 16:01:13.759  1824  1892 D PMS     : acquireWL(ab5039a): PARTIAL_WAKE_LOCK  GCoreFlp 0x1 5662 10010 WorkSource{10010 com.google.android.gms}
03-26 16:01:13.763  1824  4383 D PMS     : releaseWL(ab5039a): PARTIAL_WAKE_LOCK  GCoreFlp 0x1 WorkSource{10010 com.google.android.gms}
03-26 16:01:13.766  1824  4413 D PMS     : acquireWL(947a4cb): PARTIAL_WAKE_LOCK  CMWakeLock 0x1 5662 10010 WorkSource{10010 com.google.android.gms}
03-26 16:01:13.776  1824  4242 D PMS     : releaseWL(66eecaf): PARTIAL_WAKE_LOCK  GCoreFlp 0x1 WorkSource{10003 com.google.android.googlequicksearchbox}
03-26 16:01:13.777  1824  4412 D PMS     : releaseWL(7b248bc): PARTIAL_WAKE_LOCK  GCoreFlp 0x1 WorkSource{10010 com.google.android.gms}
03-26 16:01:13.778  1824  4396 D PMS     : releaseWL(67a7045): PARTIAL_WAKE_LOCK  GCoreFlp 0x1 WorkSource{10010 com.google.android.gms}
03-26 16:01:13.779  1824  4413 D PMS     : acquireWL(e886bf2): PARTIAL_WAKE_LOCK  NlpWakeLock 0x1 5662 10010 WorkSource{1000 android}
03-26 16:01:13.788  1824  4409 D PMS     : releaseWL(e886bf2): PARTIAL_WAKE_LOCK  NlpWakeLock 0x1 WorkSource{1000 android}
03-26 16:01:13.791  1824  4416 D PMS     : acquireWL(25e243): PARTIAL_WAKE_LOCK  NlpWakeLock 0x1 5662 10010 WorkSource{10003 com.google.android.googlequicksearchbox}
03-26 16:01:13.800  1824  4383 D PMS     : releaseWL(25e243): PARTIAL_WAKE_LOCK  NlpWakeLock 0x1 WorkSource{10003 com.google.android.googlequicksearchbox}
03-26 16:01:13.800  1824  4412 D WifiService: releaseWifiLockLocked: WifiLock{NlpWifiLock type=2 binder=android.os.BinderProxy@a6c9318}
03-26 16:01:13.801  1824  3712 D PMS     : releaseWL(7a0be53): PARTIAL_WAKE_LOCK  NlpWakeLock 0x1 WorkSource{10003 com.google.android.googlequicksearchbox}
03-26 16:01:13.802  1824  2415 D LocationManagerService: incoming location from: network
03-26 16:01:13.807  1824  4409 D PMS     : acquireWL(de3f0c0): PARTIAL_WAKE_LOCK  UlrDispSvcFastWL 0x1 5662 10010 null
03-26 16:01:13.811  1824  4358 D PMS     : releaseWL(947a4cb): PARTIAL_WAKE_LOCK  CMWakeLock 0x1 WorkSource{10010 com.google.android.gms}
03-26 16:01:13.819  1824  4413 D ConnectivityService: returning Blocked NetworkInfo for ifname=rmnet0, uid=10010
03-26 16:01:13.820  1824  2415 D PMS     : acquireWL(bba5f9f): PARTIAL_WAKE_LOCK  LocationManagerService 0x1 1824 1000 WorkSource{1000 android}
03-26 16:01:13.820  1824  2415 D PMS     : acquireWL(b7758ec): PARTIAL_WAKE_LOCK  LocationManagerService 0x1 1824 1000 WorkSource{1000 android}
03-26 16:01:13.824  1824  2415 D PMS     : acquireWL(170f4b5): PARTIAL_WAKE_LOCK  LocationManagerService 0x1 1824 1000 WorkSource{10010 com.google.android.gms}
03-26 16:01:13.825  1824  2415 D PMS     : acquireWL(a5874a): PARTIAL_WAKE_LOCK  LocationManagerService 0x1 1824 1000 WorkSource{10010 com.google.android.gms}
03-26 16:01:13.829  1824  2415 D PMS     : acquireWL(2ef56bb): PARTIAL_WAKE_LOCK  LocationManagerService 0x1 1824 1000 WorkSource{10149 com.radioopt.widget}
03-26 16:01:13.830  5662 21231 I GCoreUlr: Successfully inserted 1 locations
03-26 16:01:13.831  1824  4314 D PMS     : releaseWL(de3f0c0): PARTIAL_WAKE_LOCK  UlrDispSvcFastWL 0x1 null
03-26 16:01:13.832  1824  2415 D PMS     : acquireWL(bf717d8): PARTIAL_WAKE_LOCK  LocationManagerService 0x1 1824 1000 WorkSource{2899 com.htc.sense.hsp}
03-26 16:01:13.832  4885  4885 D AutoSettingHSP: service - onStartCommand() action: com.htc.app.autosetting.location
03-26 16:01:13.833  1824  1824 D PMS     : releaseWL(bba5f9f): PARTIAL_WAKE_LOCK  LocationManagerService 0x1 WorkSource{1000 android}
03-26 16:01:13.833  4885  4885 D AutoSettingHSP: service - ResultSet: using incoming as candidate, 1
03-26 16:01:13.833  1824  4409 D PMS     : releaseWL(170f4b5): PARTIAL_WAKE_LOCK  LocationManagerService 0x1 WorkSource{10010 com.google.android.gms}
03-26 16:01:13.834  4885  6025 D AutoSettingHSP: service - handleMessage() within range
03-26 16:01:13.834  1824  4411 D PMS     : releaseWL(a5874a): PARTIAL_WAKE_LOCK  LocationManagerService 0x1 WorkSource{10010 com.google.android.gms}
03-26 16:01:13.834  1824  4406 D PMS     : releaseWL(2ef56bb): PARTIAL_WAKE_LOCK  LocationManagerService 0x1 WorkSource{10149 com.radioopt.widget}
03-26 16:01:13.835  1824  2415 D PMS     : releaseWL(b7758ec): PARTIAL_WAKE_LOCK  LocationManagerService 0x1 WorkSource{1000 android}
03-26 16:01:13.835  1824  2415 D PMS     : releaseWL(bf717d8): PARTIAL_WAKE_LOCK  LocationManagerService 0x1 WorkSource{2899 com.htc.sense.hsp}
03-26 16:01:15.080  1824  3562 W SensorService: D/Accel(x, y, z, t) = ( -0.4,  -0.0,   9.7, 412343568ms), calendar = 1490515275, sys_time = 412343578ms
03-26 16:01:15.407  1824  2421 D BluetoothManagerService: Message: MESSAGE_BIND_PROFILE_SERVICE
03-26 16:01:17.130  1824  3562 W SensorService: D/Accel(x, y, z, t) = ( -0.4,  -0.0,   9.7, 412345618ms), calendar = 1490515277, sys_time = 412345628ms
03-26 16:01:18.410  1824  2421 D BluetoothManagerService: Message: MESSAGE_BIND_PROFILE_SERVICE
03-26 16:01:19.171  1824  3562 W SensorService: D/Accel(x, y, z, t) = ( -0.4,   0.0,   9.7, 412347659ms), calendar = 1490515279, sys_time = 412347668ms
03-26 16:01:21.222  1824  3562 W SensorService: D/Accel(x, y, z, t) = ( -0.4,  -0.0,   9.8, 412349709ms), calendar = 1490515281, sys_time = 412349719ms
03-26 16:01:21.413  1824  2421 D BluetoothManagerService: Message: MESSAGE_BIND_PROFILE_SERVICE
03-26 16:01:22.020   452  1769 E NetlinkEvent: NetlinkEvent::FindParam(): Parameter 'TIME_NS' not found
03-26 16:01:22.021   452  1769 E NetlinkEvent: NetlinkEvent::FindParam(): Parameter 'UID' not found
03-26 16:01:22.319  3683  3683 D NetworkController: [DataActivity][1][GSM] NONE
03-26 16:01:22.325  3683  3683 D SignalClusterView: vpn: VISIBLE
03-26 16:01:22.326  3683  3683 D SignalClusterView: wifi=G,stat_sys_wifi_signal_connected_0 air=G,stat_sys_signal_flightmode data[0]=V,stat_sys_data_connected_4g sig[0]=V,cdma_stat_sys_s1_5signal_3 data[1]=G,(null) sig[1]=V,cdma_stat_sys_s2_5signal_5
03-26 16:01:22.326  3683  3683 D SignalClusterView: vpn: VISIBLE
03-26 16:01:22.326  3683  3683 D SignalClusterView: wifi=G,stat_sys_wifi_signal_connected_0 air=G,stat_sys_signal_flightmode data[0]=V,stat_sys_data_connected_4g sig[0]=V,cdma_stat_sys_s1_5signal_3 data[1]=G,(null) sig[1]=V,cdma_stat_sys_s2_5signal_5
03-26 16:01:22.329  3683  3683 D NetworkController: [DataActivity][0][GSM] NONE
03-26 16:01:22.335  3683  3683 D SignalClusterView: vpn: VISIBLE
03-26 16:01:22.336  3683  3683 D SignalClusterView: wifi=G,stat_sys_wifi_signal_connected_0 air=G,stat_sys_signal_flightmode data[0]=V,stat_sys_data_connected_4g sig[0]=V,cdma_stat_sys_s1_5signal_3 data[1]=G,(null) sig[1]=V,cdma_stat_sys_s2_5signal_5
03-26 16:01:22.336  3683  3683 D SignalClusterView: vpn: VISIBLE
03-26 16:01:22.336  3683  3683 D SignalClusterView: wifi=G,stat_sys_wifi_signal_connected_0 air=G,stat_sys_signal_flightmode data[0]=V,stat_sys_data_connected_4g sig[0]=V,cdma_stat_sys_s1_5signal_3 data[1]=G,(null) sig[1]=V,cdma_stat_sys_s2_5signal_5
03-26 16:01:22.340  3683  3683 D NetworkController: [DataActivity][1][GSM] DORMANT
03-26 16:01:22.346  3683  3683 D SignalClusterView: vpn: VISIBLE
03-26 16:01:22.346  3683  3683 D SignalClusterView: wifi=G,stat_sys_wifi_signal_connected_0 air=G,stat_sys_signal_flightmode data[0]=V,stat_sys_data_connected_4g sig[0]=V,cdma_stat_sys_s1_5signal_3 data[1]=G,(null) sig[1]=V,cdma_stat_sys_s2_5signal_5
03-26 16:01:22.346  3683  3683 D SignalClusterView: vpn: VISIBLE
03-26 16:01:22.347  3683  3683 D SignalClusterView: wifi=G,stat_sys_wifi_signal_connected_0 air=G,stat_sys_signal_flightmode data[0]=V,stat_sys_data_connected_4g sig[0]=V,cdma_stat_sys_s1_5signal_3 data[1]=G,(null) sig[1]=V,cdma_stat_sys_s2_5signal_5
03-26 16:01:22.349  3683  3683 D NetworkController: [DataActivity][0][GSM] DORMANT
03-26 16:01:22.355  3683  3683 D SignalClusterView: vpn: VISIBLE
03-26 16:01:22.356  3683  3683 D SignalClusterView: wifi=G,stat_sys_wifi_signal_connected_0 air=G,stat_sys_signal_flightmode data[0]=V,stat_sys_data_connected_4g sig[0]=V,cdma_stat_sys_s1_5signal_3 data[1]=G,(null) sig[1]=V,cdma_stat_sys_s2_5signal_5
03-26 16:01:22.356  3683  3683 D SignalClusterView: vpn: VISIBLE
03-26 16:01:22.356  3683  3683 D SignalClusterView: wifi=G,stat_sys_wifi_signal_connected_0 air=G,stat_sys_signal_flightmode data[0]=V,stat_sys_data_connected_4g sig[0]=V,cdma_stat_sys_s1_5signal_3 data[1]=G,(null) sig[1]=V,cdma_stat_sys_s2_5signal_5
03-26 16:01:23.270  1824  3562 W SensorService: D/Accel(x, y, z, t) = ( -0.4,  -0.0,   9.7, 412351758ms), calendar = 1490515283, sys_time = 412351767ms
03-26 16:01:24.289 23758 20766 I DMC     : [Reporter] [Fast] begin to check
03-26 16:01:24.290 23758 20766 I DMC     : [Reporter] DmcReporterDelegate == null
03-26 16:01:24.292 23758 20766 I DMC     : [Reporter] [Fast] no data
03-26 16:01:24.417  1824  2421 D BluetoothManagerService: Message: MESSAGE_BIND_PROFILE_SERVICE
03-26 16:01:24.755  3683  3683 D NetworkController: [DataActivity][1][GSM] DORMANT
03-26 16:01:24.764  3683  3683 D SignalClusterView: vpn: VISIBLE
03-26 16:01:24.765  3683  3683 D SignalClusterView: wifi=G,stat_sys_wifi_signal_connected_0 air=G,stat_sys_signal_flightmode data[0]=V,stat_sys_data_connected_4g sig[0]=V,cdma_stat_sys_s1_5signal_3 data[1]=G,(null) sig[1]=V,cdma_stat_sys_s2_5signal_5
03-26 16:01:24.766  3683  3683 D SignalClusterView: vpn: VISIBLE
03-26 16:01:24.766  3683  3683 D SignalClusterView: wifi=G,stat_sys_wifi_signal_connected_0 air=G,stat_sys_signal_flightmode data[0]=V,stat_sys_data_connected_4g sig[0]=V,cdma_stat_sys_s1_5signal_3 data[1]=G,(null) sig[1]=V,cdma_stat_sys_s2_5signal_5
03-26 16:01:24.768  3683  3683 D NetworkController: [DataActivity][0][GSM] DORMANT
03-26 16:01:24.772   452  1769 E NetlinkEvent: NetlinkEvent::FindParam(): Parameter 'TIME_NS' not found
03-26 16:01:24.772   452  1769 E NetlinkEvent: NetlinkEvent::FindParam(): Parameter 'UID' not found
03-26 16:01:24.778  3683  3683 D SignalClusterView: vpn: VISIBLE
03-26 16:01:24.778  3683  3683 D SignalClusterView: wifi=G,stat_sys_wifi_signal_connected_0 air=G,stat_sys_signal_flightmode data[0]=V,stat_sys_data_connected_4g sig[0]=V,cdma_stat_sys_s1_5signal_3 data[1]=G,(null) sig[1]=V,cdma_stat_sys_s2_5signal_5
03-26 16:01:24.779  3683  3683 D SignalClusterView: vpn: VISIBLE
03-26 16:01:24.779  3683  3683 D SignalClusterView: wifi=G,stat_sys_wifi_signal_connected_0 air=G,stat_sys_signal_flightmode data[0]=V,stat_sys_data_connected_4g sig[0]=V,cdma_stat_sys_s1_5signal_3 data[1]=G,(null) sig[1]=V,cdma_stat_sys_s2_5signal_5
03-26 16:01:24.782  3683  3683 D NetworkController: [DataActivity][1][GSM] NONE
03-26 16:01:24.787  3683  3683 D SignalClusterView: vpn: VISIBLE
03-26 16:01:24.787  3683  3683 D SignalClusterView: wifi=G,stat_sys_wifi_signal_connected_0 air=G,stat_sys_signal_flightmode data[0]=V,stat_sys_data_connected_4g sig[0]=V,cdma_stat_sys_s1_5signal_3 data[1]=G,(null) sig[1]=V,cdma_stat_sys_s2_5signal_5
03-26 16:01:24.787  3683  3683 D SignalClusterView: vpn: VISIBLE
03-26 16:01:24.788  3683  3683 D SignalClusterView: wifi=G,stat_sys_wifi_signal_connected_0 air=G,stat_sys_signal_flightmode data[0]=V,stat_sys_data_connected_4g sig[0]=V,cdma_stat_sys_s1_5signal_3 data[1]=G,(null) sig[1]=V,cdma_stat_sys_s2_5signal_5
03-26 16:01:24.790  3683  3683 D NetworkController: [DataActivity][0][GSM] NONE
03-26 16:01:24.796  3683  3683 D SignalClusterView: vpn: VISIBLE
03-26 16:01:24.796  3683  3683 D SignalClusterView: wifi=G,stat_sys_wifi_signal_connected_0 air=G,stat_sys_signal_flightmode data[0]=V,stat_sys_data_connected_4g sig[0]=V,cdma_stat_sys_s1_5signal_3 data[1]=G,(null) sig[1]=V,cdma_stat_sys_s2_5signal_5
03-26 16:01:24.796  3683  3683 D SignalClusterView: vpn: VISIBLE
03-26 16:01:24.797  3683  3683 D SignalClusterView: wifi=G,stat_sys_wifi_signal_connected_0 air=G,stat_sys_signal_flightmode data[0]=V,stat_sys_data_connected_4g sig[0]=V,cdma_stat_sys_s1_5signal_3 data[1]=G,(null) sig[1]=V,cdma_stat_sys_s2_5signal_5
03-26 16:01:24.810  6888  7114 D NetGuard.JNI: pselect ready 1
03-26 16:01:24.810  6888  7114 D NetGuard.JNI: nativeport_send (null)
03-26 16:01:24.810  6888  7114 D NetGuard.JNI: Packet v4 10.249.166.251/36346 > 52.77.12.59/80 proto 6 flags A uid -1
03-26 16:01:24.810  6888  7114 D NetGuard.JNI: TCP A 10.249.166.251/36346 > 52.77.12.59/80 seq 3251840236 ack 4078021668 data 0 win 874 uid -1
03-26 16:01:24.810  6888  7114 W NetGuard.JNI: TCP A 10.249.166.251/36346 > 52.77.12.59/80 seq 3251840236 ack 4078021668 data 0 win 874 uid -1 unknown session
03-26 16:01:24.810  6888  7114 D NetGuard.JNI: TCP sending RST to tun 52.77.12.59/36346 seq 4078021668 ack 0 data 0
03-26 16:01:24.810  6888  7114 D NetGuard.JNI: Loop thread 870c7930
03-26 16:01:24.810  6888  7114 D NetGuard.JNI: sessions ICMP 0 UDP 0 TCP 1 max 1/3276 idle 0 sdk 23
03-26 16:01:25.310  1824  3562 W SensorService: D/Accel(x, y, z, t) = ( -0.4,  -0.0,   9.8, 412353798ms), calendar = 1490515285, sys_time = 412353807ms
03-26 16:01:25.757  3683  3683 D NetworkController: [DataActivity][1][GSM] INOUT
03-26 16:01:25.763  3683  3683 D SignalClusterView: vpn: VISIBLE
03-26 16:01:25.764  3683  3683 D SignalClusterView: wifi=G,stat_sys_wifi_signal_connected_0 air=G,stat_sys_signal_flightmode data[0]=V,stat_sys_data_connected_4g sig[0]=V,cdma_stat_sys_s1_5signal_3 data[1]=G,(null) sig[1]=V,cdma_stat_sys_s2_5signal_5
03-26 16:01:25.764  3683  3683 D SignalClusterView: vpn: VISIBLE
03-26 16:01:25.764  3683  3683 D SignalClusterView: wifi=G,stat_sys_wifi_signal_connected_0 air=G,stat_sys_signal_flightmode data[0]=V,stat_sys_data_connected_4g sig[0]=V,cdma_stat_sys_s1_5signal_3 data[1]=G,(null) sig[1]=V,cdma_stat_sys_s2_5signal_5
03-26 16:01:25.766  3683  3683 D NetworkController: [DataActivity][0][GSM] INOUT
03-26 16:01:25.772  3683  3683 D SignalClusterView: vpn: VISIBLE
03-26 16:01:25.772  3683  3683 D SignalClusterView: wifi=G,stat_sys_wifi_signal_connected_0 air=G,stat_sys_signal_flightmode data[0]=V,stat_sys_data_inandout_4g sig[0]=V,cdma_stat_sys_s1_5signal_3 data[1]=G,(null) sig[1]=V,cdma_stat_sys_s2_5signal_5
03-26 16:01:25.772  3683  3683 D SignalClusterView: vpn: VISIBLE
03-26 16:01:25.773  3683  3683 D SignalClusterView: wifi=G,stat_sys_wifi_signal_connected_0 air=G,stat_sys_signal_flightmode data[0]=V,stat_sys_data_inandout_4g sig[0]=V,cdma_stat_sys_s1_5signal_3 data[1]=G,(null) sig[1]=V,cdma_stat_sys_s2_5signal_5
03-26 16:01:26.761  3683  3683 D NetworkController: [DataActivity][1][GSM] NONE
03-26 16:01:26.767  3683  3683 D SignalClusterView: vpn: VISIBLE
03-26 16:01:26.767  3683  3683 D SignalClusterView: wifi=G,stat_sys_wifi_signal_connected_0 air=G,stat_sys_signal_flightmode data[0]=V,stat_sys_data_inandout_4g sig[0]=V,cdma_stat_sys_s1_5signal_3 data[1]=G,(null) sig[1]=V,cdma_stat_sys_s2_5signal_5
03-26 16:01:26.768  3683  3683 D SignalClusterView: vpn: VISIBLE
03-26 16:01:26.768  3683  3683 D SignalClusterView: wifi=G,stat_sys_wifi_signal_connected_0 air=G,stat_sys_signal_flightmode data[0]=V,stat_sys_data_inandout_4g sig[0]=V,cdma_stat_sys_s1_5signal_3 data[1]=G,(null) sig[1]=V,cdma_stat_sys_s2_5signal_5
03-26 16:01:26.770  3683  3683 D NetworkController: [DataActivity][0][GSM] NONE
03-26 16:01:26.775  3683  3683 D SignalClusterView: vpn: VISIBLE
03-26 16:01:26.775  3683  3683 D SignalClusterView: wifi=G,stat_sys_wifi_signal_connected_0 air=G,stat_sys_signal_flightmode data[0]=V,stat_sys_data_connected_4g sig[0]=V,cdma_stat_sys_s1_5signal_3 data[1]=G,(null) sig[1]=V,cdma_stat_sys_s2_5signal_5
03-26 16:01:26.775  3683  3683 D SignalClusterView: vpn: VISIBLE
03-26 16:01:26.776  3683  3683 D SignalClusterView: wifi=G,stat_sys_wifi_signal_connected_0 air=G,stat_sys_signal_flightmode data[0]=V,stat_sys_data_connected_4g sig[0]=V,cdma_stat_sys_s1_5signal_3 data[1]=G,(null) sig[1]=V,cdma_stat_sys_s2_5signal_5
03-26 16:01:27.360  1824  3562 W SensorService: D/Accel(x, y, z, t) = ( -0.4,   0.0,   9.7, 412355848ms), calendar = 1490515287, sys_time = 412355857ms
03-26 16:01:27.419  1824  2421 D BluetoothManagerService: Message: MESSAGE_BIND_PROFILE_SERVICE
03-26 16:01:29.400  1824  3562 W SensorService: D/Accel(x, y, z, t) = ( -0.4,  -0.0,   9.8, 412357888ms), calendar = 1490515289, sys_time = 412357897ms
03-26 16:01:30.423  1824  2421 D BluetoothManagerService: Message: MESSAGE_BIND_PROFILE_SERVICE
03-26 16:01:30.719  1824  1824 D HtcASN_1.1: onSignalStrengthsChanged...
03-26 16:01:30.725  3683  3683 D NetworkController: [Strength][0][SubId:2][GSM] SignalStrength: 99 0 -120 -160 -120 -1 -1 25 -95 -10 38 2147483647 2147483647 gsm|lte
03-26 16:01:30.735  1824  1824 D HtcASN_1.1: Keep  0: type=4G mSimExist=true mFlightMode=false HtcLevel=3
03-26 16:01:30.736  3683  3683 D SignalClusterView: vpn: VISIBLE
03-26 16:01:30.738  3683  3683 D SignalClusterView: wifi=G,stat_sys_wifi_signal_connected_0 air=G,stat_sys_signal_flightmode data[0]=V,stat_sys_data_connected_4g sig[0]=V,cdma_stat_sys_s1_5signal_3 data[1]=G,(null) sig[1]=V,cdma_stat_sys_s2_5signal_5
03-26 16:01:30.738  3683  3683 D SignalClusterView: vpn: VISIBLE
03-26 16:01:30.738  3683  3683 D SignalClusterView: wifi=G,stat_sys_wifi_signal_connected_0 air=G,stat_sys_signal_flightmode data[0]=V,stat_sys_data_connected_4g sig[0]=V,cdma_stat_sys_s1_5signal_3 data[1]=G,(null) sig[1]=V,cdma_stat_sys_s2_5signal_5
03-26 16:01:30.753  4341  5672 D PhoneInterfaceManager: [PhoneIntfMgr] getAllCellInfo: info = [CellInfoLte:{mRegistered=YES mTimeStampType=oem_ril mTimeStamp=134952571519629ns CellIdentityLte:{ mMcc=xxx mMnc=xxx mCi=xxx mPci=xxx mTac=xxx} CellSignalStrengthLte: ss=27 rsrp=-92 rsrq=-12 rssnr=2147483647 cqi=2147483647 ta=2147483647}, CellInfoLte:{mRegistered=NO mTimeStampType=oem_ril mTimeStamp=134952571519629ns CellIdentityLte:{ mMcc=xxx mMnc=xxx mCi=xxx mPci=xxx mTac=xxx} CellSignalStrengthLte: ss=21 rsrp=-102 rsrq=-19 rssnr=2147483647 cqi=2147483647 ta=2147483647}]
03-26 16:01:30.763  4341  5672 D PhoneInterfaceManager: [PhoneIntfMgr] getAllCellInfo: info is null, ignore
03-26 16:01:31.450  1824  3562 W SensorService: D/Accel(x, y, z, t) = ( -0.4,  -0.0,   9.7, 412359938ms), calendar = 1490515291, sys_time = 412359947ms
03-26 16:01:32.977  6888  7114 D NetGuard.JNI: pselect ready 1
03-26 16:01:32.978  6888  7114 D NetGuard.JNI: nativeport_send (null)
03-26 16:01:32.978  6888  7114 D NetGuard.JNI: Packet v4 10.249.166.251/44843 > 31.13.87.1/443 proto 6 flags A uid -1
03-26 16:01:32.978  6888  7114 D NetGuard.JNI: TCP A 10.249.166.251/44843 > 31.13.87.1/443 seq 2820981197 ack 718463970 data 0 win 820 uid -1
03-26 16:01:32.978  6888  7114 W NetGuard.JNI: TCP A 10.249.166.251/44843 > 31.13.87.1/443 seq 2820981197 ack 718463970 data 0 win 820 uid -1 unknown session
03-26 16:01:32.978  6888  7114 D NetGuard.JNI: TCP sending RST to tun 31.13.87.1/44843 seq 718463970 ack 0 data 0
03-26 16:01:32.979  6888  7114 D NetGuard.JNI: Loop thread 870c7930
03-26 16:01:32.981  6888  7114 D NetGuard.JNI: sessions ICMP 0 UDP 0 TCP 1 max 1/3276 idle 0 sdk 23
03-26 16:01:32.981  6888  7114 D NetGuard.JNI: pselect ready 1
03-26 16:01:32.981  6888  7114 D NetGuard.JNI: nativeport_send (null)
03-26 16:01:32.981  6888  7114 D NetGuard.JNI: Packet v4 10.249.166.251/44843 > 31.13.87.1/443 proto 6 flags A uid -1
03-26 16:01:32.982  6888  7114 D NetGuard.JNI: TCP A 10.249.166.251/44843 > 31.13.87.1/443 seq 2820981197 ack 718463971 data 0 win 820 uid -1
03-26 16:01:32.982  6888  7114 W NetGuard.JNI: TCP A 10.249.166.251/44843 > 31.13.87.1/443 seq 2820981197 ack 718463971 data 0 win 820 uid -1 unknown session
03-26 16:01:32.982  6888  7114 D NetGuard.JNI: TCP sending RST to tun 31.13.87.1/44843 seq 718463971 ack 0 data 0
03-26 16:01:32.983  6888  7114 D NetGuard.JNI: Loop thread 870c7930
03-26 16:01:32.983  6888  7114 D NetGuard.JNI: sessions ICMP 0 UDP 0 TCP 1 max 1/3276 idle 0 sdk 23
03-26 16:01:33.427  1824  2421 D BluetoothManagerService: Message: MESSAGE_BIND_PROFILE_SERVICE
03-26 16:01:33.490  1824  3562 W SensorService: D/Accel(x, y, z, t) = ( -0.4,  -0.0,   9.7, 412361978ms), calendar = 1490515293, sys_time = 412361987ms
03-26 16:01:33.779  3683  3683 D NetworkController: [DataActivity][1][GSM] INOUT
03-26 16:01:33.786  3683  3683 D SignalClusterView: vpn: VISIBLE
03-26 16:01:33.787  3683  3683 D SignalClusterView: wifi=G,stat_sys_wifi_signal_connected_0 air=G,stat_sys_signal_flightmode data[0]=V,stat_sys_data_connected_4g sig[0]=V,cdma_stat_sys_s1_5signal_3 data[1]=G,(null) sig[1]=V,cdma_stat_sys_s2_5signal_5
03-26 16:01:33.787  3683  3683 D SignalClusterView: vpn: VISIBLE
03-26 16:01:33.787  3683  3683 D SignalClusterView: wifi=G,stat_sys_wifi_signal_connected_0 air=G,stat_sys_signal_flightmode data[0]=V,stat_sys_data_connected_4g sig[0]=V,cdma_stat_sys_s1_5signal_3 data[1]=G,(null) sig[1]=V,cdma_stat_sys_s2_5signal_5
03-26 16:01:33.790  3683  3683 D NetworkController: [DataActivity][0][GSM] INOUT
03-26 16:01:33.796  3683  3683 D SignalClusterView: vpn: VISIBLE
03-26 16:01:33.797  3683  3683 D SignalClusterView: wifi=G,stat_sys_wifi_signal_connected_0 air=G,stat_sys_signal_flightmode data[0]=V,stat_sys_data_inandout_4g sig[0]=V,cdma_stat_sys_s1_5signal_3 data[1]=G,(null) sig[1]=V,cdma_stat_sys_s2_5signal_5
03-26 16:01:33.797  3683  3683 D SignalClusterView: vpn: VISIBLE
03-26 16:01:33.797  3683  3683 D SignalClusterView: wifi=G,stat_sys_wifi_signal_connected_0 air=G,stat_sys_signal_flightmode data[0]=V,stat_sys_data_inandout_4g sig[0]=V,cdma_stat_sys_s1_5signal_3 data[1]=G,(null) sig[1]=V,cdma_stat_sys_s2_5signal_5
03-26 16:01:34.782  3683  3683 D NetworkController: [DataActivity][1][GSM] NONE
03-26 16:01:34.788  3683  3683 D SignalClusterView: vpn: VISIBLE
03-26 16:01:34.789  3683  3683 D SignalClusterView: wifi=G,stat_sys_wifi_signal_connected_0 air=G,stat_sys_signal_flightmode data[0]=V,stat_sys_data_inandout_4g sig[0]=V,cdma_stat_sys_s1_5signal_3 data[1]=G,(null) sig[1]=V,cdma_stat_sys_s2_5signal_5
03-26 16:01:34.789  3683  3683 D SignalClusterView: vpn: VISIBLE
03-26 16:01:34.789  3683  3683 D SignalClusterView: wifi=G,stat_sys_wifi_signal_connected_0 air=G,stat_sys_signal_flightmode data[0]=V,stat_sys_data_inandout_4g sig[0]=V,cdma_stat_sys_s1_5signal_3 data[1]=G,(null) sig[1]=V,cdma_stat_sys_s2_5signal_5
03-26 16:01:34.791  3683  3683 D NetworkController: [DataActivity][0][GSM] NONE
03-26 16:01:34.800  3683  3683 D SignalClusterView: vpn: VISIBLE
03-26 16:01:34.800  3683  3683 D SignalClusterView: wifi=G,stat_sys_wifi_signal_connected_0 air=G,stat_sys_signal_flightmode data[0]=V,stat_sys_data_connected_4g sig[0]=V,cdma_stat_sys_s1_5signal_3 data[1]=G,(null) sig[1]=V,cdma_stat_sys_s2_5signal_5
03-26 16:01:34.800  3683  3683 D SignalClusterView: vpn: VISIBLE
03-26 16:01:34.801  3683  3683 D SignalClusterView: wifi=G,stat_sys_wifi_signal_connected_0 air=G,stat_sys_signal_flightmode data[0]=V,stat_sys_data_connected_4g sig[0]=V,cdma_stat_sys_s1_5signal_3 data[1]=G,(null) sig[1]=V,cdma_stat_sys_s2_5signal_5
03-26 16:01:35.541  1824  3562 W SensorService: D/Accel(x, y, z, t) = ( -0.4,  -0.0,   9.7, 412364029ms), calendar = 1490515295, sys_time = 412364039ms
03-26 16:01:36.430  1824  2421 D BluetoothManagerService: Message: MESSAGE_BIND_PROFILE_SERVICE
03-26 16:01:37.440  1824  1824 D HtcASN_1.1: onSignalStrengthsChanged...
03-26 16:01:37.444  3683  3683 D NetworkController: [Strength][0][SubId:2][GSM] SignalStrength: 99 0 -120 -160 -120 -1 -1 25 -94 -10 40 2147483647 2147483647 gsm|lte
03-26 16:01:37.453  1824  1824 D HtcASN_1.1: Keep  0: type=4G mSimExist=true mFlightMode=false HtcLevel=3
03-26 16:01:37.453  3683  3683 D SignalClusterView: vpn: VISIBLE
03-26 16:01:37.454  3683  3683 D SignalClusterView: wifi=G,stat_sys_wifi_signal_connected_0 air=G,stat_sys_signal_flightmode data[0]=V,stat_sys_data_connected_4g sig[0]=V,cdma_stat_sys_s1_5signal_3 data[1]=G,(null) sig[1]=V,cdma_stat_sys_s2_5signal_5
03-26 16:01:37.454  3683  3683 D SignalClusterView: vpn: VISIBLE
03-26 16:01:37.454  3683  3683 D SignalClusterView: wifi=G,stat_sys_wifi_signal_connected_0 air=G,stat_sys_signal_flightmode data[0]=V,stat_sys_data_connected_4g sig[0]=V,cdma_stat_sys_s1_5signal_3 data[1]=G,(null) sig[1]=V,cdma_stat_sys_s2_5signal_5
03-26 16:01:37.457  4341  7535 D PhoneInterfaceManager: [PhoneIntfMgr] getAllCellInfo: info = [CellInfoLte:{mRegistered=YES mTimeStampType=oem_ril mTimeStamp=134959275095720ns CellIdentityLte:{ mMcc=xxx mMnc=xxx mCi=xxx mPci=xxx mTac=xxx} CellSignalStrengthLte: ss=26 rsrp=-93 rsrq=-13 rssnr=2147483647 cqi=2147483647 ta=2147483647}, CellInfoLte:{mRegistered=NO mTimeStampType=oem_ril mTimeStamp=134959275095720ns CellIdentityLte:{ mMcc=xxx mMnc=xxx mCi=xxx mPci=xxx mTac=xxx} CellSignalStrengthLte: ss=20 rsrp=-99 rsrq=-17 rssnr=2147483647 cqi=2147483647 ta=2147483647}, CellInfoLte:{mRegistered=NO mTimeStampType=oem_ril mTimeStamp=134959275095720ns CellIdentityLte:{ mMcc=xxx mMnc=xxx mCi=xxx mPci=xxx mTac=xxx} CellSignalStrengthLte: ss=21 rsrp=-98 rsrq=-17 rssnr=2147483647 cqi=2147483647 ta=2147483647}]
03-26 16:01:37.460  4341  7535 D PhoneInterfaceManager: [PhoneIntfMgr] getAllCellInfo: info is null, ignore
03-26 16:01:37.590  1824  3562 W SensorService: D/Accel(x, y, z, t) = ( -0.4,  -0.0,   9.7, 412366079ms), calendar = 1490515297, sys_time = 412366088ms
03-26 16:01:39.433  1824  2421 D BluetoothManagerService: Message: MESSAGE_BIND_PROFILE_SERVICE
03-26 16:01:39.631  1824  3562 W SensorService: D/Accel(x, y, z, t) = ( -0.4,  -0.0,   9.7, 412368119ms), calendar = 1490515299, sys_time = 412368128ms
03-26 16:01:41.682  1824  3562 W SensorService: D/Accel(x, y, z, t) = ( -0.4,  -0.0,   9.8, 412370170ms), calendar = 1490515301, sys_time = 412370179ms
03-26 16:01:42.437  1824  2421 D BluetoothManagerService: Message: MESSAGE_BIND_PROFILE_SERVICE
03-26 16:01:43.183   452  1769 E NetlinkEvent: NetlinkEvent::FindParam(): Parameter 'TIME_NS' not found
03-26 16:01:43.183   452  1769 E NetlinkEvent: NetlinkEvent::FindParam(): Parameter 'UID' not found
03-26 16:01:43.291  3683  3683 D NetworkController: [DataActivity][1][GSM] NONE
03-26 16:01:43.298  3683  3683 D SignalClusterView: vpn: VISIBLE
03-26 16:01:43.298  3683  3683 D SignalClusterView: wifi=G,stat_sys_wifi_signal_connected_0 air=G,stat_sys_signal_flightmode data[0]=V,stat_sys_data_connected_4g sig[0]=V,cdma_stat_sys_s1_5signal_3 data[1]=G,(null) sig[1]=V,cdma_stat_sys_s2_5signal_5
03-26 16:01:43.298  3683  3683 D SignalClusterView: vpn: VISIBLE
03-26 16:01:43.299  3683  3683 D SignalClusterView: wifi=G,stat_sys_wifi_signal_connected_0 air=G,stat_sys_signal_flightmode data[0]=V,stat_sys_data_connected_4g sig[0]=V,cdma_stat_sys_s1_5signal_3 data[1]=G,(null) sig[1]=V,cdma_stat_sys_s2_5signal_5
03-26 16:01:43.301  3683  3683 D NetworkController: [DataActivity][0][GSM] NONE
03-26 16:01:43.307  3683  3683 D SignalClusterView: vpn: VISIBLE
03-26 16:01:43.307  3683  3683 D SignalClusterView: wifi=G,stat_sys_wifi_signal_connected_0 air=G,stat_sys_signal_flightmode data[0]=V,stat_sys_data_connected_4g sig[0]=V,cdma_stat_sys_s1_5signal_3 data[1]=G,(null) sig[1]=V,cdma_stat_sys_s2_5signal_5
03-26 16:01:43.307  3683  3683 D SignalClusterView: vpn: VISIBLE
03-26 16:01:43.307  3683  3683 D SignalClusterView: wifi=G,stat_sys_wifi_signal_connected_0 air=G,stat_sys_signal_flightmode data[0]=V,stat_sys_data_connected_4g sig[0]=V,cdma_stat_sys_s1_5signal_3 data[1]=G,(null) sig[1]=V,cdma_stat_sys_s2_5signal_5
03-26 16:01:43.309  3683  3683 D NetworkController: [DataActivity][0][GSM] DORMANT
03-26 16:01:43.315  3683  3683 D SignalClusterView: vpn: VISIBLE
03-26 16:01:43.315  3683  3683 D SignalClusterView: wifi=G,stat_sys_wifi_signal_connected_0 air=G,stat_sys_signal_flightmode data[0]=V,stat_sys_data_connected_4g sig[0]=V,cdma_stat_sys_s1_5signal_3 data[1]=G,(null) sig[1]=V,cdma_stat_sys_s2_5signal_5
03-26 16:01:43.315  3683  3683 D SignalClusterView: vpn: VISIBLE
03-26 16:01:43.316  3683  3683 D SignalClusterView: wifi=G,stat_sys_wifi_signal_connected_0 air=G,stat_sys_signal_flightmode data[0]=V,stat_sys_data_connected_4g sig[0]=V,cdma_stat_sys_s1_5signal_3 data[1]=G,(null) sig[1]=V,cdma_stat_sys_s2_5signal_5
03-26 16:01:43.318  3683  3683 D NetworkController: [DataActivity][1][GSM] DORMANT
03-26 16:01:43.324  3683  3683 D SignalClusterView: vpn: VISIBLE
03-26 16:01:43.325  3683  3683 D SignalClusterView: wifi=G,stat_sys_wifi_signal_connected_0 air=G,stat_sys_signal_flightmode data[0]=V,stat_sys_data_connected_4g sig[0]=V,cdma_stat_sys_s1_5signal_3 data[1]=G,(null) sig[1]=V,cdma_stat_sys_s2_5signal_5
03-26 16:01:43.325  3683  3683 D SignalClusterView: vpn: VISIBLE
03-26 16:01:43.325  3683  3683 D SignalClusterView: wifi=G,stat_sys_wifi_signal_connected_0 air=G,stat_sys_signal_flightmode data[0]=V,stat_sys_data_connected_4g sig[0]=V,cdma_stat_sys_s1_5signal_3 data[1]=G,(null) sig[1]=V,cdma_stat_sys_s2_5signal_5
03-26 16:01:43.720  1824  3562 W SensorService: D/Accel(x, y, z, t) = ( -0.4,  -0.0,   9.7, 412372209ms), calendar = 1490515303, sys_time = 412372218ms
03-26 16:01:43.930  4885  6025 D AutoSettingHSP: service - handleMessage() stop self
03-26 16:01:43.988  4885  4885 D AutoSettingHSP: service - onDestroy() END
03-26 16:01:43.992  1824  4314 I ActivityManager: Killing 4266:com.android.defcontainer/u0a57 (adj 15): empty #17
03-26 16:01:43.993  1824  4314 D Process : killProcessQuiet, pid=4266
03-26 16:01:43.994  1824  4314 D Process : com.android.server.am.ProcessRecord.kill:582 com.android.server.am.ActivityManagerService.updateOomAdjLocked:20324 com.android.server.am.ActivityManagerService.updateOomAdjLocked:20161 
03-26 16:01:44.008  4885  6025 D AutoSettingHSP: service - handleMessage() quit looper
03-26 16:01:44.014  1824  4409 I ActivityManager: Recipient 4266
03-26 16:01:45.440  1824  2421 D BluetoothManagerService: Message: MESSAGE_BIND_PROFILE_SERVICE
03-26 16:01:45.771  1824  3562 W SensorService: D/Accel(x, y, z, t) = ( -0.4,  -0.0,   9.7, 412374259ms), calendar = 1490515305, sys_time = 412374268ms
03-26 16:01:47.820  1824  3562 W SensorService: D/Accel(x, y, z, t) = ( -0.3,  -0.0,   9.7, 412376308ms), calendar = 1490515307, sys_time = 412376317ms
03-26 16:01:48.442  1824  2421 D BluetoothManagerService: Message: MESSAGE_BIND_PROFILE_SERVICE
03-26 16:01:49.861  1824  3562 W SensorService: D/Accel(x, y, z, t) = ( -0.4,  -0.0,   9.7, 412378349ms), calendar = 1490515309, sys_time = 412378358ms
03-26 16:01:51.390  1824  1896 D PMS     : acquireWL(c097525): PARTIAL_WAKE_LOCK  BatteryServiceUpdateStats_3 0x1 1824 1000 null
03-26 16:01:51.395  1824  1896 I BatteryService: n_update end
03-26 16:01:51.409  1824  1824 I BatteryLightController: updateBattery(plugged=true plugin=true low=false full=false health=2 status=2 timeout=false usbOverheat=false)
03-26 16:01:51.409  1824  1824 D UsbnetService: BroadcastReceiver::onReceive+
03-26 16:01:51.409  1824  1824 D UsbnetService: onReceive BATTERY_CHANGED
03-26 16:01:51.409  1824  1824 D UsbnetService:  --> pluggedType = 2, mPluggedType = 0, mScreenOff = false
03-26 16:01:51.410  1824  1824 D UsbnetService: BroadcastReceiver::onReceive-
03-26 16:01:51.410  1824  1824 I DeviceIdleController: updateChargingLocked: charging=true
03-26 16:01:51.410  1824  1824 W DeviceIdleController: becomeActiveLocked, reason = charging
03-26 16:01:51.434  3683  3683 D PowerUI : closing low battery warning: level=61
03-26 16:01:51.435  4183  4183 D DotMatrix: [EventService] reorderCurrEventType, mCurrentEventType = 30, version:2.1
03-26 16:01:51.435  4183  4183 D DotMatrix: [EventService] checkEventUpdateCondition, bCheckCondition:true, mCoverOn:false,mbIsUserInForeground:true,mbIsDeviceSupportDotView:true
03-26 16:01:51.437  1824  2426 D HtcPowerSaver: updateBatteryInfo
03-26 16:01:51.437  1824  1896 D PMS     : releaseWL(c097525): PARTIAL_WAKE_LOCK  BatteryServiceUpdateStats_3 0x1 null
03-26 16:01:51.447  1824  2421 D BluetoothManagerService: Message: MESSAGE_BIND_PROFILE_SERVICE
03-26 16:01:51.456  1824  1824 D PMS     : runPSCheck
03-26 16:01:51.456  1824  1824 D HtcPowerSaver: Checking...
03-26 16:01:51.456  1824  1824 I HtcPowerSaver: >> updateStatus
03-26 16:01:51.458  1824  1824 I HtcPowerSaver: << updateStatus
03-26 16:01:51.487  4183  4193 D DotMatrix: [NotificationService] onNotificationPosted, pkgName: com.android.systemui, id: 2130838304, isClearable: false, isForDotMatrix: false
03-26 16:01:51.491  3683  3683 I QuickSettingPowerSaver: updateEnabledState:(false,false,false)
03-26 16:01:51.491  3683  3683 I QuickSettingPowerSaverEX: batteryLevelChanged:true
03-26 16:01:51.491  3683  3683 I QuickSettingPowerSaverEX: updateEnabledState:(false,false,false)
03-26 16:01:51.494  3683  3683 I BatteryController: status:2 health:2 level:61 unsupport:false plugged:true timeout:false
03-26 16:01:51.497  3683  3683 I RemoteViews: apply(37,3)/com.android.systemui
03-26 16:01:51.506  3683  3683 W ResourceType: No package identifier when getting value for resource number 0x00000000
03-26 16:01:51.507  3683  3683 E Icon    : Unable to load resource 0x00000000 from pkg=
03-26 16:01:51.507  3683  3683 E Icon    : android.content.res.Resources$NotFoundException: Resource ID #0x0
03-26 16:01:51.507  3683  3683 E Icon    : 	at android.content.res.Resources.getValue(Resources.java:1359)
03-26 16:01:51.507  3683  3683 E Icon    : 	at android.content.res.Resources.getDrawable(Resources.java:812)
03-26 16:01:51.507  3683  3683 E Icon    : 	at android.graphics.drawable.Icon.loadDrawableInner(Icon.java:313)
03-26 16:01:51.507  3683  3683 E Icon    : 	at android.graphics.drawable.Icon.loadDrawable(Icon.java:269)
03-26 16:01:51.507  3683  3683 E Icon    : 	at android.widget.RemoteViews$TextViewDrawableAction.apply(RemoteViews.java:1502)
03-26 16:01:51.507  3683  3683 E Icon    : 	at android.widget.RemoteViews.performApply(RemoteViews.java:2805)
03-26 16:01:51.507  3683  3683 E Icon    : 	at android.widget.RemoteViews.apply(RemoteViews.java:2764)
03-26 16:01:51.507  3683  3683 E Icon    : 	at android.widget.RemoteViews$ViewGroupAction.apply(RemoteViews.java:1373)
03-26 16:01:51.507  3683  3683 E Icon    : 	at android.widget.RemoteViews.performApply(RemoteViews.java:2805)
03-26 16:01:51.507  3683  3683 E Icon    : 	at android.widget.RemoteViews.reapply(RemoteViews.java:2795)
03-26 16:01:51.507  3683  3683 E Icon    : 	at com.android.systemui.statusbar.BaseStatusBar.updateNotificationViews(BaseStatusBar.java:2168)
03-26 16:01:51.507  3683  3683 E Icon    : 	at com.android.systemui.statusbar.BaseStatusBar.updateNotification(BaseStatusBar.java:2044)
03-26 16:01:51.507  3683  3683 E Icon    : 	at com.android.systemui.statusbar.BaseStatusBar$6$2.run(BaseStatusBar.java:513)
03-26 16:01:51.507  3683  3683 E Icon    : 	at android.os.Handler.handleCallback(Handler.java:739)
03-26 16:01:51.507  3683  3683 E Icon    : 	at android.os.Handler.dispatchMessage(Handler.java:95)
03-26 16:01:51.507  3683  3683 E Icon    : 	at android.os.Looper.loop(Looper.java:168)
03-26 16:01:51.507  3683  3683 E Icon    : 	at android.app.ActivityThread.main(ActivityThread.java:5885)
03-26 16:01:51.507  3683  3683 E Icon    : 	at java.lang.reflect.Method.invoke(Native Method)
03-26 16:01:51.507  3683  3683 E Icon    : 	at com.android.internal.os.ZygoteInit$MethodAndArgsCaller.run(ZygoteInit.java:797)
03-26 16:01:51.507  3683  3683 E Icon    : 	at com.android.internal.os.ZygoteInit.main(ZygoteInit.java:687)
03-26 16:01:51.507  3683  3683 I RemoteViews: apply(5,5)/com.android.systemui
03-26 16:01:51.507  3683  3683 I RemoteViews: apply(43,9)/com.android.systemui
03-26 16:01:51.510  3683  3683 W ResourceType: No package identifier when getting value for resource number 0x00000000
03-26 16:01:51.511  3683  3683 E Icon    : Unable to load resource 0x00000000 from pkg=
03-26 16:01:51.511  3683  3683 E Icon    : android.content.res.Resources$NotFoundException: Resource ID #0x0
03-26 16:01:51.511  3683  3683 E Icon    : 	at android.content.res.Resources.getValue(Resources.java:1359)
03-26 16:01:51.511  3683  3683 E Icon    : 	at android.content.res.Resources.getDrawable(Resources.java:812)
03-26 16:01:51.511  3683  3683 E Icon    : 	at android.graphics.drawable.Icon.loadDrawableInner(Icon.java:313)
03-26 16:01:51.511  3683  3683 E Icon    : 	at android.graphics.drawable.Icon.loadDrawable(Icon.java:269)
03-26 16:01:51.511  3683  3683 E Icon    : 	at android.widget.RemoteViews$TextViewDrawableAction.apply(RemoteViews.java:1502)
03-26 16:01:51.511  3683  3683 E Icon    : 	at android.widget.RemoteViews.performApply(RemoteViews.java:2805)
03-26 16:01:51.511  3683  3683 E Icon    : 	at android.widget.RemoteViews.apply(RemoteViews.java:2764)
03-26 16:01:51.511  3683  3683 E Icon    : 	at android.widget.RemoteViews$ViewGroupAction.apply(RemoteViews.java:1373)
03-26 16:01:51.511  3683  3683 E Icon    : 	at android.widget.RemoteViews.performApply(RemoteViews.java:2805)
03-26 16:01:51.511  3683  3683 E Icon    : 	at android.widget.RemoteViews.reapply(RemoteViews.java:2795)
03-26 16:01:51.511  3683  3683 E Icon    : 	at com.android.systemui.statusbar.BaseStatusBar.updateNotificationViews(BaseStatusBar.java:2175)
03-26 16:01:51.511  3683  3683 E Icon    : 	at com.android.systemui.statusbar.BaseStatusBar.updateNotification(BaseStatusBar.java:2044)
03-26 16:01:51.511  3683  3683 E Icon    : 	at com.android.systemui.statusbar.BaseStatusBar$6$2.run(BaseStatusBar.java:513)
03-26 16:01:51.511  3683  3683 E Icon    : 	at android.os.Handler.handleCallback(Handler.java:739)
03-26 16:01:51.511  3683  3683 E Icon    : 	at android.os.Handler.dispatchMessage(Handler.java:95)
03-26 16:01:51.511  3683  3683 E Icon    : 	at android.os.Looper.loop(Looper.java:168)
03-26 16:01:51.511  3683  3683 E Icon    : 	at android.app.ActivityThread.main(ActivityThread.java:5885)
03-26 16:01:51.511  3683  3683 E Icon    : 	at java.lang.reflect.Method.invoke(Native Method)
03-26 16:01:51.511  3683  3683 E Icon    : 	at com.android.internal.os.ZygoteInit$MethodAndArgsCaller.run(ZygoteInit.java:797)
03-26 16:01:51.511  3683  3683 E Icon    : 	at com.android.internal.os.ZygoteInit.main(ZygoteInit.java:687)
03-26 16:01:51.511  3683  3683 I RemoteViews: apply(5,1)/com.android.systemui
03-26 16:01:51.511  3683  3683 I RemoteViews: apply(43,4)/com.android.systemui
03-26 16:01:51.512  3683  3683 I PhoneStatusBar: updateEmptyShade(true,true)
03-26 16:01:51.512  3683  3683 I NotificationStackScrollLayout: setBlockTouch:false
03-26 16:01:51.911  1824  3562 W SensorService: D/Accel(x, y, z, t) = ( -0.4,  -0.0,   9.7, 412380399ms), calendar = 1490515311, sys_time = 412380408ms
03-26 16:01:53.951  1824  3562 W SensorService: D/Accel(x, y, z, t) = ( -0.4,  -0.0,   9.7, 412382439ms), calendar = 1490515313, sys_time = 412382448ms
03-26 16:01:54.460  1824  2421 D BluetoothManagerService: Message: MESSAGE_BIND_PROFILE_SERVICE
03-26 16:01:56.002  1824  3562 W SensorService: D/Accel(x, y, z, t) = ( -0.4,  -0.0,   9.7, 412384490ms), calendar = 1490515316, sys_time = 412384500ms
03-26 16:01:57.464  1824  2421 D BluetoothManagerService: Message: MESSAGE_BIND_PROFILE_SERVICE
03-26 16:01:58.051  1824  3562 W SensorService: D/Accel(x, y, z, t) = ( -0.4,  -0.0,   9.7, 412386539ms), calendar = 1490515318, sys_time = 412386548ms
03-26 16:02:00.006  1824  3564 D PMS     : acquireWL(9013ea1): PARTIAL_WAKE_LOCK  *alarm* 0x40000001 1824 1000 WorkSource{1000}
03-26 16:02:00.009  1824  3564 D AlarmManager: sending alarm PendingIntent{870a21a: PendingIntentRecord{375214b android broadcastIntent}}, i=android.intent.action.TIME_TICK, t=3, cnt=1, w=412388488, Int=0
03-26 16:02:00.018  1824  3564 D AlarmManager: sending alarm PendingIntent{17f71b9: PendingIntentRecord{5fff9fe com.htc.launcher broadcastIntent}}, i=com.cmcm.adsdk.ConfigMonitor_Action, t=1, cnt=1, w=1490515280703, Int=7200000
03-26 16:02:00.043  1824  4406 D PMS     : acquireWL(822e8c6): PARTIAL_WAKE_LOCK  ULR_BarometerReading_WakeLock 0x1 5662 10010 WorkSource{10010 com.google.android.gms}
03-26 16:02:00.046  5662  5662 I SensorManager: registerListenerImpl: listener = alxg@9e71278, sensor = {Sensor name="Pressure Sensor", vendor="HTC Group Ltd.", version=1, type=6, maxRange=2000.0, resolution=1.0, power=0.0027, minDelay=10000}, delay = 0, handler = null
03-26 16:02:00.053  1824  1896 W SensorService: D/enable: connection.get() = 0xb7a19c78, [v01]
03-26 16:02:00.053  1824  1896 W SensorService: D/enable: get sensor name = Pressure Sensor
03-26 16:02:00.054  1824  1896 W SensorService: D/pid=5662, uid=10010
03-26 16:02:00.054  1824  1896 W SensorService: D/Active sensors: size = 4
03-26 16:02:00.054  1824  1896 W SensorService: Accelerometer Sensor (handle=0x00000000, connections=1)
03-26 16:02:00.054  1824  1896 W SensorService: Pressure Sensor (handle=0x00000009, connections=1)
03-26 16:02:00.054  1824  1896 W SensorService: Significant Motion (handle=0x0000000f, connections=2)
03-26 16:02:00.054  1824  1896 W SensorService: hTC Enable Active Engine Sensor (handle=0x00000012, connections=1)
03-26 16:02:00.054  1824  4242 W SensorService: SensorService::listenerSensor++: mName = alxg@9e71278, eanble = 1, strlen(mName) = 12
03-26 16:02:00.055  1824  4242 W SensorService: Active Listeners: mActiveListeners.size() = 5
03-26 16:02:00.055  1824  4242 W SensorService: Listener[0] = com.android.server.HtcActiveEngineManager@57ef1e2
03-26 16:02:00.055  1824  4242 W SensorService: Listener[1] = com.tm.e.a@ac31f59
03-26 16:02:00.055  1824  4242 W SensorService: Listener[2] = com.tm.e.a@2d4d93c
03-26 16:02:00.055  1824  4242 W SensorService: Listener[3] = com.android.server.policy.WindowOrientationListener$AccelSensorJudge@e2646c6
03-26 16:02:00.055  1824  4242 W SensorService: Listener[4] = alxg@9e71278
03-26 16:02:00.055  1824  4242 W SensorService: listenerSensor--:
03-26 16:02:00.059  1824  3564 D AlarmManager: sending alarm PendingIntent{5a3fb77: PendingIntentRecord{27a83e4 com.google.android.gms startService}}, i=com.google.android.location.internal.action.ULR_BAROMETER_READ_ALARM, t=1, cnt=1, w=1490515320000, Int=120000
03-26 16:02:00.070  5662  5662 I SensorManager: unregisterListenerImpl++: listener = alxg@9e71278
03-26 16:02:00.071  1824  4416 W SensorService: D/disable: connection.get() = 0xb7a19c78
03-26 16:02:00.071  1824  4416 W SensorService: D/disable: get sensor name = Pressure Sensor
03-26 16:02:00.071  1824  4416 W SensorService: D/pid=5662, uid=10010
03-26 16:02:00.071  1824  4416 W SensorService: D/Active sensors: size = 3
03-26 16:02:00.072  1824  4416 W SensorService: Accelerometer Sensor (handle=0x00000000, connections=1)
03-26 16:02:00.072  1824  4416 W SensorService: Significant Motion (handle=0x0000000f, connections=2)
03-26 16:02:00.072  1824  4416 W SensorService: hTC Enable Active Engine Sensor (handle=0x00000012, connections=1)
03-26 16:02:00.072  1824  1892 W SensorService: SensorService::listenerSensor++: mName = alxg@9e71278, eanble = 0, strlen(mName) = 12
03-26 16:02:00.072  1824  1892 W SensorService: Active Listeners: mActiveListeners.size() = 4
03-26 16:02:00.072  1824  1892 W SensorService: Listener[0] = com.android.server.HtcActiveEngineManager@57ef1e2
03-26 16:02:00.072  1824  1892 W SensorService: Listener[1] = com.tm.e.a@ac31f59
03-26 16:02:00.072  1824  1892 W SensorService: Listener[2] = com.tm.e.a@2d4d93c
03-26 16:02:00.072  1824  1892 W SensorService: Listener[3] = com.android.server.policy.WindowOrientationListener$AccelSensorJudge@e2646c6
03-26 16:02:00.072  1824  1892 W SensorService: listenerSensor--:
03-26 16:02:00.074  1824  4396 D PMS     : releaseWL(822e8c6): PARTIAL_WAKE_LOCK  ULR_BarometerReading_WakeLock 0x1 WorkSource{10010 com.google.android.gms}
03-26 16:02:00.088  1683  1683 W Settings: Setting android_id has moved from android.provider.Settings.System to android.provider.Settings.Secure, returning read-only value.
03-26 16:02:00.090  1824  3562 W SensorService: D/Accel(x, y, z, t) = ( -0.4,  -0.0,   9.7, 412388578ms), calendar = 1490515320, sys_time = 412388588ms
03-26 16:02:00.108 14525 14525 W Settings: Setting android_id has moved from android.provider.Settings.System to android.provider.Settings.Secure, returning read-only value.
03-26 16:02:00.124  1824  4409 D PMS     : acquireWL(8eda087): PARTIAL_WAKE_LOCK  UlrDispSvcFastWL 0x1 5662 10010 null
03-26 16:02:00.145  1824  4358 D PMS     : releaseWL(8eda087): PARTIAL_WAKE_LOCK  UlrDispSvcFastWL 0x1 null
03-26 16:02:00.160 23758 23839 D libc    : [NET] android_getaddrinfofornetcontext+,hn 17(0x756e636f6e662e),sn(),hints(known),family 0,flags 1024, proc=com.htc.launcher
03-26 16:02:00.160 14525 14618 D libc    : [NET] android_getaddrinfofornetcontext+,hn 17(0x756e636f6e662e),sn(),hints(known),family 0,flags 1024, proc=com.cleanmaster.mguard
03-26 16:02:00.161 23758 23839 D libc    : [NET] android_getaddrinfo_proxy get netid:0
03-26 16:02:00.162   452  9416 D libc    : [NET] android_getaddrinfofornetcontext+,hn 17(0x756e636f6e662e),sn(),hints(known),family 0,flags 0, proc=/system/bin/netd
03-26 16:02:00.162   452  9416 D libc    : [NET] android_getaddrinfo_proxy-, fd error: Success(0)
03-26 16:02:00.163   452  9416 D libc    : [NET] _dns_getaddrinfo+, netid:335, mark:917839
03-26 16:02:00.163  6888  7114 D NetGuard.JNI: pselect ready 1
03-26 16:02:00.163  6888  7114 D NetGuard.JNI: nativeport_send (null)
03-26 16:02:00.163  6888  7114 D NetGuard.JNI: Packet v4 10.1.10.1/57651 > 168.95.1.1/53 proto 17 flags  uid -1
03-26 16:02:00.163  6888  7114 I NetGuard.JNI: UDP new session from 10.1.10.1/57651 to 168.95.1.1/53
03-26 16:02:00.164  6888  7114 D NetGuard.JNI: UDP socket 251
03-26 16:02:00.164  6888  7114 D NetGuard.JNI: DNS query qtype 28 qclass 1 name unconf.adkmob.com
03-26 16:02:00.164  6888  7114 I NetGuard.JNI: UDP forward from tun 10.1.10.1/57651 to 168.95.1.1/53 data 35
03-26 16:02:00.165   452  1769 E NetlinkEvent: NetlinkEvent::FindParam(): Parameter 'TIME_NS' not found
03-26 16:02:00.165   452  1769 E NetlinkEvent: NetlinkEvent::FindParam(): Parameter 'UID' not found
03-26 16:02:00.166 14525 14618 D libc    : [NET] android_getaddrinfo_proxy get netid:0
03-26 16:02:00.167  1683  1757 D libc    : [NET] android_getaddrinfofornetcontext+,hn 17(0x756e636f6e662e),sn(),hints(known),family 0,flags 1024, proc=com.cleanmaster.mguard:worker
03-26 16:02:00.167   452  9419 D libc    : [NET] android_getaddrinfofornetcontext+,hn 17(0x756e636f6e662e),sn(),hints(known),family 0,flags 0, proc=/system/bin/netd
03-26 16:02:00.167   452  9419 D libc    : [NET] android_getaddrinfo_proxy-, fd error: Success(0)
03-26 16:02:00.167   452  9419 D libc    : [NET] _dns_getaddrinfo+, netid:335, mark:917839
03-26 16:02:00.168  1683  1757 D libc    : [NET] android_getaddrinfo_proxy get netid:0
03-26 16:02:00.169  6888  7114 D NetGuard.JNI: Loop thread 870c7930
03-26 16:02:00.169  6888  7114 D NetGuard.JNI: sessions ICMP 0 UDP 1 TCP 1 max 2/3276 idle 0 sdk 23
03-26 16:02:00.169   452  9420 D libc    : [NET] android_getaddrinfofornetcontext+,hn 17(0x756e636f6e662e),sn(),hints(known),family 0,flags 0, proc=/system/bin/netd
03-26 16:02:00.170   452  9420 D libc    : [NET] android_getaddrinfo_proxy-, fd error: Success(0)
03-26 16:02:00.170   452  9420 D libc    : [NET] _dns_getaddrinfo+, netid:335, mark:917839
03-26 16:02:00.227  1824  1824 D PMS     : releaseWL(9013ea1): PARTIAL_WAKE_LOCK  *alarm* 0x40000001 WorkSource{1000}
03-26 16:02:00.321  3683  3683 D NetworkController: [DataActivity][1][GSM] DORMANT
03-26 16:02:00.326  3683  3683 D SignalClusterView: vpn: VISIBLE
03-26 16:02:00.327  3683  3683 D SignalClusterView: wifi=G,stat_sys_wifi_signal_connected_0 air=G,stat_sys_signal_flightmode data[0]=V,stat_sys_data_connected_4g sig[0]=V,cdma_stat_sys_s1_5signal_3 data[1]=G,(null) sig[1]=V,cdma_stat_sys_s2_5signal_5
03-26 16:02:00.327  3683  3683 D SignalClusterView: vpn: VISIBLE
03-26 16:02:00.328  3683  3683 D SignalClusterView: wifi=G,stat_sys_wifi_signal_connected_0 air=G,stat_sys_signal_flightmode data[0]=V,stat_sys_data_connected_4g sig[0]=V,cdma_stat_sys_s1_5signal_3 data[1]=G,(null) sig[1]=V,cdma_stat_sys_s2_5signal_5
03-26 16:02:00.330  3683  3683 D NetworkController: [DataActivity][0][GSM] DORMANT
03-26 16:02:00.336  3683  3683 D SignalClusterView: vpn: VISIBLE
