03-26 16:00:10.304  1824  3577 V NetworkStats: updateIfacesLocked() activeIf={rmnet0=[{type=MOBILE, cap=[ Transports: CELLULAR Capabilities: INTERNET&NOT_RESTRICTED&TRUSTED&NOT_VPN&VALIDATED LinkUpBandwidth>=51200Kbps LinkDnBandwidth>=102400Kbps Specifier: <2>], subType=COMBINED, subscriberId=466924...}], tun0=[{type=VPN, cap=[ Transports: VPN Capabilities: INTERNET&NOT_RESTRICTED&TRUSTED], subType=COMBINED}]}
03-26 16:00:10.304  1824  3577 D PMS     : releaseWL(3826793): PARTIAL_WAKE_LOCK  NetworkStats 0x1 null
03-26 16:00:10.305  1824  3577 D ConnectivityService: scheduleUnvalidatedPrompt 333
03-26 16:00:10.305  1824  3577 D ConnectivityService: updateSignalStrengthThresholds: CONNECT, sending [] to NetworkAgentInfo [VPN () - 333]
03-26 16:00:10.305  1824  6303 D NC      : satisfiedByNetworkCapabilities: false,true,true,true,true,false
03-26 16:00:10.305  1824  3577 D ConnectivityService: rematching NetworkAgentInfo [VPN () - 333]
03-26 16:00:10.305  1824  3577 D ConnectivityService:  network has: [ Transports: VPN Capabilities: INTERNET&NOT_RESTRICTED&TRUSTED]
03-26 16:00:10.305  1824  3577 D ConnectivityService:   checking if request is satisfied: NetworkRequest [ id=486, legacyType=-1, [ Capabilities: INTERNET&NOT_RESTRICTED&TRUSTED] ]
03-26 16:00:10.305  1824  3577 D ConnectivityService:   checking if request is satisfied: NetworkRequest [ id=546, legacyType=-1, [ Capabilities: INTERNET&NOT_RESTRICTED&TRUSTED] ]
03-26 16:00:10.305  1824  3577 D ConnectivityService:   checking if request is satisfied: NetworkRequest [ id=104, legacyType=-1, [ Capabilities: INTERNET&NOT_RESTRICTED&TRUSTED] ]
03-26 16:00:10.305  1824  3577 D NC      : satisfiedByNetworkCapabilities: false,true,true,true,true,false
03-26 16:00:10.305  1824  3577 D ConnectivityService:   checking if request is satisfied: NetworkRequest [ id=1, legacyType=-1, [ Capabilities: INTERNET&NOT_RESTRICTED&TRUSTED&NOT_VPN] ]
03-26 16:00:10.305  1824  3577 D ConnectivityService:   checking if request is satisfied: NetworkRequest [ id=3, legacyType=-1, [] ]
03-26 16:00:10.306  1824  3577 D NC      : satisfiedByNetworkCapabilities: false,true,true,true,true,false
03-26 16:00:10.306  1824  3577 D ConnectivityService:   checking if request is satisfied: NetworkRequest [ id=12, legacyType=-1, [ Capabilities: INTERNET&NOT_RESTRICTED&TRUSTED&NOT_VPN] ]
03-26 16:00:10.306  1824  3577 D ConnectivityService:   checking if request is satisfied: NetworkRequest [ id=545, legacyType=-1, [ Capabilities: INTERNET&NOT_RESTRICTED&TRUSTED] ]
03-26 16:00:10.306  1824  3577 D ConnectivityService:   checking if request is satisfied: NetworkRequest [ id=551, legacyType=-1, [ Capabilities: INTERNET&NOT_RESTRICTED&TRUSTED] ]
03-26 16:00:10.306  1824  3577 D ConnectivityService:   checking if request is satisfied: NetworkRequest [ id=18, legacyType=-1, [ Capabilities: INTERNET&NOT_RESTRICTED&TRUSTED] ]
03-26 16:00:10.306  1824  3577 D ConnectivityService:   checking if request is satisfied: NetworkRequest [ id=17, legacyType=-1, [ Capabilities: INTERNET&NOT_RESTRICTED&TRUSTED] ]
03-26 16:00:10.306  1824  3577 D ConnectivityService: sending notification AVAILABLE for NetworkRequest [ id=486, legacyType=-1, [ Capabilities: INTERNET&NOT_RESTRICTED&TRUSTED] ]
03-26 16:00:10.307  1824  3577 D ConnectivityService: sending notification AVAILABLE for NetworkRequest [ id=546, legacyType=-1, [ Capabilities: INTERNET&NOT_RESTRICTED&TRUSTED] ]
03-26 16:00:10.308  1824  3577 D ConnectivityService: sending notification AVAILABLE for NetworkRequest [ id=104, legacyType=-1, [ Capabilities: INTERNET&NOT_RESTRICTED&TRUSTED] ]
03-26 16:00:10.309  1824  3577 D ConnectivityService: sending notification AVAILABLE for NetworkRequest [ id=3, legacyType=-1, [] ]
03-26 16:00:10.310  1824  3577 D ConnectivityService: sending notification AVAILABLE for NetworkRequest [ id=545, legacyType=-1, [ Capabilities: INTERNET&NOT_RESTRICTED&TRUSTED] ]
03-26 16:00:10.311  1824  3577 D ConnectivityService: sending notification AVAILABLE for NetworkRequest [ id=551, legacyType=-1, [ Capabilities: INTERNET&NOT_RESTRICTED&TRUSTED] ]
03-26 16:00:10.312  1824  3577 D ConnectivityService: sending notification AVAILABLE for NetworkRequest [ id=18, legacyType=-1, [ Capabilities: INTERNET&NOT_RESTRICTED&TRUSTED] ]
03-26 16:00:10.312  1824  3577 D ConnectivityService: sending notification AVAILABLE for NetworkRequest [ id=17, legacyType=-1, [ Capabilities: INTERNET&NOT_RESTRICTED&TRUSTED] ]
03-26 16:00:10.313  1824  3577 D CSLegacyTypeTracker: Sending CONNECTED broadcast for type 17 NetworkAgentInfo [VPN () - 333] isDefaultNetwork=false
03-26 16:00:10.313  1824  3577 D ConnectivityService: sendGeneralBroadcast, restrictEnable=false
03-26 16:00:10.313  1824  3577 D ConnectivityService: sendStickyBroadcast: action=android.net.conn.CONNECTIVITY_CHANGE
03-26 16:00:10.317  1824  3572 D NetworkManagement: isBandwidthControlEnabled: doneSignal.getCount()= 0
03-26 16:00:10.317  1824  4416 D ConnectivityService: returning Blocked NetworkInfo for ifname=rmnet0, uid=10010
03-26 16:00:10.318  1824  3577 D ConnectivityService: notifyType PRECHECK for NetworkAgentInfo [VPN () - 333]
03-26 16:00:10.318  1824  3577 D ConnectivityService:  sending notification for NetworkRequest [ id=3, legacyType=-1, [] ]
03-26 16:00:10.319  1824  3577 D ConnectivityService: sending notification PRECHECK for NetworkRequest [ id=3, legacyType=-1, [] ]
03-26 16:00:10.319  1824  3572 V NetworkPolicy: ensureActiveMobilePolicyLocked()
03-26 16:00:10.320  1824  4358 D ConnectivityService: returning Blocked NetworkInfo for ifname=rmnet0, uid=10010
03-26 16:00:10.320  1824  3577 D ConnectivityService:  sending notification for NetworkRequest [ id=17, legacyType=-1, [ Capabilities: INTERNET&NOT_RESTRICTED&TRUSTED] ]
03-26 16:00:10.321  1824  3577 D ConnectivityService: sending notification PRECHECK for NetworkRequest [ id=17, legacyType=-1, [ Capabilities: INTERNET&NOT_RESTRICTED&TRUSTED] ]
03-26 16:00:10.321  1824  3577 D ConnectivityService:  sending notification for NetworkRequest [ id=18, legacyType=-1, [ Capabilities: INTERNET&NOT_RESTRICTED&TRUSTED] ]
03-26 16:00:10.321  1824  1896 D ConnectivityService: returning Blocked NetworkInfo for ifname=rmnet0, uid=10010
03-26 16:00:10.322  1824  3577 D ConnectivityService: sending notification PRECHECK for NetworkRequest [ id=18, legacyType=-1, [ Capabilities: INTERNET&NOT_RESTRICTED&TRUSTED] ]
03-26 16:00:10.322  1824  3577 D ConnectivityService:  sending notification for NetworkRequest [ id=104, legacyType=-1, [ Capabilities: INTERNET&NOT_RESTRICTED&TRUSTED] ]
03-26 16:00:10.322  1824  2415 D PMS     : acquireWL(8c713d0): PARTIAL_WAKE_LOCK  GpsLocationProvider 0x1 1824 1000 null
03-26 16:00:10.322  1824  3577 D ConnectivityService: sending notification PRECHECK for NetworkRequest [ id=104, legacyType=-1, [ Capabilities: INTERNET&NOT_RESTRICTED&TRUSTED] ]
03-26 16:00:10.323  1824  3577 D ConnectivityService:  sending notification for NetworkRequest [ id=486, legacyType=-1, [ Capabilities: INTERNET&NOT_RESTRICTED&TRUSTED] ]
03-26 16:00:10.323  1824  3577 D ConnectivityService: sending notification PRECHECK for NetworkRequest [ id=486, legacyType=-1, [ Capabilities: INTERNET&NOT_RESTRICTED&TRUSTED] ]
03-26 16:00:10.323  1824  3577 D ConnectivityService:  sending notification for NetworkRequest [ id=545, legacyType=-1, [ Capabilities: INTERNET&NOT_RESTRICTED&TRUSTED] ]
03-26 16:00:10.324  1824  3577 D ConnectivityService: sending notification PRECHECK for NetworkRequest [ id=545, legacyType=-1, [ Capabilities: INTERNET&NOT_RESTRICTED&TRUSTED] ]
03-26 16:00:10.324  1824  3577 D ConnectivityService:  sending notification for NetworkRequest [ id=546, legacyType=-1, [ Capabilities: INTERNET&NOT_RESTRICTED&TRUSTED] ]
03-26 16:00:10.325  1824  3577 D ConnectivityService: sending notification PRECHECK for NetworkRequest [ id=546, legacyType=-1, [ Capabilities: INTERNET&NOT_RESTRICTED&TRUSTED] ]
03-26 16:00:10.326  1824  3742 D ConnectivityService: returning Blocked NetworkInfo for ifname=rmnet0, uid=10010
03-26 16:00:10.327  1824  3572 D NetworkPolicy: Found template NetworkTemplate: matchRule=MOBILE_ALL, subscriberId=466924..., matchSubscriberIds=[466924...], non-charged apn type= which matches subscriber 466924...
03-26 16:00:10.327  1824  4416 D ConnectivityService: returning Blocked NetworkInfo for ifname=rmnet0, uid=10010
03-26 16:00:10.327  1824  4314 D ConnectivityService: returning Blocked NetworkInfo for ifname=rmnet0, uid=10010
03-26 16:00:10.328  1824  4412 D ConnectivityService: returning Blocked NetworkInfo for ifname=rmnet0, uid=10010
03-26 16:00:10.330  1824  3577 D ConnectivityService:  sending notification for NetworkRequest [ id=551, legacyType=-1, [ Capabilities: INTERNET&NOT_RESTRICTED&TRUSTED] ]
03-26 16:00:10.331  1824  3577 D ConnectivityService: sending notification PRECHECK for NetworkRequest [ id=551, legacyType=-1, [ Capabilities: INTERNET&NOT_RESTRICTED&TRUSTED] ]
03-26 16:00:10.331  1824  3577 D ConnectivityService: NetworkAgent connected
03-26 16:00:10.331  1824  3577 D ConnectivityService: setProvNotificationVisibleIntent null visible=false networkType=MOBILE extraInfo=null highPriority=false
03-26 16:00:10.331  1824  3577 D ConnectivityService: NetworkAgentInfo [VPN () - 333] validation  passed
03-26 16:00:10.332  1824  4396 D ConnectivityService: returning Blocked NetworkInfo for ifname=rmnet0, uid=10078
03-26 16:00:10.332  1824  3577 D ConnectivityService: updateCapabilities: cap = ([ Transports: VPN Capabilities: INTERNET&NOT_RESTRICTED&TRUSTED&VALIDATED]), nai = (NetworkAgentInfo [VPN () - 333])
03-26 16:00:10.332  1824  3577 D ConnectivityService: rematching NetworkAgentInfo [MOBILE (LTE) - 289]
03-26 16:00:10.332  1824  3577 D ConnectivityService:  network has: [ Transports: CELLULAR Capabilities: INTERNET&NOT_RESTRICTED&TRUSTED&NOT_VPN&VALIDATED LinkUpBandwidth>=51200Kbps LinkDnBandwidth>=102400Kbps Specifier: <2>]
03-26 16:00:10.332  1824  3577 D ConnectivityService:   checking if request is satisfied: NetworkRequest [ id=486, legacyType=-1, [ Capabilities: INTERNET&NOT_RESTRICTED&TRUSTED] ]
03-26 16:00:10.332  1824  3577 D ConnectivityService:   checking if request is satisfied: NetworkRequest [ id=546, legacyType=-1, [ Capabilities: INTERNET&NOT_RESTRICTED&TRUSTED] ]
03-26 16:00:10.332  1824  3577 D ConnectivityService:   checking if request is satisfied: NetworkRequest [ id=104, legacyType=-1, [ Capabilities: INTERNET&NOT_RESTRICTED&TRUSTED] ]
03-26 16:00:10.332  1824  3577 D ConnectivityService: Network NetworkAgentInfo [MOBILE (LTE) - 289] was already satisfying request 1. No change.
03-26 16:00:10.332  1824  3577 D ConnectivityService:   checking if request is satisfied: NetworkRequest [ id=3, legacyType=-1, [] ]
03-26 16:00:10.332  1824  3577 D ConnectivityService:   checking if request is satisfied: NetworkRequest [ id=12, legacyType=-1, [ Capabilities: INTERNET&NOT_RESTRICTED&TRUSTED&NOT_VPN] ]
03-26 16:00:10.332  1824  3577 D ConnectivityService:   checking if request is satisfied: NetworkRequest [ id=545, legacyType=-1, [ Capabilities: INTERNET&NOT_RESTRICTED&TRUSTED] ]
03-26 16:00:10.332  1824  3577 D ConnectivityService:   checking if request is satisfied: NetworkRequest [ id=551, legacyType=-1, [ Capabilities: INTERNET&NOT_RESTRICTED&TRUSTED] ]
03-26 16:00:10.333  1824  3577 D ConnectivityService:   checking if request is satisfied: NetworkRequest [ id=18, legacyType=-1, [ Capabilities: INTERNET&NOT_RESTRICTED&TRUSTED] ]
03-26 16:00:10.333  1824  3712 D ConnectivityService: returning Blocked NetworkInfo for ifname=rmnet0, uid=10010
03-26 16:00:10.333  1824  4409 D ConnectivityService: returning Blocked NetworkInfo for ifname=rmnet0, uid=10010
03-26 16:00:10.334  1824  3577 D ConnectivityService:   checking if request is satisfied: NetworkRequest [ id=17, legacyType=-1, [ Capabilities: INTERNET&NOT_RESTRICTED&TRUSTED] ]
03-26 16:00:10.334  1824  3577 D ConnectivityService: rematching NetworkAgentInfo [VPN () - 333]
03-26 16:00:10.335  1824  3577 D ConnectivityService:  network has: [ Transports: VPN Capabilities: INTERNET&NOT_RESTRICTED&TRUSTED&VALIDATED]
03-26 16:00:10.335  1824  3577 D ConnectivityService:   checking if request is satisfied: NetworkRequest [ id=486, legacyType=-1, [ Capabilities: INTERNET&NOT_RESTRICTED&TRUSTED] ]
03-26 16:00:10.335  1824  3577 D ConnectivityService:   checking if request is satisfied: NetworkRequest [ id=546, legacyType=-1, [ Capabilities: INTERNET&NOT_RESTRICTED&TRUSTED] ]
03-26 16:00:10.335  1824  3577 D ConnectivityService:   checking if request is satisfied: NetworkRequest [ id=104, legacyType=-1, [ Capabilities: INTERNET&NOT_RESTRICTED&TRUSTED] ]
03-26 16:00:10.335  1824  3577 D NC      : satisfiedByNetworkCapabilities: false,true,true,true,true,false
03-26 16:00:10.335  1824  3577 D ConnectivityService:   checking if request is satisfied: NetworkRequest [ id=1, legacyType=-1, [ Capabilities: INTERNET&NOT_RESTRICTED&TRUSTED&NOT_VPN] ]
03-26 16:00:10.335  1824  3577 D ConnectivityService:   checking if request is satisfied: NetworkRequest [ id=3, legacyType=-1, [] ]
03-26 16:00:10.335  1824  3577 D NC      : satisfiedByNetworkCapabilities: false,true,true,true,true,false
03-26 16:00:10.335  1824  3577 D ConnectivityService:   checking if request is satisfied: NetworkRequest [ id=12, legacyType=-1, [ Capabilities: INTERNET&NOT_RESTRICTED&TRUSTED&NOT_VPN] ]
03-26 16:00:10.335  1824  3577 D ConnectivityService:   checking if request is satisfied: NetworkRequest [ id=545, legacyType=-1, [ Capabilities: INTERNET&NOT_RESTRICTED&TRUSTED] ]
03-26 16:00:10.335  1824  4412 D ConnectivityService: returning Blocked NetworkInfo for ifname=rmnet0, uid=10010
03-26 16:00:10.335  1824  3577 D ConnectivityService:   checking if request is satisfied: NetworkRequest [ id=551, legacyType=-1, [ Capabilities: INTERNET&NOT_RESTRICTED&TRUSTED] ]
03-26 16:00:10.335  1824  3577 D ConnectivityService:   checking if request is satisfied: NetworkRequest [ id=18, legacyType=-1, [ Capabilities: INTERNET&NOT_RESTRICTED&TRUSTED] ]
03-26 16:00:10.336  1824  3577 D ConnectivityService:   checking if request is satisfied: NetworkRequest [ id=17, legacyType=-1, [ Capabilities: INTERNET&NOT_RESTRICTED&TRUSTED] ]
03-26 16:00:10.336  1824  3577 D ConnectivityService: notifyType CAP_CHANGED for NetworkAgentInfo [VPN () - 333]
03-26 16:00:10.336  1824  3577 D ConnectivityService:  sending notification for NetworkRequest [ id=3, legacyType=-1, [] ]
03-26 16:00:10.336  1824  3577 D ConnectivityService: sending notification CAP_CHANGED for NetworkRequest [ id=3, legacyType=-1, [] ]
03-26 16:00:10.336  1824  3577 D ConnectivityService:  sending notification for NetworkRequest [ id=17, legacyType=-1, [ Capabilities: INTERNET&NOT_RESTRICTED&TRUSTED] ]
03-26 16:00:10.337  1824  3577 D ConnectivityService: sending notification CAP_CHANGED for NetworkRequest [ id=17, legacyType=-1, [ Capabilities: INTERNET&NOT_RESTRICTED&TRUSTED] ]
03-26 16:00:10.339  1824  4314 D ConnectivityService: returning Blocked NetworkInfo for ifname=rmnet0, uid=10105
03-26 16:00:10.342  1824  4416 D ConnectivityService: returning Blocked NetworkInfo for ifname=rmnet0, uid=10010
03-26 16:00:10.342  1824  3712 D ConnectivityService: returning Blocked NetworkInfo for ifname=rmnet0, uid=10010
03-26 16:00:10.344  1824  4409 D ConnectivityService: returning Blocked NetworkInfo for ifname=rmnet0, uid=10010
03-26 16:00:10.345  1824  3577 D ConnectivityService:  sending notification for NetworkRequest [ id=18, legacyType=-1, [ Capabilities: INTERNET&NOT_RESTRICTED&TRUSTED] ]
03-26 16:00:10.346  1824  3577 D ConnectivityService: sending notification CAP_CHANGED for NetworkRequest [ id=18, legacyType=-1, [ Capabilities: INTERNET&NOT_RESTRICTED&TRUSTED] ]
03-26 16:00:10.346  1824  3577 D ConnectivityService:  sending notification for NetworkRequest [ id=104, legacyType=-1, [ Capabilities: INTERNET&NOT_RESTRICTED&TRUSTED] ]
03-26 16:00:10.346  1824  3577 D ConnectivityService: sending notification CAP_CHANGED for NetworkRequest [ id=104, legacyType=-1, [ Capabilities: INTERNET&NOT_RESTRICTED&TRUSTED] ]
03-26 16:00:10.346  1824  3712 D ConnectivityService: returning Blocked NetworkInfo for ifname=rmnet0, uid=10105
03-26 16:00:10.346  1824  3577 D ConnectivityService:  sending notification for NetworkRequest [ id=486, legacyType=-1, [ Capabilities: INTERNET&NOT_RESTRICTED&TRUSTED] ]
03-26 16:00:10.347  1824  3712 D ConnectivityService: returning Blocked NetworkInfo for ifname=rmnet0, uid=10010
03-26 16:00:10.347  1824  3577 D ConnectivityService: sending notification CAP_CHANGED for NetworkRequest [ id=486, legacyType=-1, [ Capabilities: INTERNET&NOT_RESTRICTED&TRUSTED] ]
03-26 16:00:10.347  1824  3577 D ConnectivityService:  sending notification for NetworkRequest [ id=545, legacyType=-1, [ Capabilities: INTERNET&NOT_RESTRICTED&TRUSTED] ]
03-26 16:00:10.348  1824  3577 D ConnectivityService: sending notification CAP_CHANGED for NetworkRequest [ id=545, legacyType=-1, [ Capabilities: INTERNET&NOT_RESTRICTED&TRUSTED] ]
03-26 16:00:10.348  1824  3577 D ConnectivityService:  sending notification for NetworkRequest [ id=546, legacyType=-1, [ Capabilities: INTERNET&NOT_RESTRICTED&TRUSTED] ]
03-26 16:00:10.348  1824  4406 D ConnectivityService: returning Blocked NetworkInfo for ifname=rmnet0, uid=10078
03-26 16:00:10.349  1824  3577 D ConnectivityService: sending notification CAP_CHANGED for NetworkRequest [ id=546, legacyType=-1, [ Capabilities: INTERNET&NOT_RESTRICTED&TRUSTED] ]
03-26 16:00:10.350  1824  3577 D ConnectivityService:  sending notification for NetworkRequest [ id=551, legacyType=-1, [ Capabilities: INTERNET&NOT_RESTRICTED&TRUSTED] ]
03-26 16:00:10.350  1824  3577 D ConnectivityService: sending notification CAP_CHANGED for NetworkRequest [ id=551, legacyType=-1, [ Capabilities: INTERNET&NOT_RESTRICTED&TRUSTED] ]
03-26 16:00:10.353  1824  3577 D ConnectivityService: NetworkAgentInfo [VPN () - 333] EVENT_NETWORK_INFO_CHANGED, going from CONNECTED to DISCONNECTED
03-26 16:00:10.354  1824  3577 D ConnectivityService: NetworkAgentInfo [VPN () - 333] got DISCONNECTED, was satisfying 8
03-26 16:00:10.354  1824  3577 D NetworkManagement: isBandwidthControlEnabled: doneSignal.getCount()= 0
03-26 16:00:10.355  1824  4311 D PMS     : acquireWL(7acffc9): PARTIAL_WAKE_LOCK  NetworkTimeUpdateService 0x1 1824 1000 null
03-26 16:00:10.355  1824  8237 D PMS     : acquireWL(90e56ce): PARTIAL_WAKE_LOCK  LocationService 0x1 1824 1000 null
03-26 16:00:10.356  1824  3577 D PMS     : acquireWL(ae1e9ef): PARTIAL_WAKE_LOCK  NetworkStats 0x1 1824 1000 null
03-26 16:00:10.357  1824  8237 D PMS     : releaseWL(90e56ce): PARTIAL_WAKE_LOCK  LocationService 0x1 null
03-26 16:00:10.359  1824  2415 D PMS     : acquireWL(5519cfc): PARTIAL_WAKE_LOCK  SyncLoopWakeLock 0x1 1824 1000 null
03-26 16:00:10.362  1824  4383 D ConnectivityService: returning Blocked NetworkInfo for ifname=rmnet0, uid=10105
03-26 16:00:10.366  1824  4242 I ActivityManager: Start proc 6327:com.htc.mobiledata/u0a64 for content provider com.htc.mobiledata/.MobileDataProvider
03-26 16:00:10.371  1824  4416 D ConnectivityService: returning Blocked NetworkInfo for ifname=rmnet0, uid=10010
03-26 16:00:10.388  1824  4311 D PMS     : releaseWL(7acffc9): PARTIAL_WAKE_LOCK  NetworkTimeUpdateService 0x1 null
03-26 16:00:10.393  1824  2415 D PMS     : releaseWL(5519cfc): PARTIAL_WAKE_LOCK  SyncLoopWakeLock 0x1 null
03-26 16:00:10.394  1824  2415 D PMS     : releaseWL(8c713d0): PARTIAL_WAKE_LOCK  GpsLocationProvider 0x1 null
03-26 16:00:10.394  1824  3572 V NetworkPolicy: updateNetworkEnabledLocked()
03-26 16:00:10.394  1824  3572 V NetworkPolicy: updateNetworkRulesLocked()
03-26 16:00:10.395  1824  3572 D NetworkManagement: isBandwidthControlEnabled: doneSignal.getCount()= 0
03-26 16:00:10.395  1824  3572 D NetworkPolicy: applying policy NetworkPolicy[NetworkTemplate: matchRule=MOBILE_ALL, subscriberId=466924..., matchSubscriberIds=[466924...], non-charged apn type=]: cycleDay=24, cycleTimezone=Asia/Taipei, warningBytes=-1, limitBytes=-1, lastWarningSnooze=-1, lastLimitSnooze=-1, metered=true, inferred=false to ifaces [rmnet0]
03-26 16:00:10.395  1824  3572 D NetworkManagement: removeInterfaceQuota:rmnet0, bwc=true
03-26 16:00:10.425  1824  4396 I ActivityManager: Start proc 6342:com.google.android.setupwizard/u0a31 for broadcast com.google.android.setupwizard/.carrier.MobileConnectivityChangeReceiver
03-26 16:00:10.435  1824  4313 D ConnectivityService: returning Blocked NetworkInfo for ifname=rmnet0, uid=10105
03-26 16:00:10.436  1824  1892 D ConnectivityService: returning Blocked NetworkInfo for ifname=rmnet0, uid=10105
03-26 16:00:10.456  1824  4358 D ConnectivityService: returning Blocked NetworkInfo for ifname=rmnet0, uid=10105
03-26 16:00:10.543  1824  3577 V NetworkStats: updateIfacesLocked(): isMetered = true, isMobile = true
03-26 16:00:10.544  1824  3577 V NetworkStats: updateIfacesLocked() activeIf={rmnet0=[{type=MOBILE, cap=[ Transports: CELLULAR Capabilities: INTERNET&NOT_RESTRICTED&TRUSTED&NOT_VPN&VALIDATED LinkUpBandwidth>=51200Kbps LinkDnBandwidth>=102400Kbps Specifier: <2>], subType=COMBINED, subscriberId=466924...}]}
03-26 16:00:10.544  1824  3577 D PMS     : releaseWL(ae1e9ef): PARTIAL_WAKE_LOCK  NetworkStats 0x1 null
03-26 16:00:10.544  1824  3577 D ConnectivityService: notifyType LOST for NetworkAgentInfo [VPN () - 333]
03-26 16:00:10.544  1824  3577 D ConnectivityService:  sending notification for NetworkRequest [ id=3, legacyType=-1, [] ]
03-26 16:00:10.544  1824  3577 D ConnectivityService: sending notification LOST for NetworkRequest [ id=3, legacyType=-1, [] ]
03-26 16:00:10.545  1824  3577 D ConnectivityService:  sending notification for NetworkRequest [ id=17, legacyType=-1, [ Capabilities: INTERNET&NOT_RESTRICTED&TRUSTED] ]
03-26 16:00:10.545  1824  3577 D ConnectivityService: sending notification LOST for NetworkRequest [ id=17, legacyType=-1, [ Capabilities: INTERNET&NOT_RESTRICTED&TRUSTED] ]
03-26 16:00:10.546  1824  3577 D ConnectivityService:  sending notification for NetworkRequest [ id=18, legacyType=-1, [ Capabilities: INTERNET&NOT_RESTRICTED&TRUSTED] ]
03-26 16:00:10.547  1824  3577 D ConnectivityService: sending notification LOST for NetworkRequest [ id=18, legacyType=-1, [ Capabilities: INTERNET&NOT_RESTRICTED&TRUSTED] ]
03-26 16:00:10.547  1824  4313 D ConnectivityService: returning Blocked NetworkInfo for ifname=rmnet0, uid=10010
03-26 16:00:10.548  1824  3577 D ConnectivityService:  sending notification for NetworkRequest [ id=104, legacyType=-1, [ Capabilities: INTERNET&NOT_RESTRICTED&TRUSTED] ]
03-26 16:00:10.548  1824  3577 D ConnectivityService: sending notification LOST for NetworkRequest [ id=104, legacyType=-1, [ Capabilities: INTERNET&NOT_RESTRICTED&TRUSTED] ]
03-26 16:00:10.548  1824  3577 D ConnectivityService:  sending notification for NetworkRequest [ id=486, legacyType=-1, [ Capabilities: INTERNET&NOT_RESTRICTED&TRUSTED] ]
03-26 16:00:10.548  1824  1896 D ConnectivityService: returning Blocked NetworkInfo for ifname=rmnet0, uid=10010
03-26 16:00:10.549  1824  3577 D ConnectivityService: sending notification LOST for NetworkRequest [ id=486, legacyType=-1, [ Capabilities: INTERNET&NOT_RESTRICTED&TRUSTED] ]
03-26 16:00:10.549  1824  4383 D ConnectivityService: returning Blocked NetworkInfo for ifname=rmnet0, uid=10010
03-26 16:00:10.551  1824  4313 D ConnectivityService: returning Blocked NetworkInfo for ifname=rmnet0, uid=10010
03-26 16:00:10.552  1824  3577 D ConnectivityService:  sending notification for NetworkRequest [ id=545, legacyType=-1, [ Capabilities: INTERNET&NOT_RESTRICTED&TRUSTED] ]
03-26 16:00:10.552  1824  4383 D ConnectivityService: returning Blocked NetworkInfo for ifname=rmnet0, uid=10010
03-26 16:00:10.553  1824  3577 D ConnectivityService: sending notification LOST for NetworkRequest [ id=545, legacyType=-1, [ Capabilities: INTERNET&NOT_RESTRICTED&TRUSTED] ]
03-26 16:00:10.553  1824  3577 D ConnectivityService:  sending notification for NetworkRequest [ id=546, legacyType=-1, [ Capabilities: INTERNET&NOT_RESTRICTED&TRUSTED] ]
03-26 16:00:10.553  1824  3577 D ConnectivityService: sending notification LOST for NetworkRequest [ id=546, legacyType=-1, [ Capabilities: INTERNET&NOT_RESTRICTED&TRUSTED] ]
03-26 16:00:10.555  1824  3577 D ConnectivityService:  sending notification for NetworkRequest [ id=551, legacyType=-1, [ Capabilities: INTERNET&NOT_RESTRICTED&TRUSTED] ]
03-26 16:00:10.556  1824  3577 D ConnectivityService: sending notification LOST for NetworkRequest [ id=551, legacyType=-1, [ Capabilities: INTERNET&NOT_RESTRICTED&TRUSTED] ]
03-26 16:00:10.556  1824  3577 D CSLegacyTypeTracker: Sending DISCONNECTED broadcast for type 17 NetworkAgentInfo [VPN () - 333] isDefaultNetwork=false
03-26 16:00:10.556  1824  3577 D ConnectivityService: sendStickyBroadcast: action=android.net.conn.CONNECTIVITY_CHANGE
03-26 16:00:10.559  1824  3577 D ConnectivityService: rematching NetworkAgentInfo [MOBILE (LTE) - 289]
03-26 16:00:10.559  1824  3577 D ConnectivityService:  network has: [ Transports: CELLULAR Capabilities: INTERNET&NOT_RESTRICTED&TRUSTED&NOT_VPN&VALIDATED LinkUpBandwidth>=51200Kbps LinkDnBandwidth>=102400Kbps Specifier: <2>]
03-26 16:00:10.559  1824  3577 D ConnectivityService:   checking if request is satisfied: NetworkRequest [ id=486, legacyType=-1, [ Capabilities: INTERNET&NOT_RESTRICTED&TRUSTED] ]
03-26 16:00:10.560  1824  3577 D ConnectivityService:   checking if request is satisfied: NetworkRequest [ id=546, legacyType=-1, [ Capabilities: INTERNET&NOT_RESTRICTED&TRUSTED] ]
03-26 16:00:10.560  1824  3577 D ConnectivityService:   checking if request is satisfied: NetworkRequest [ id=104, legacyType=-1, [ Capabilities: INTERNET&NOT_RESTRICTED&TRUSTED] ]
03-26 16:00:10.560  1824  3577 D ConnectivityService: Network NetworkAgentInfo [MOBILE (LTE) - 289] was already satisfying request 1. No change.
03-26 16:00:10.561  1824  3577 D ConnectivityService:   checking if request is satisfied: NetworkRequest [ id=3, legacyType=-1, [] ]
03-26 16:00:10.561  1824  3577 D ConnectivityService:   checking if request is satisfied: NetworkRequest [ id=12, legacyType=-1, [ Capabilities: INTERNET&NOT_RESTRICTED&TRUSTED&NOT_VPN] ]
03-26 16:00:10.561  1824  4311 D PMS     : acquireWL(d360b): PARTIAL_WAKE_LOCK  NetworkTimeUpdateService 0x1 1824 1000 null
03-26 16:00:10.561  1824  3577 D ConnectivityService:   checking if request is satisfied: NetworkRequest [ id=545, legacyType=-1, [ Capabilities: INTERNET&NOT_RESTRICTED&TRUSTED] ]
03-26 16:00:10.561  1824  3577 D ConnectivityService:   checking if request is satisfied: NetworkRequest [ id=551, legacyType=-1, [ Capabilities: INTERNET&NOT_RESTRICTED&TRUSTED] ]
03-26 16:00:10.562  1824  3577 D ConnectivityService:   checking if request is satisfied: NetworkRequest [ id=18, legacyType=-1, [ Capabilities: INTERNET&NOT_RESTRICTED&TRUSTED] ]
03-26 16:00:10.562  1824  3577 D ConnectivityService:   checking if request is satisfied: NetworkRequest [ id=17, legacyType=-1, [ Capabilities: INTERNET&NOT_RESTRICTED&TRUSTED] ]
03-26 16:00:10.564  1824  4242 D ConnectivityService: returning Blocked NetworkInfo for ifname=rmnet0, uid=10010
03-26 16:00:10.564  1824  3742 D ConnectivityService: returning Blocked NetworkInfo for ifname=rmnet0, uid=10010
03-26 16:00:10.565  1824  4406 D ConnectivityService: returning Blocked NetworkInfo for ifname=rmnet0, uid=10010
03-26 16:00:10.565  1824  8237 D PMS     : acquireWL(3998ce8): PARTIAL_WAKE_LOCK  LocationService 0x1 1824 1000 null
03-26 16:00:10.565  1824  8237 D PMS     : releaseWL(3998ce8): PARTIAL_WAKE_LOCK  LocationService 0x1 null
03-26 16:00:10.589  1824  4396 D ConnectivityService: returning Blocked NetworkInfo for ifname=rmnet0, uid=10010
03-26 16:00:10.589  1824  4383 D ConnectivityService: returning Blocked NetworkInfo for ifname=rmnet0, uid=10010
03-26 16:00:10.589  1824  4396 D ConnectivityService: returning Blocked NetworkInfo for ifname=rmnet0, uid=10010
03-26 16:00:10.590  1824  4413 D ConnectivityService: returning Blocked NetworkInfo for ifname=rmnet0, uid=10010
03-26 16:00:10.590  1824  4411 D ConnectivityService: returning Blocked NetworkInfo for ifname=rmnet0, uid=10078
03-26 16:00:10.591  1824  4396 D ConnectivityService: returning Blocked NetworkInfo for ifname=rmnet0, uid=10105
03-26 16:00:10.600  1824  4311 D PMS     : releaseWL(d360b): PARTIAL_WAKE_LOCK  NetworkTimeUpdateService 0x1 null
03-26 16:00:10.600  1824  3742 D ConnectivityService: returning Blocked NetworkInfo for ifname=rmnet0, uid=10010
03-26 16:00:10.601  1824  1892 D ConnectivityService: returning Blocked NetworkInfo for ifname=rmnet0, uid=10010
03-26 16:00:10.604  1824  4396 D ConnectivityService: returning Blocked NetworkInfo for ifname=rmnet0, uid=10010
03-26 16:00:10.605  1824  4416 D ConnectivityService: returning Blocked NetworkInfo for ifname=rmnet0, uid=10078
03-26 16:00:10.605  1824  3742 D ConnectivityService: returning Blocked NetworkInfo for ifname=rmnet0, uid=10105
03-26 16:00:10.612  1824  4413 D ConnectivityService: returning Blocked NetworkInfo for ifname=rmnet0, uid=10105
03-26 16:00:10.615  1824  4413 D ConnectivityService: returning Blocked NetworkInfo for ifname=rmnet0, uid=10105
03-26 16:00:10.618  1824  4313 D ConnectivityService: returning Blocked NetworkInfo for ifname=rmnet0, uid=10105
03-26 16:00:10.636  1824  4242 I ActivityManager: Start proc 6364:com.htc.mobiledata:remote/u0a64 for service com.htc.mobiledata/.MobileDataService
03-26 16:00:10.884  1824  4416 D ConnectivityService: returning Blocked NetworkInfo for ifname=rmnet0, uid=10002
03-26 16:00:10.902  1824  4358 D ConnectivityService: returning Blocked NetworkInfo for ifname=rmnet0, uid=10010
03-26 16:00:10.903  1824  3742 D ConnectivityService: returning Blocked NetworkInfo for ifname=rmnet0, uid=10010
03-26 16:00:10.975  1824  2415 D PMS     : acquireWL(e089056): PARTIAL_WAKE_LOCK  SyncLoopWakeLock 0x1 1824 1000 null
03-26 16:00:10.993  1824  2415 D PMS     : releaseWL(e089056): PARTIAL_WAKE_LOCK  SyncLoopWakeLock 0x1 null
03-26 16:00:10.993  1824  2415 D PMS     : acquireWL(e23d8d7): PARTIAL_WAKE_LOCK  GpsLocationProvider 0x1 1824 1000 null
03-26 16:00:10.994  1824  2415 D PMS     : releaseWL(e23d8d7): PARTIAL_WAKE_LOCK  GpsLocationProvider 0x1 null
03-26 16:00:11.204  1824  3572 D NetworkManagement: isBandwidthControlEnabled: doneSignal.getCount()= 0
03-26 16:00:11.205  1824  3572 D NetworkManagement: isBandwidthControlEnabled: doneSignal.getCount()= 0
03-26 16:00:11.205  1824  4242 D ConnectivityService: returning Blocked NetworkInfo for ifname=rmnet0, uid=10010
03-26 16:00:11.205  1824  4413 D ConnectivityService: returning Blocked NetworkInfo for ifname=rmnet0, uid=10010
03-26 16:00:11.209  1824  3572 V NetworkPolicy: updateNetworkEnabledLocked()
03-26 16:00:11.232  1824  4416 I ActivityManager: Start proc 6421:com.adobe.reader/u0a147 for broadcast com.adobe.reader/.utils.ARNetworkChangeReceiver
03-26 16:00:11.249  1824  3572 D NetworkManagement: isBandwidthControlEnabled: doneSignal.getCount()= 0
03-26 16:00:11.249  1824  3572 V NetworkPolicy: ensureActiveMobilePolicyLocked()
03-26 16:00:11.254  1824  3572 D NetworkPolicy: Found template NetworkTemplate: matchRule=MOBILE_ALL, subscriberId=466924..., matchSubscriberIds=[466924...], non-charged apn type= which matches subscriber 466924...
03-26 16:00:11.259  1824  3572 V NetworkPolicy: updateNetworkEnabledLocked()
03-26 16:00:11.259  1824  3572 V NetworkPolicy: updateNetworkRulesLocked()
03-26 16:00:11.259  1824  3572 D NetworkManagement: isBandwidthControlEnabled: doneSignal.getCount()= 0
03-26 16:00:11.260  1824  3572 D NetworkPolicy: applying policy NetworkPolicy[NetworkTemplate: matchRule=MOBILE_ALL, subscriberId=466924..., matchSubscriberIds=[466924...], non-charged apn type=]: cycleDay=24, cycleTimezone=Asia/Taipei, warningBytes=-1, limitBytes=-1, lastWarningSnooze=-1, lastLimitSnooze=-1, metered=true, inferred=false to ifaces [rmnet0]
03-26 16:00:11.261  1824  3572 D NetworkManagement: removeInterfaceQuota:rmnet0, bwc=true
03-26 16:00:11.393  1824  1896 D ConnectivityService: returning Blocked NetworkInfo for ifname=rmnet0, uid=10105
03-26 16:00:11.557  1824  4413 I ActivityManager: Start proc 6482:lysesoft.andftp/u0a175 for broadcast lysesoft.andftp/.NetworkChangeHandler
03-26 16:00:11.816  1824  1892 I ActivityManager: Start proc 6510:com.jianjia.firewall/u0a153 for broadcast com.jianjia.firewall/.receiver.NetworkBroadcastReceiver
03-26 16:00:11.838  1824  3572 D NetworkManagement: isBandwidthControlEnabled: doneSignal.getCount()= 0
03-26 16:00:11.839  1824  3572 D NetworkManagement: isBandwidthControlEnabled: doneSignal.getCount()= 0
03-26 16:00:11.955  1824  4396 D ConnectivityService: returning Blocked NetworkInfo for ifname=rmnet0, uid=10142
03-26 16:00:11.962  1824  4383 D ConnectivityService: returning Blocked NetworkInfo for ifname=rmnet0, uid=10142
03-26 16:00:12.041  1824  4406 I ActivityManager: Start proc 6534:com.nianticlabs.pokemongo/u0a148 for broadcast com.nianticlabs.pokemongo/com.upsight.android.analytics.internal.dispatcher.schema.NetworkChangeBroadcastReceiver
03-26 16:00:12.226  1824  4409 D PMS     : acquireWL(582853a): PARTIAL_WAKE_LOCK  *launch* 0x1 1824 1000 WorkSource{10224}
03-26 16:00:12.272  1824  2417 D StatusBarManagerService: setSystemUiVisibility(0x8600)
03-26 16:00:12.272  1824  2417 D StatusBarManagerService: disable:userId=0 what=0x0 which=0x1 pkg=Window{f046bd u0 eu.faircode.netguard/eu.faircode.netguard.ActivityMain}
03-26 16:00:12.272  1824  2417 D StatusBarManagerService: hiding MENU key
03-26 16:00:12.434  1824  4412 D PMS     : acquireWL(d3d9f48): PARTIAL_WAKE_LOCK  GpsLocationProvider 0x1 1824 1000 null
03-26 16:00:12.459  1824  2415 D PMS     : releaseWL(d3d9f48): PARTIAL_WAKE_LOCK  GpsLocationProvider 0x1 null
03-26 16:00:12.576  1824  4409 D StatusBarManagerService: swetImeWindowStatus vis=0 backDisposition=0
03-26 16:00:12.709  1824  3742 D PMS     : releaseWL(582853a): PARTIAL_WAKE_LOCK  *launch* 0x1 WorkSource{10224}
03-26 16:00:12.717  1824  4313 D ConnectivityService: returning Blocked NetworkInfo for ifname=rmnet0, uid=10002
03-26 16:00:12.738  1824  4411 D ConnectivityService: returning Blocked NetworkInfo for ifname=rmnet0, uid=10010
03-26 16:00:12.738  1824  4406 D ConnectivityService: returning Blocked NetworkInfo for ifname=rmnet0, uid=10010
03-26 16:00:12.754  1824  4412 D ConnectivityService: returning Blocked NetworkInfo for ifname=rmnet0, uid=10010
03-26 16:00:12.755  1824  4411 D ConnectivityService: returning Blocked NetworkInfo for ifname=rmnet0, uid=10010
03-26 16:00:12.797  1824  4412 D ConnectivityService: returning Blocked NetworkInfo for ifname=rmnet0, uid=10142
03-26 16:00:12.809  1824  3712 D ConnectivityService: returning Blocked NetworkInfo for ifname=rmnet0, uid=10142
03-26 16:00:12.809  1824  4406 D ConnectivityService: returning Blocked NetworkInfo for ifname=rmnet0, uid=10142
03-26 16:00:13.547  1824  4242 D PMS     : acquireWL(c3cb58d): PARTIAL_WAKE_LOCK  PacketCapture wakelock 0x1 6077 10224 null
03-26 16:00:13.555  1824  1824 D ValidateNoPeople: setContact(eu.faircode.netguard,0.0,false)
03-26 16:00:13.732  1824  1824 D HtcASN_1.1: onSignalStrengthsChanged...
03-26 16:00:13.747  1824  1824 D HtcASN_1.1: Keep  0: type=4G mSimExist=true mFlightMode=false HtcLevel=3
03-26 16:00:14.229  1824  4411 D ConnectivityService: returning Blocked NetworkInfo for ifname=rmnet0, uid=10010
03-26 16:00:14.258  1824  4416 D ConnectivityService: returning Blocked NetworkInfo for ifname=rmnet0, uid=10010
03-26 16:00:14.292  1824  3742 D ConnectivityService: returning Blocked NetworkInfo for ifname=rmnet0, uid=10010
03-26 16:00:14.299  1824  4383 D ConnectivityService: returning Blocked NetworkInfo for ifname=rmnet0, uid=10010
03-26 16:00:14.362  1824  3742 D ConnectivityService: returning Blocked NetworkInfo for ifname=rmnet0, uid=10010
03-26 16:00:16.582  1824  2422 D PMS     : releaseWL(f0f95d): SCREEN_BRIGHT_WAKE_LOCK  ON_AFTER_RELEASE WindowManager 0x2000000a WorkSource{10224}
03-26 16:00:16.734  1824  1824 D HtcASN_1.1: onSignalStrengthsChanged...
03-26 16:00:16.772  1824  1824 D HtcASN_1.1: Keep  0: type=4G mSimExist=true mFlightMode=false HtcLevel=3
03-26 16:00:18.309  1824  3577 D ConnectivityService: handlePromptUnvalidated 333
03-26 16:00:18.734  1824  1824 D HtcASN_1.1: onSignalStrengthsChanged...
03-26 16:00:18.751  1824  1824 D HtcASN_1.1: Keep  0: type=4G mSimExist=true mFlightMode=false HtcLevel=3
03-26 16:00:20.837  1824  3742 D ConnectivityService: registerNetworkAgent NetworkAgentInfo{ ni{[type: VPN[], state: CONNECTED/CONNECTED, reason: (unspecified), extra: (none), roaming: false, failover: false, isAvailable: true]}  network{334}  lp{{InterfaceName: tun0 LinkAddresses: [10.1.10.1/32,fd00:1:fd00:1:fd00:1:fd00:1/64,]  Routes: [0.0.0.0/0 -> 0.0.0.0 tun0,::/0 -> :: tun0,] DnsAddresses: [168.95.1.1,] Domains:  MTU: 0}}  nc{[ Transports: VPN Capabilities: INTERNET&NOT_RESTRICTED&TRUSTED]}  Score{0}  everValidated{false}  lastValidated{false}  created{false} lingering{false} explicitlySelected{false} acceptUnvalidated{false} everCaptivePortalDetected{false} lastCaptivePortalDetected{false} }
03-26 16:00:20.837  1824  3577 D ConnectivityService: Got NetworkAgent Messenger
03-26 16:00:20.837  1824  3577 D ConnectivityService: NetworkAgentInfo [VPN () - 334] EVENT_NETWORK_INFO_CHANGED, going from null to CONNECTED
03-26 16:00:20.838  1824  3577 D ConnectivityService: Adding iface tun0 to network 334
03-26 16:00:20.867  1824  1824 D ValidateNoPeople: setContact(eu.faircode.netguard,0.0,false)
--------- beginning of crash
03-26 16:00:20.875  6077  6732 F libc    : Fatal signal 11 (SIGSEGV), code 1, fault addr 0xc8 in tid 6732 (Thread-20101)
03-26 16:00:20.876  1824  3742 D PMS     : releaseWL(c3cb58d): PARTIAL_WAKE_LOCK  PacketCapture wakelock 0x1 null
03-26 16:00:20.885 27358 27358 F DEBUG   : *** *** *** *** *** *** *** *** *** *** *** *** *** *** *** ***
03-26 16:00:20.885 27358 27358 F DEBUG   : Build fingerprint: 'htc/htc_asia_tw/htc_mecdug:6.0.1/MMB29M/720067.3:user/release-keys'
03-26 16:00:20.885 27358 27358 F DEBUG   : Revision: '0'
03-26 16:00:20.885 27358 27358 F DEBUG   : ABI: 'arm'
03-26 16:00:20.886 27358 27358 F DEBUG   : pid: 6077, tid: 6732, name: Thread-20101  >>> eu.faircode.netguard <<<
03-26 16:00:20.886 27358 27358 F DEBUG   : signal 11 (SIGSEGV), code 1 (SEGV_MAPERR), fault addr 0xc8
03-26 16:00:20.895  1824  3577 E ConnectivityService: Unexpected mtu value: 0, tun0
03-26 16:00:20.895  1824  3577 D ConnectivityService: Adding Route [0.0.0.0/0 -> 0.0.0.0 tun0] to network 334
03-26 16:00:20.896  1824  3577 D ConnectivityService: Adding Route [::/0 -> :: tun0] to network 334
03-26 16:00:20.897  1824  3577 D ConnectivityService: Setting Dns servers for network 334 to [/168.95.1.1]
03-26 16:00:20.898  1824  3577 D NetworkManagement: isBandwidthControlEnabled: doneSignal.getCount()= 0
03-26 16:00:20.898  1824  3577 D PMS     : acquireWL(afc16f0): PARTIAL_WAKE_LOCK  NetworkStats 0x1 1824 1000 null
03-26 16:00:20.922 27358 27358 F DEBUG   :     r0 000000c8  r1 000000c8  r2 00000000  r3 00000000
03-26 16:00:20.929 27358 27358 F DEBUG   :     r4 00000002  r5 9bfbba80  r6 0ccccccc  r7 ffffffff
03-26 16:00:20.929 27358 27358 F DEBUG   :     r8 9bfbc3d0  r9 00000000  sl 000000c8  fp 9bfbc3d4
03-26 16:00:20.930 27358 27358 F DEBUG   :     ip b6d097c8  sp 9bfbb978  lr b6ce62e5  pc b6cc0e2c  cpsr 600f0030
03-26 16:00:20.955 27358 27358 F DEBUG   : 
03-26 16:00:20.955 27358 27358 F DEBUG   : backtrace:
03-26 16:00:20.956 27358 27358 F DEBUG   :     #00 pc 00017e2c  /system/lib/libc.so (strlen+71)
03-26 16:00:20.956 27358 27358 F DEBUG   :     #01 pc 0003d2e1  /system/lib/libc.so (__vfprintf+2948)
03-26 16:00:20.956 27358 27358 F DEBUG   :     #02 pc 0004072f  /system/lib/libc.so (vsprintf+106)
03-26 16:00:20.957 27358 27358 F DEBUG   :     #03 pc 0000d78c  /data/app/eu.faircode.netguard-1/lib/arm/libnetguard.so (log_android+120)
03-26 16:00:20.957 27358 27358 F DEBUG   :     #04 pc 000162bc  /data/app/eu.faircode.netguard-1/lib/arm/libnetguard.so (handle_ip+2160)
03-26 16:00:20.957 27358 27358 F DEBUG   :     #05 pc 000159b4  /data/app/eu.faircode.netguard-1/lib/arm/libnetguard.so (check_tun+864)
03-26 16:00:20.957 27358 27358 F DEBUG   :     #06 pc 0000e6b8  /data/app/eu.faircode.netguard-1/lib/arm/libnetguard.so (handle_events+2000)
03-26 16:00:20.957 27358 27358 F DEBUG   :     #07 pc 00041fcf  /system/lib/libc.so (__pthread_start(void*)+30)
03-26 16:00:20.957 27358 27358 F DEBUG   :     #08 pc 000190c3  /system/lib/libc.so (__start_thread+6)
03-26 16:00:21.052  1824  3572 V NetworkPolicy: updateNetworkEnabledLocked()
03-26 16:00:21.054  1824  3577 V NetworkStats: updateIfacesLocked(): isMetered = true, isMobile = true
03-26 16:00:21.055  1824  3577 V NetworkStats: updateIfacesLocked(): isMetered = true, isMobile = false
03-26 16:00:21.055  1824  3577 V NetworkStats: updateIfacesLocked() activeIf={rmnet0=[{type=MOBILE, cap=[ Transports: CELLULAR Capabilities: INTERNET&NOT_RESTRICTED&TRUSTED&NOT_VPN&VALIDATED LinkUpBandwidth>=51200Kbps LinkDnBandwidth>=102400Kbps Specifier: <2>], subType=COMBINED, subscriberId=466924...}], tun0=[{type=VPN, cap=[ Transports: VPN Capabilities: INTERNET&NOT_RESTRICTED&TRUSTED], subType=COMBINED}]}
03-26 16:00:21.055  1824  3577 D PMS     : releaseWL(afc16f0): PARTIAL_WAKE_LOCK  NetworkStats 0x1 null
03-26 16:00:21.056  1824  3577 D ConnectivityService: notifyType IP_CHANGED for NetworkAgentInfo [VPN () - 334]
03-26 16:00:21.056  1824  3577 D NetworkManagement: isBandwidthControlEnabled: doneSignal.getCount()= 0
03-26 16:00:21.056  1824  3577 D PMS     : acquireWL(eeddeee): PARTIAL_WAKE_LOCK  NetworkStats 0x1 1824 1000 null
03-26 16:00:21.061  1824  3572 D NetworkManagement: isBandwidthControlEnabled: doneSignal.getCount()= 0
03-26 16:00:21.208  1824  3572 V NetworkPolicy: updateNetworkEnabledLocked()
03-26 16:00:21.208  1824  3577 V NetworkStats: updateIfacesLocked(): isMetered = true, isMobile = true
03-26 16:00:21.208  1824  3577 V NetworkStats: updateIfacesLocked(): isMetered = true, isMobile = false
03-26 16:00:21.209  1824  3577 V NetworkStats: updateIfacesLocked() activeIf={rmnet0=[{type=MOBILE, cap=[ Transports: CELLULAR Capabilities: INTERNET&NOT_RESTRICTED&TRUSTED&NOT_VPN&VALIDATED LinkUpBandwidth>=51200Kbps LinkDnBandwidth>=102400Kbps Specifier: <2>], subType=COMBINED, subscriberId=466924...}], tun0=[{type=VPN, cap=[ Transports: VPN Capabilities: INTERNET&NOT_RESTRICTED&TRUSTED], subType=COMBINED}]}
03-26 16:00:21.209  1824  3577 D PMS     : releaseWL(eeddeee): PARTIAL_WAKE_LOCK  NetworkStats 0x1 null
03-26 16:00:21.209  1824  3577 D ConnectivityService: scheduleUnvalidatedPrompt 334
03-26 16:00:21.209  1824  3577 D ConnectivityService: updateSignalStrengthThresholds: CONNECT, sending [] to NetworkAgentInfo [VPN () - 334]
03-26 16:00:21.209  1824  6730 D NC      : satisfiedByNetworkCapabilities: false,true,true,true,true,false
03-26 16:00:21.209  1824  3577 D ConnectivityService: rematching NetworkAgentInfo [VPN () - 334]
03-26 16:00:21.210  1824  3577 D ConnectivityService:  network has: [ Transports: VPN Capabilities: INTERNET&NOT_RESTRICTED&TRUSTED]
03-26 16:00:21.210  1824  3577 D ConnectivityService:   checking if request is satisfied: NetworkRequest [ id=486, legacyType=-1, [ Capabilities: INTERNET&NOT_RESTRICTED&TRUSTED] ]
03-26 16:00:21.210  1824  3577 D ConnectivityService:   checking if request is satisfied: NetworkRequest [ id=546, legacyType=-1, [ Capabilities: INTERNET&NOT_RESTRICTED&TRUSTED] ]
03-26 16:00:21.210  1824  3577 D ConnectivityService:   checking if request is satisfied: NetworkRequest [ id=104, legacyType=-1, [ Capabilities: INTERNET&NOT_RESTRICTED&TRUSTED] ]
03-26 16:00:21.210  1824  3577 D NC      : satisfiedByNetworkCapabilities: false,true,true,true,true,false
03-26 16:00:21.210  1824  3577 D ConnectivityService:   checking if request is satisfied: NetworkRequest [ id=1, legacyType=-1, [ Capabilities: INTERNET&NOT_RESTRICTED&TRUSTED&NOT_VPN] ]
03-26 16:00:21.210  1824  3577 D ConnectivityService:   checking if request is satisfied: NetworkRequest [ id=3, legacyType=-1, [] ]
03-26 16:00:21.210  1824  3577 D NC      : satisfiedByNetworkCapabilities: false,true,true,true,true,false
03-26 16:00:21.210  1824  3577 D ConnectivityService:   checking if request is satisfied: NetworkRequest [ id=12, legacyType=-1, [ Capabilities: INTERNET&NOT_RESTRICTED&TRUSTED&NOT_VPN] ]
03-26 16:00:21.210  1824  3577 D ConnectivityService:   checking if request is satisfied: NetworkRequest [ id=545, legacyType=-1, [ Capabilities: INTERNET&NOT_RESTRICTED&TRUSTED] ]
03-26 16:00:21.210  1824  3577 D ConnectivityService:   checking if request is satisfied: NetworkRequest [ id=551, legacyType=-1, [ Capabilities: INTERNET&NOT_RESTRICTED&TRUSTED] ]
03-26 16:00:21.211  1824  3577 D ConnectivityService:   checking if request is satisfied: NetworkRequest [ id=18, legacyType=-1, [ Capabilities: INTERNET&NOT_RESTRICTED&TRUSTED] ]
03-26 16:00:21.211  1824  3577 D ConnectivityService:   checking if request is satisfied: NetworkRequest [ id=17, legacyType=-1, [ Capabilities: INTERNET&NOT_RESTRICTED&TRUSTED] ]
03-26 16:00:21.211  1824  3577 D ConnectivityService: sending notification AVAILABLE for NetworkRequest [ id=486, legacyType=-1, [ Capabilities: INTERNET&NOT_RESTRICTED&TRUSTED] ]
03-26 16:00:21.212  1824  3577 D ConnectivityService: sending notification AVAILABLE for NetworkRequest [ id=546, legacyType=-1, [ Capabilities: INTERNET&NOT_RESTRICTED&TRUSTED] ]
03-26 16:00:21.213  1824  3577 D ConnectivityService: sending notification AVAILABLE for NetworkRequest [ id=104, legacyType=-1, [ Capabilities: INTERNET&NOT_RESTRICTED&TRUSTED] ]
03-26 16:00:21.213  1824  3577 D ConnectivityService: sending notification AVAILABLE for NetworkRequest [ id=3, legacyType=-1, [] ]
03-26 16:00:21.214  1824  3577 D ConnectivityService: sending notification AVAILABLE for NetworkRequest [ id=545, legacyType=-1, [ Capabilities: INTERNET&NOT_RESTRICTED&TRUSTED] ]
03-26 16:00:21.215  1824  3577 D ConnectivityService: sending notification AVAILABLE for NetworkRequest [ id=551, legacyType=-1, [ Capabilities: INTERNET&NOT_RESTRICTED&TRUSTED] ]
03-26 16:00:21.215  1824  3577 D ConnectivityService: sending notification AVAILABLE for NetworkRequest [ id=18, legacyType=-1, [ Capabilities: INTERNET&NOT_RESTRICTED&TRUSTED] ]
03-26 16:00:21.216  1824  3577 D ConnectivityService: sending notification AVAILABLE for NetworkRequest [ id=17, legacyType=-1, [ Capabilities: INTERNET&NOT_RESTRICTED&TRUSTED] ]
03-26 16:00:21.216  1824  3577 D CSLegacyTypeTracker: Sending CONNECTED broadcast for type 17 NetworkAgentInfo [VPN () - 334] isDefaultNetwork=false
03-26 16:00:21.217  1824  3577 D ConnectivityService: sendGeneralBroadcast, restrictEnable=false
03-26 16:00:21.217  1824  3577 D ConnectivityService: sendStickyBroadcast: action=android.net.conn.CONNECTIVITY_CHANGE
03-26 16:00:21.217  1824  3572 D NetworkManagement: isBandwidthControlEnabled: doneSignal.getCount()= 0
03-26 16:00:21.219  1824  3577 D ConnectivityService: notifyType PRECHECK for NetworkAgentInfo [VPN () - 334]
03-26 16:00:21.219  1824  4242 D ConnectivityService: returning Blocked NetworkInfo for ifname=rmnet0, uid=10010
03-26 16:00:21.219  1824  3577 D ConnectivityService:  sending notification for NetworkRequest [ id=3, legacyType=-1, [] ]
03-26 16:00:21.219  1824  3577 D ConnectivityService: sending notification PRECHECK for NetworkRequest [ id=3, legacyType=-1, [] ]
03-26 16:00:21.220  1824  3577 D ConnectivityService:  sending notification for NetworkRequest [ id=17, legacyType=-1, [ Capabilities: INTERNET&NOT_RESTRICTED&TRUSTED] ]
03-26 16:00:21.221  1824  3577 D ConnectivityService: sending notification PRECHECK for NetworkRequest [ id=17, legacyType=-1, [ Capabilities: INTERNET&NOT_RESTRICTED&TRUSTED] ]
03-26 16:00:21.221  1824  3577 D ConnectivityService:  sending notification for NetworkRequest [ id=18, legacyType=-1, [ Capabilities: INTERNET&NOT_RESTRICTED&TRUSTED] ]
03-26 16:00:21.221  1824  3577 D ConnectivityService: sending notification PRECHECK for NetworkRequest [ id=18, legacyType=-1, [ Capabilities: INTERNET&NOT_RESTRICTED&TRUSTED] ]
03-26 16:00:21.222  1824  3577 D ConnectivityService:  sending notification for NetworkRequest [ id=104, legacyType=-1, [ Capabilities: INTERNET&NOT_RESTRICTED&TRUSTED] ]
03-26 16:00:21.222  1824  4311 D PMS     : acquireWL(f489f8f): PARTIAL_WAKE_LOCK  NetworkTimeUpdateService 0x1 1824 1000 null
03-26 16:00:21.222  1824  3577 D ConnectivityService: sending notification PRECHECK for NetworkRequest [ id=104, legacyType=-1, [ Capabilities: INTERNET&NOT_RESTRICTED&TRUSTED] ]
03-26 16:00:21.222  1824  3572 V NetworkPolicy: ensureActiveMobilePolicyLocked()
03-26 16:00:21.222  1824  3577 D ConnectivityService:  sending notification for NetworkRequest [ id=486, legacyType=-1, [ Capabilities: INTERNET&NOT_RESTRICTED&TRUSTED] ]
03-26 16:00:21.223  1824  3577 D ConnectivityService: sending notification PRECHECK for NetworkRequest [ id=486, legacyType=-1, [ Capabilities: INTERNET&NOT_RESTRICTED&TRUSTED] ]
03-26 16:00:21.223  1824  3577 D ConnectivityService:  sending notification for NetworkRequest [ id=545, legacyType=-1, [ Capabilities: INTERNET&NOT_RESTRICTED&TRUSTED] ]
03-26 16:00:21.223  1824  3577 D ConnectivityService: sending notification PRECHECK for NetworkRequest [ id=545, legacyType=-1, [ Capabilities: INTERNET&NOT_RESTRICTED&TRUSTED] ]
03-26 16:00:21.224  1824  3577 D ConnectivityService:  sending notification for NetworkRequest [ id=546, legacyType=-1, [ Capabilities: INTERNET&NOT_RESTRICTED&TRUSTED] ]
03-26 16:00:21.224  1824  3577 D ConnectivityService: sending notification PRECHECK for NetworkRequest [ id=546, legacyType=-1, [ Capabilities: INTERNET&NOT_RESTRICTED&TRUSTED] ]
03-26 16:00:21.224  1824  3577 D ConnectivityService:  sending notification for NetworkRequest [ id=551, legacyType=-1, [ Capabilities: INTERNET&NOT_RESTRICTED&TRUSTED] ]
