03-18 15:26:40.396 30551 30551 F DEBUG   :     #02 pc 0004072f  /system/lib/libc.so (vsprintf+106)
03-18 15:26:40.396 30551 30551 F DEBUG   :     #03 pc 0000b694  /data/app/eu.faircode.netguard-1/lib/arm/libnetguard.so (log_android+120)
03-18 15:26:40.397 30551 30551 F DEBUG   :     #04 pc 00004860  /data/app/eu.faircode.netguard-1/lib/arm/libnetguard.so (handle_ip+2324)
03-18 15:26:40.398 30551 30551 F DEBUG   :     #05 pc 00003eb4  /data/app/eu.faircode.netguard-1/lib/arm/libnetguard.so (check_tun+848)
03-18 15:26:40.399 30551 30551 F DEBUG   :     #06 pc 00005ebc  /data/app/eu.faircode.netguard-1/lib/arm/libnetguard.so (handle_events+2004)
03-18 15:26:40.400 30551 30551 F DEBUG   :     #07 pc 00041fcf  /system/lib/libc.so (__pthread_start(void*)+30)
03-18 15:26:40.400 30551 30551 F DEBUG   :     #08 pc 000190c3  /system/lib/libc.so (__start_thread+6)
03-18 15:26:41.475 30551 30551 F DEBUG   : 
03-18 15:26:41.475 30551 30551 F DEBUG   : Tombstone written to: /data/tombstones/tombstone_05
03-18 15:27:35.607  5579  5920 F libc    : Fatal signal 11 (SIGSEGV), code 1, fault addr 0x1bb in tid 5920 (Thread-58707)
03-18 15:27:35.612 30551 30551 F DEBUG   : *** *** *** *** *** *** *** *** *** *** *** *** *** *** *** ***
03-18 15:27:35.612 30551 30551 F DEBUG   : Build fingerprint: 'htc/htc_asia_tw/htc_mecdug:6.0.1/MMB29M/720067.3:user/release-keys'
03-18 15:27:35.613 30551 30551 F DEBUG   : Revision: '0'
03-18 15:27:35.613 30551 30551 F DEBUG   : ABI: 'arm'
03-18 15:27:35.614 30551 30551 F DEBUG   : pid: 5579, tid: 5920, name: Thread-58707  >>> eu.faircode.netguard <<<
03-18 15:27:35.614 30551 30551 F DEBUG   : signal 11 (SIGSEGV), code 1 (SEGV_MAPERR), fault addr 0x1bb
03-18 15:27:35.676 30551 30551 F DEBUG   :     r0 000001bb  r1 000001bb  r2 00000000  r3 00000005
03-18 15:27:35.676 30551 30551 F DEBUG   :     r4 00000002  r5 886b2a98  r6 0ccccccc  r7 ffffffff
03-18 15:27:35.676 30551 30551 F DEBUG   :     r8 886b33e8  r9 00000000  sl 000001bb  fp 886b33ec
03-18 15:27:35.676 30551 30551 F DEBUG   :     ip 80000000  sp 886b2990  lr b6d5a2e5  pc b6d34dfa  cpsr 800f0030
03-18 15:27:35.692 30551 30551 F DEBUG   : 
03-18 15:27:35.692 30551 30551 F DEBUG   : backtrace:
03-18 15:27:35.692 30551 30551 F DEBUG   :     #00 pc 00017dfa  /system/lib/libc.so (strlen+21)
03-18 15:27:35.692 30551 30551 F DEBUG   :     #01 pc 0003d2e1  /system/lib/libc.so (__vfprintf+2948)
03-18 15:27:35.693 30551 30551 F DEBUG   :     #02 pc 0004072f  /system/lib/libc.so (vsprintf+106)
03-18 15:27:35.693 30551 30551 F DEBUG   :     #03 pc 0000b694  /data/app/eu.faircode.netguard-1/lib/arm/libnetguard.so (log_android+120)
03-18 15:27:35.693 30551 30551 F DEBUG   :     #04 pc 00004860  /data/app/eu.faircode.netguard-1/lib/arm/libnetguard.so (handle_ip+2324)
03-18 15:27:35.693 30551 30551 F DEBUG   :     #05 pc 00003eb4  /data/app/eu.faircode.netguard-1/lib/arm/libnetguard.so (check_tun+848)
03-18 15:27:35.693 30551 30551 F DEBUG   :     #06 pc 00005ebc  /data/app/eu.faircode.netguard-1/lib/arm/libnetguard.so (handle_events+2004)
03-18 15:27:35.694 30551 30551 F DEBUG   :     #07 pc 00041fcf  /system/lib/libc.so (__pthread_start(void*)+30)
03-18 15:27:35.694 30551 30551 F DEBUG   :     #08 pc 000190c3  /system/lib/libc.so (__start_thread+6)
03-18 15:27:36.982 30551 30551 F DEBUG   : 
03-18 15:27:36.982 30551 30551 F DEBUG   : Tombstone written to: /data/tombstones/tombstone_06
03-18 15:27:54.476  7258  7484 F libc    : Fatal signal 11 (SIGSEGV), code 1, fault addr 0x1bb in tid 7484 (Thread-58857)
03-18 15:27:54.478 30551 30551 F DEBUG   : *** *** *** *** *** *** *** *** *** *** *** *** *** *** *** ***
03-18 15:27:54.478 30551 30551 F DEBUG   : Build fingerprint: 'htc/htc_asia_tw/htc_mecdug:6.0.1/MMB29M/720067.3:user/release-keys'
03-18 15:27:54.479 30551 30551 F DEBUG   : Revision: '0'
03-18 15:27:54.479 30551 30551 F DEBUG   : ABI: 'arm'
03-18 15:27:54.479 30551 30551 F DEBUG   : pid: 7258, tid: 7484, name: Thread-58857  >>> eu.faircode.netguard <<<
03-18 15:27:54.479 30551 30551 F DEBUG   : signal 11 (SIGSEGV), code 1 (SEGV_MAPERR), fault addr 0x1bb
03-18 15:27:54.516 30551 30551 F DEBUG   :     r0 000001bb  r1 000001bb  r2 00000000  r3 00000005
03-18 15:27:54.516 30551 30551 F DEBUG   :     r4 00000002  r5 85a78a98  r6 0ccccccc  r7 ffffffff
03-18 15:27:54.516 30551 30551 F DEBUG   :     r8 85a793e8  r9 00000000  sl 000001bb  fp 85a793ec
03-18 15:27:54.516 30551 30551 F DEBUG   :     ip 80000000  sp 85a78990  lr b6d5a2e5  pc b6d34dfa  cpsr 800f0030
03-18 15:27:54.530 30551 30551 F DEBUG   : 
03-18 15:27:54.530 30551 30551 F DEBUG   : backtrace:
03-18 15:27:54.530 30551 30551 F DEBUG   :     #00 pc 00017dfa  /system/lib/libc.so (strlen+21)
03-18 15:27:54.530 30551 30551 F DEBUG   :     #01 pc 0003d2e1  /system/lib/libc.so (__vfprintf+2948)
03-18 15:27:54.530 30551 30551 F DEBUG   :     #02 pc 0004072f  /system/lib/libc.so (vsprintf+106)
03-18 15:27:54.530 30551 30551 F DEBUG   :     #03 pc 0000b694  /data/app/eu.faircode.netguard-1/lib/arm/libnetguard.so (log_android+120)
03-18 15:27:54.530 30551 30551 F DEBUG   :     #04 pc 00004860  /data/app/eu.faircode.netguard-1/lib/arm/libnetguard.so (handle_ip+2324)
03-18 15:27:54.530 30551 30551 F DEBUG   :     #05 pc 00003eb4  /data/app/eu.faircode.netguard-1/lib/arm/libnetguard.so (check_tun+848)
03-18 15:27:54.530 30551 30551 F DEBUG   :     #06 pc 00005ebc  /data/app/eu.faircode.netguard-1/lib/arm/libnetguard.so (handle_events+2004)
03-18 15:27:54.530 30551 30551 F DEBUG   :     #07 pc 00041fcf  /system/lib/libc.so (__pthread_start(void*)+30)
03-18 15:27:54.530 30551 30551 F DEBUG   :     #08 pc 000190c3  /system/lib/libc.so (__start_thread+6)
03-18 15:27:55.610 30551 30551 F DEBUG   : 
03-18 15:27:55.610 30551 30551 F DEBUG   : Tombstone written to: /data/tombstones/tombstone_07
03-18 15:37:06.979 13865 14392 F libc    : Fatal signal 11 (SIGSEGV), code 1, fault addr 0x1bb in tid 14392 (Thread-59061)
03-18 15:37:06.992 30551 30551 F DEBUG   : *** *** *** *** *** *** *** *** *** *** *** *** *** *** *** ***
03-18 15:37:06.993 30551 30551 F DEBUG   : Build fingerprint: 'htc/htc_asia_tw/htc_mecdug:6.0.1/MMB29M/720067.3:user/release-keys'
03-18 15:37:06.993 30551 30551 F DEBUG   : Revision: '0'
03-18 15:37:06.993 30551 30551 F DEBUG   : ABI: 'arm'
03-18 15:37:06.993 30551 30551 F DEBUG   : pid: 13865, tid: 14392, name: Thread-59061  >>> eu.faircode.netguard <<<
03-18 15:37:06.993 30551 30551 F DEBUG   : signal 11 (SIGSEGV), code 1 (SEGV_MAPERR), fault addr 0x1bb
03-18 15:37:07.034 30551 30551 F DEBUG   :     r0 000001bb  r1 000001bb  r2 00000000  r3 00000005
03-18 15:37:07.034 30551 30551 F DEBUG   :     r4 00000002  r5 82409a98  r6 0ccccccc  r7 ffffffff
03-18 15:37:07.034 30551 30551 F DEBUG   :     r8 8240a3e8  r9 00000000  sl 000001bb  fp 8240a3ec
03-18 15:37:07.034 30551 30551 F DEBUG   :     ip 80000000  sp 82409990  lr b6d5a2e5  pc b6d34dfa  cpsr 800f0030
03-18 15:37:07.055 30551 30551 F DEBUG   : 
03-18 15:37:07.055 30551 30551 F DEBUG   : backtrace:
03-18 15:37:07.056 30551 30551 F DEBUG   :     #00 pc 00017dfa  /system/lib/libc.so (strlen+21)
03-18 15:37:07.058 30551 30551 F DEBUG   :     #01 pc 0003d2e1  /system/lib/libc.so (__vfprintf+2948)
03-18 15:37:07.059 30551 30551 F DEBUG   :     #02 pc 0004072f  /system/lib/libc.so (vsprintf+106)
03-18 15:37:07.060 30551 30551 F DEBUG   :     #03 pc 0000b694  /data/app/eu.faircode.netguard-2/lib/arm/libnetguard.so (log_android+120)
03-18 15:37:07.063 30551 30551 F DEBUG   :     #04 pc 00004860  /data/app/eu.faircode.netguard-2/lib/arm/libnetguard.so (handle_ip+2324)
03-18 15:37:07.064 30551 30551 F DEBUG   :     #05 pc 00003eb4  /data/app/eu.faircode.netguard-2/lib/arm/libnetguard.so (check_tun+848)
03-18 15:37:07.065 30551 30551 F DEBUG   :     #06 pc 00005ebc  /data/app/eu.faircode.netguard-2/lib/arm/libnetguard.so (handle_events+2004)
03-18 15:37:07.065 30551 30551 F DEBUG   :     #07 pc 00041fcf  /system/lib/libc.so (__pthread_start(void*)+30)
03-18 15:37:07.067 30551 30551 F DEBUG   :     #08 pc 000190c3  /system/lib/libc.so (__start_thread+6)
03-18 15:37:08.565 30551 30551 F DEBUG   : 
03-18 15:37:08.565 30551 30551 F DEBUG   : Tombstone written to: /data/tombstones/tombstone_08
03-18 15:37:38.099 15905 16382 F libc    : Fatal signal 11 (SIGSEGV), code 1, fault addr 0x1bb in tid 16382 (Thread-59209)
03-18 15:37:38.102 30551 30551 F DEBUG   : *** *** *** *** *** *** *** *** *** *** *** *** *** *** *** ***
03-18 15:37:38.102 30551 30551 F DEBUG   : Build fingerprint: 'htc/htc_asia_tw/htc_mecdug:6.0.1/MMB29M/720067.3:user/release-keys'
03-18 15:37:38.102 30551 30551 F DEBUG   : Revision: '0'
03-18 15:37:38.102 30551 30551 F DEBUG   : ABI: 'arm'
03-18 15:37:38.103 30551 30551 F DEBUG   : pid: 15905, tid: 16382, name: Thread-59209  >>> eu.faircode.netguard <<<
03-18 15:37:38.104 30551 30551 F DEBUG   : signal 11 (SIGSEGV), code 1 (SEGV_MAPERR), fault addr 0x1bb
03-18 15:37:38.133 30551 30551 F DEBUG   :     r0 000001bb  r1 000001bb  r2 00000000  r3 00000005
03-18 15:37:38.134 30551 30551 F DEBUG   :     r4 00000002  r5 87240a98  r6 0ccccccc  r7 ffffffff
03-18 15:37:38.134 30551 30551 F DEBUG   :     r8 872413e8  r9 00000000  sl 000001bb  fp 872413ec
03-18 15:37:38.135 30551 30551 F DEBUG   :     ip 80000000  sp 87240990  lr b6d5a2e5  pc b6d34dfa  cpsr 800f0030
03-18 15:37:38.154 30551 30551 F DEBUG   : 
03-18 15:37:38.154 30551 30551 F DEBUG   : backtrace:
03-18 15:37:38.154 30551 30551 F DEBUG   :     #00 pc 00017dfa  /system/lib/libc.so (strlen+21)
03-18 15:37:38.154 30551 30551 F DEBUG   :     #01 pc 0003d2e1  /system/lib/libc.so (__vfprintf+2948)
03-18 15:37:38.154 30551 30551 F DEBUG   :     #02 pc 0004072f  /system/lib/libc.so (vsprintf+106)
03-18 15:37:38.155 30551 30551 F DEBUG   :     #03 pc 0000b694  /data/app/eu.faircode.netguard-2/lib/arm/libnetguard.so (log_android+120)
03-18 15:37:38.155 30551 30551 F DEBUG   :     #04 pc 00004860  /data/app/eu.faircode.netguard-2/lib/arm/libnetguard.so (handle_ip+2324)
03-18 15:37:38.155 30551 30551 F DEBUG   :     #05 pc 00003eb4  /data/app/eu.faircode.netguard-2/lib/arm/libnetguard.so (check_tun+848)
03-18 15:37:38.155 30551 30551 F DEBUG   :     #06 pc 00005ebc  /data/app/eu.faircode.netguard-2/lib/arm/libnetguard.so (handle_events+2004)
03-18 15:37:38.155 30551 30551 F DEBUG   :     #07 pc 00041fcf  /system/lib/libc.so (__pthread_start(void*)+30)
03-18 15:37:38.156 30551 30551 F DEBUG   :     #08 pc 000190c3  /system/lib/libc.so (__start_thread+6)
03-18 15:37:39.395 30551 30551 F DEBUG   : 
03-18 15:37:39.395 30551 30551 F DEBUG   : Tombstone written to: /data/tombstones/tombstone_09
03-18 15:47:35.889 22224 22888 F libc    : Fatal signal 11 (SIGSEGV), code 1, fault addr 0x1bb in tid 22888 (Thread-59409)
03-18 15:47:35.909 30551 30551 F DEBUG   : *** *** *** *** *** *** *** *** *** *** *** *** *** *** *** ***
03-18 15:47:35.909 30551 30551 F DEBUG   : Build fingerprint: 'htc/htc_asia_tw/htc_mecdug:6.0.1/MMB29M/720067.3:user/release-keys'
03-18 15:47:35.909 30551 30551 F DEBUG   : Revision: '0'
03-18 15:47:35.909 30551 30551 F DEBUG   : ABI: 'arm'
03-18 15:47:35.909 30551 30551 F DEBUG   : pid: 22224, tid: 22888, name: Thread-59409  >>> eu.faircode.netguard <<<
03-18 15:47:35.909 30551 30551 F DEBUG   : signal 11 (SIGSEGV), code 1 (SEGV_MAPERR), fault addr 0x1bb
03-18 15:47:35.971 30551 30551 F DEBUG   :     r0 000001bb  r1 000001bb  r2 00000000  r3 00000005
03-18 15:47:35.971 30551 30551 F DEBUG   :     r4 00000002  r5 947aea98  r6 0ccccccc  r7 ffffffff
03-18 15:47:35.971 30551 30551 F DEBUG   :     r8 947af3e8  r9 00000000  sl 000001bb  fp 947af3ec
03-18 15:47:35.971 30551 30551 F DEBUG   :     ip 80000000  sp 947ae990  lr b6d5a2e5  pc b6d34dfa  cpsr 800f0030
03-18 15:47:36.003 30551 30551 F DEBUG   : 
03-18 15:47:36.003 30551 30551 F DEBUG   : backtrace:
03-18 15:47:36.004 30551 30551 F DEBUG   :     #00 pc 00017dfa  /system/lib/libc.so (strlen+21)
03-18 15:47:36.004 30551 30551 F DEBUG   :     #01 pc 0003d2e1  /system/lib/libc.so (__vfprintf+2948)
03-18 15:47:36.004 30551 30551 F DEBUG   :     #02 pc 0004072f  /system/lib/libc.so (vsprintf+106)
03-18 15:47:36.005 30551 30551 F DEBUG   :     #03 pc 0000b694  /data/app/eu.faircode.netguard-1/lib/arm/libnetguard.so (log_android+120)
03-18 15:47:36.006 30551 30551 F DEBUG   :     #04 pc 00004860  /data/app/eu.faircode.netguard-1/lib/arm/libnetguard.so (handle_ip+2324)
03-18 15:47:36.008 30551 30551 F DEBUG   :     #05 pc 00003eb4  /data/app/eu.faircode.netguard-1/lib/arm/libnetguard.so (check_tun+848)
03-18 15:47:36.008 30551 30551 F DEBUG   :     #06 pc 00005ebc  /data/app/eu.faircode.netguard-1/lib/arm/libnetguard.so (handle_events+2004)
03-18 15:47:36.013 30551 30551 F DEBUG   :     #07 pc 00041fcf  /system/lib/libc.so (__pthread_start(void*)+30)
03-18 15:47:36.013 30551 30551 F DEBUG   :     #08 pc 000190c3  /system/lib/libc.so (__start_thread+6)
03-18 15:47:37.269 30551 30551 F DEBUG   : 
03-18 15:47:37.269 30551 30551 F DEBUG   : Tombstone written to: /data/tombstones/tombstone_00
03-18 15:48:19.794 23069 23247 F libc    : Fatal signal 11 (SIGSEGV), code 1, fault addr 0x1bb in tid 23247 (Thread-59470)
03-18 15:48:19.796 30551 30551 F DEBUG   : *** *** *** *** *** *** *** *** *** *** *** *** *** *** *** ***
03-18 15:48:19.796 30551 30551 F DEBUG   : Build fingerprint: 'htc/htc_asia_tw/htc_mecdug:6.0.1/MMB29M/720067.3:user/release-keys'
03-18 15:48:19.796 30551 30551 F DEBUG   : Revision: '0'
03-18 15:48:19.796 30551 30551 F DEBUG   : ABI: 'arm'
03-18 15:48:19.797 30551 30551 F DEBUG   : pid: 23069, tid: 23247, name: Thread-59470  >>> eu.faircode.netguard <<<
03-18 15:48:19.797 30551 30551 F DEBUG   : signal 11 (SIGSEGV), code 1 (SEGV_MAPERR), fault addr 0x1bb
03-18 15:48:19.833 30551 30551 F DEBUG   :     r0 000001bb  r1 000001bb  r2 00000000  r3 00000005
03-18 15:48:19.834 30551 30551 F DEBUG   :     r4 00000002  r5 9c8c1a98  r6 0ccccccc  r7 ffffffff
03-18 15:48:19.835 30551 30551 F DEBUG   :     r8 9c8c23e8  r9 00000000  sl 000001bb  fp 9c8c23ec
03-18 15:48:19.836 30551 30551 F DEBUG   :     ip 80000000  sp 9c8c1990  lr b6d5a2e5  pc b6d34dfa  cpsr 800f0030
03-18 15:48:19.854 30551 30551 F DEBUG   : 
03-18 15:48:19.854 30551 30551 F DEBUG   : backtrace:
03-18 15:48:19.856 30551 30551 F DEBUG   :     #00 pc 00017dfa  /system/lib/libc.so (strlen+21)
03-18 15:48:19.856 30551 30551 F DEBUG   :     #01 pc 0003d2e1  /system/lib/libc.so (__vfprintf+2948)
03-18 15:48:19.857 30551 30551 F DEBUG   :     #02 pc 0004072f  /system/lib/libc.so (vsprintf+106)
03-18 15:48:19.857 30551 30551 F DEBUG   :     #03 pc 0000b694  /data/app/eu.faircode.netguard-1/lib/arm/libnetguard.so (log_android+120)
03-18 15:48:19.857 30551 30551 F DEBUG   :     #04 pc 00004860  /data/app/eu.faircode.netguard-1/lib/arm/libnetguard.so (handle_ip+2324)
03-18 15:48:19.858 30551 30551 F DEBUG   :     #05 pc 00003eb4  /data/app/eu.faircode.netguard-1/lib/arm/libnetguard.so (check_tun+848)
03-18 15:48:19.858 30551 30551 F DEBUG   :     #06 pc 00005ebc  /data/app/eu.faircode.netguard-1/lib/arm/libnetguard.so (handle_events+2004)
03-18 15:48:19.859 30551 30551 F DEBUG   :     #07 pc 00041fcf  /system/lib/libc.so (__pthread_start(void*)+30)
03-18 15:48:19.859 30551 30551 F DEBUG   :     #08 pc 000190c3  /system/lib/libc.so (__start_thread+6)
03-18 15:48:21.208 30551 30551 F DEBUG   : 
03-18 15:48:21.208 30551 30551 F DEBUG   : Tombstone written to: /data/tombstones/tombstone_01
03-18 16:03:05.036 14869 15705 F libc    : Fatal signal 11 (SIGSEGV), code 1, fault addr 0x1bb in tid 15705 (Thread-60115)
03-18 16:03:05.040 30551 30551 F DEBUG   : *** *** *** *** *** *** *** *** *** *** *** *** *** *** *** ***
03-18 16:03:05.041 30551 30551 F DEBUG   : Build fingerprint: 'htc/htc_asia_tw/htc_mecdug:6.0.1/MMB29M/720067.3:user/release-keys'
03-18 16:03:05.041 30551 30551 F DEBUG   : Revision: '0'
03-18 16:03:05.041 30551 30551 F DEBUG   : ABI: 'arm'
03-18 16:03:05.041 30551 30551 F DEBUG   : pid: 14869, tid: 15705, name: Thread-60115  >>> eu.faircode.netguard <<<
03-18 16:03:05.041 30551 30551 F DEBUG   : signal 11 (SIGSEGV), code 1 (SEGV_MAPERR), fault addr 0x1bb
03-18 16:03:05.071 30551 30551 F DEBUG   :     r0 000001bb  r1 000001bb  r2 00000000  r3 00000005
03-18 16:03:05.071 30551 30551 F DEBUG   :     r4 00000002  r5 9cf67a98  r6 0ccccccc  r7 ffffffff
03-18 16:03:05.071 30551 30551 F DEBUG   :     r8 9cf683e8  r9 00000000  sl 000001bb  fp 9cf683ec
03-18 16:03:05.072 30551 30551 F DEBUG   :     ip 80000000  sp 9cf67990  lr b6d5a2e5  pc b6d34dfa  cpsr 800f0030
03-18 16:03:05.100 30551 30551 F DEBUG   : 
03-18 16:03:05.100 30551 30551 F DEBUG   : backtrace:
03-18 16:03:05.100 30551 30551 F DEBUG   :     #00 pc 00017dfa  /system/lib/libc.so (strlen+21)
03-18 16:03:05.100 30551 30551 F DEBUG   :     #01 pc 0003d2e1  /system/lib/libc.so (__vfprintf+2948)
03-18 16:03:05.100 30551 30551 F DEBUG   :     #02 pc 0004072f  /system/lib/libc.so (vsprintf+106)
03-18 16:03:05.100 30551 30551 F DEBUG   :     #03 pc 0000b670  /data/app/eu.faircode.netguard-1/lib/arm/libnetguard.so (log_android+120)
03-18 16:03:05.101 30551 30551 F DEBUG   :     #04 pc 00004860  /data/app/eu.faircode.netguard-1/lib/arm/libnetguard.so (handle_ip+2324)
03-18 16:03:05.101 30551 30551 F DEBUG   :     #05 pc 00003eb4  /data/app/eu.faircode.netguard-1/lib/arm/libnetguard.so (check_tun+848)
03-18 16:03:05.101 30551 30551 F DEBUG   :     #06 pc 00005e9c  /data/app/eu.faircode.netguard-1/lib/arm/libnetguard.so (handle_events+1972)
03-18 16:03:05.101 30551 30551 F DEBUG   :     #07 pc 00041fcf  /system/lib/libc.so (__pthread_start(void*)+30)
03-18 16:03:05.101 30551 30551 F DEBUG   :     #08 pc 000190c3  /system/lib/libc.so (__start_thread+6)
03-18 16:03:06.219 30551 30551 F DEBUG   : 
03-18 16:03:06.219 30551 30551 F DEBUG   : Tombstone written to: /data/tombstones/tombstone_02
03-18 16:04:40.166 19963 20520 F libc    : Fatal signal 11 (SIGSEGV), code 1, fault addr 0x1bb in tid 20520 (Thread-60371)
03-18 16:04:40.169 30551 30551 F DEBUG   : *** *** *** *** *** *** *** *** *** *** *** *** *** *** *** ***
03-18 16:04:40.169 30551 30551 F DEBUG   : Build fingerprint: 'htc/htc_asia_tw/htc_mecdug:6.0.1/MMB29M/720067.3:user/release-keys'
03-18 16:04:40.169 30551 30551 F DEBUG   : Revision: '0'
03-18 16:04:40.169 30551 30551 F DEBUG   : ABI: 'arm'
03-18 16:04:40.169 30551 30551 F DEBUG   : pid: 19963, tid: 20520, name: Thread-60371  >>> eu.faircode.netguard <<<
03-18 16:04:40.169 30551 30551 F DEBUG   : signal 11 (SIGSEGV), code 1 (SEGV_MAPERR), fault addr 0x1bb
03-18 16:04:40.197 30551 30551 F DEBUG   :     r0 000001bb  r1 000001bb  r2 00000000  r3 00000005
03-18 16:04:40.197 30551 30551 F DEBUG   :     r4 00000002  r5 82dcfa98  r6 0ccccccc  r7 ffffffff
03-18 16:04:40.198 30551 30551 F DEBUG   :     r8 82dd03e8  r9 00000000  sl 000001bb  fp 82dd03ec
03-18 16:04:40.198 30551 30551 F DEBUG   :     ip 80000000  sp 82dcf990  lr b6d5a2e5  pc b6d34dfa  cpsr 800f0030
03-18 16:04:40.210 30551 30551 F DEBUG   : 
03-18 16:04:40.210 30551 30551 F DEBUG   : backtrace:
03-18 16:04:40.214 30551 30551 F DEBUG   :     #00 pc 00017dfa  /system/lib/libc.so (strlen+21)
03-18 16:04:40.215 30551 30551 F DEBUG   :     #01 pc 0003d2e1  /system/lib/libc.so (__vfprintf+2948)
03-18 16:04:40.215 30551 30551 F DEBUG   :     #02 pc 0004072f  /system/lib/libc.so (vsprintf+106)
03-18 16:04:40.215 30551 30551 F DEBUG   :     #03 pc 0000b688  /data/app/eu.faircode.netguard-2/lib/arm/libnetguard.so (log_android+120)
03-18 16:04:40.215 30551 30551 F DEBUG   :     #04 pc 000047dc  /data/app/eu.faircode.netguard-2/lib/arm/libnetguard.so (handle_ip+2192)
03-18 16:04:40.215 30551 30551 F DEBUG   :     #05 pc 00003eb4  /data/app/eu.faircode.netguard-2/lib/arm/libnetguard.so (check_tun+848)
03-18 16:04:40.215 30551 30551 F DEBUG   :     #06 pc 00005eb4  /data/app/eu.faircode.netguard-2/lib/arm/libnetguard.so (handle_events+1972)
03-18 16:04:40.215 30551 30551 F DEBUG   :     #07 pc 00041fcf  /system/lib/libc.so (__pthread_start(void*)+30)
03-18 16:04:40.215 30551 30551 F DEBUG   :     #08 pc 000190c3  /system/lib/libc.so (__start_thread+6)
03-18 16:04:41.544 30551 30551 F DEBUG   : 
03-18 16:04:41.544 30551 30551 F DEBUG   : Tombstone written to: /data/tombstones/tombstone_03
03-18 16:04:52.543 20864 21189 F libc    : Fatal signal 11 (SIGSEGV), code 1, fault addr 0x1bb in tid 21189 (Thread-60454)
03-18 16:04:52.545 30551 30551 F DEBUG   : *** *** *** *** *** *** *** *** *** *** *** *** *** *** *** ***
03-18 16:04:52.545 30551 30551 F DEBUG   : Build fingerprint: 'htc/htc_asia_tw/htc_mecdug:6.0.1/MMB29M/720067.3:user/release-keys'
03-18 16:04:52.545 30551 30551 F DEBUG   : Revision: '0'
03-18 16:04:52.546 30551 30551 F DEBUG   : ABI: 'arm'
03-18 16:04:52.546 30551 30551 F DEBUG   : pid: 20864, tid: 21189, name: Thread-60454  >>> eu.faircode.netguard <<<
03-18 16:04:52.546 30551 30551 F DEBUG   : signal 11 (SIGSEGV), code 1 (SEGV_MAPERR), fault addr 0x1bb
03-18 16:04:52.577 30551 30551 F DEBUG   :     r0 000001bb  r1 000001bb  r2 00000000  r3 00000005
03-18 16:04:52.577 30551 30551 F DEBUG   :     r4 00000002  r5 8f67da98  r6 0ccccccc  r7 ffffffff
03-18 16:04:52.577 30551 30551 F DEBUG   :     r8 8f67e3e8  r9 00000000  sl 000001bb  fp 8f67e3ec
03-18 16:04:52.578 30551 30551 F DEBUG   :     ip 80000000  sp 8f67d990  lr b6d5a2e5  pc b6d34dfa  cpsr 800f0030
03-18 16:04:52.592 30551 30551 F DEBUG   : 
03-18 16:04:52.592 30551 30551 F DEBUG   : backtrace:
03-18 16:04:52.593 30551 30551 F DEBUG   :     #00 pc 00017dfa  /system/lib/libc.so (strlen+21)
03-18 16:04:52.593 30551 30551 F DEBUG   :     #01 pc 0003d2e1  /system/lib/libc.so (__vfprintf+2948)
03-18 16:04:52.593 30551 30551 F DEBUG   :     #02 pc 0004072f  /system/lib/libc.so (vsprintf+106)
03-18 16:04:52.594 30551 30551 F DEBUG   :     #03 pc 0000b688  /data/app/eu.faircode.netguard-2/lib/arm/libnetguard.so (log_android+120)
03-18 16:04:52.594 30551 30551 F DEBUG   :     #04 pc 000047dc  /data/app/eu.faircode.netguard-2/lib/arm/libnetguard.so (handle_ip+2192)
03-18 16:04:52.595 30551 30551 F DEBUG   :     #05 pc 00003eb4  /data/app/eu.faircode.netguard-2/lib/arm/libnetguard.so (check_tun+848)
03-18 16:04:52.595 30551 30551 F DEBUG   :     #06 pc 00005eb4  /data/app/eu.faircode.netguard-2/lib/arm/libnetguard.so (handle_events+1972)
03-18 16:04:52.596 30551 30551 F DEBUG   :     #07 pc 00041fcf  /system/lib/libc.so (__pthread_start(void*)+30)
03-18 16:04:52.596 30551 30551 F DEBUG   :     #08 pc 000190c3  /system/lib/libc.so (__start_thread+6)
03-18 16:04:53.499 30551 30551 F DEBUG   : 
03-18 16:04:53.499 30551 30551 F DEBUG   : Tombstone written to: /data/tombstones/tombstone_04
03-18 16:05:07.575 21314 21429 F libc    : Fatal signal 11 (SIGSEGV), code 1, fault addr 0x1bb in tid 21429 (Thread-60472)
03-18 16:05:07.671 30551 30551 F DEBUG   : *** *** *** *** *** *** *** *** *** *** *** *** *** *** *** ***
03-18 16:05:07.671 30551 30551 F DEBUG   : Build fingerprint: 'htc/htc_asia_tw/htc_mecdug:6.0.1/MMB29M/720067.3:user/release-keys'
03-18 16:05:07.671 30551 30551 F DEBUG   : Revision: '0'
03-18 16:05:07.671 30551 30551 F DEBUG   : ABI: 'arm'
03-18 16:05:07.672 30551 30551 F DEBUG   : pid: 21314, tid: 21429, name: Thread-60472  >>> eu.faircode.netguard <<<
03-18 16:05:07.672 30551 30551 F DEBUG   : signal 11 (SIGSEGV), code 1 (SEGV_MAPERR), fault addr 0x1bb
03-18 16:05:07.698 30551 30551 F DEBUG   :     r0 000001bb  r1 000001bb  r2 00000000  r3 00000005
03-18 16:05:07.698 30551 30551 F DEBUG   :     r4 00000002  r5 83a10a98  r6 0ccccccc  r7 ffffffff
03-18 16:05:07.698 30551 30551 F DEBUG   :     r8 83a113e8  r9 00000000  sl 000001bb  fp 83a113ec
03-18 16:05:07.698 30551 30551 F DEBUG   :     ip 80000000  sp 83a10990  lr b6d5a2e5  pc b6d34dfa  cpsr 800f0030
03-18 16:05:07.711 30551 30551 F DEBUG   : 
03-18 16:05:07.711 30551 30551 F DEBUG   : backtrace:
03-18 16:05:07.711 30551 30551 F DEBUG   :     #00 pc 00017dfa  /system/lib/libc.so (strlen+21)
03-18 16:05:07.711 30551 30551 F DEBUG   :     #01 pc 0003d2e1  /system/lib/libc.so (__vfprintf+2948)
03-18 16:05:07.711 30551 30551 F DEBUG   :     #02 pc 0004072f  /system/lib/libc.so (vsprintf+106)
03-18 16:05:07.711 30551 30551 F DEBUG   :     #03 pc 0000b688  /data/app/eu.faircode.netguard-2/lib/arm/libnetguard.so (log_android+120)
03-18 16:05:07.711 30551 30551 F DEBUG   :     #04 pc 000047dc  /data/app/eu.faircode.netguard-2/lib/arm/libnetguard.so (handle_ip+2192)
03-18 16:05:07.712 30551 30551 F DEBUG   :     #05 pc 00003eb4  /data/app/eu.faircode.netguard-2/lib/arm/libnetguard.so (check_tun+848)
03-18 16:05:07.712 30551 30551 F DEBUG   :     #06 pc 00005eb4  /data/app/eu.faircode.netguard-2/lib/arm/libnetguard.so (handle_events+1972)
03-18 16:05:07.712 30551 30551 F DEBUG   :     #07 pc 00041fcf  /system/lib/libc.so (__pthread_start(void*)+30)
03-18 16:05:07.712 30551 30551 F DEBUG   :     #08 pc 000190c3  /system/lib/libc.so (__start_thread+6)
03-18 16:05:08.606 30551 30551 F DEBUG   : 
03-18 16:05:08.606 30551 30551 F DEBUG   : Tombstone written to: /data/tombstones/tombstone_05
03-18 16:05:26.443 21599 21967 F libc    : Fatal signal 11 (SIGSEGV), code 1, fault addr 0x1bb in tid 21967 (Thread-60492)
03-18 16:05:26.446 30551 30551 F DEBUG   : *** *** *** *** *** *** *** *** *** *** *** *** *** *** *** ***
03-18 16:05:26.446 30551 30551 F DEBUG   : Build fingerprint: 'htc/htc_asia_tw/htc_mecdug:6.0.1/MMB29M/720067.3:user/release-keys'
03-18 16:05:26.447 30551 30551 F DEBUG   : Revision: '0'
03-18 16:05:26.447 30551 30551 F DEBUG   : ABI: 'arm'
03-18 16:05:26.447 30551 30551 F DEBUG   : pid: 21599, tid: 21967, name: Thread-60492  >>> eu.faircode.netguard <<<
03-18 16:05:26.447 30551 30551 F DEBUG   : signal 11 (SIGSEGV), code 1 (SEGV_MAPERR), fault addr 0x1bb
03-18 16:05:26.475 30551 30551 F DEBUG   :     r0 000001bb  r1 000001bb  r2 00000000  r3 00000005
03-18 16:05:26.475 30551 30551 F DEBUG   :     r4 00000002  r5 aee30a98  r6 0ccccccc  r7 ffffffff
03-18 16:05:26.475 30551 30551 F DEBUG   :     r8 aee313e8  r9 00000000  sl 000001bb  fp aee313ec
03-18 16:05:26.475 30551 30551 F DEBUG   :     ip 80000000  sp aee30990  lr b6d5a2e5  pc b6d34dfa  cpsr 800f0030
03-18 16:05:26.488 30551 30551 F DEBUG   : 
03-18 16:05:26.488 30551 30551 F DEBUG   : backtrace:
03-18 16:05:26.488 30551 30551 F DEBUG   :     #00 pc 00017dfa  /system/lib/libc.so (strlen+21)
03-18 16:05:26.489 30551 30551 F DEBUG   :     #01 pc 0003d2e1  /system/lib/libc.so (__vfprintf+2948)
03-18 16:05:26.489 30551 30551 F DEBUG   :     #02 pc 0004072f  /system/lib/libc.so (vsprintf+106)
03-18 16:05:26.490 30551 30551 F DEBUG   :     #03 pc 0000b688  /data/app/eu.faircode.netguard-2/lib/arm/libnetguard.so (log_android+120)
03-18 16:05:26.490 30551 30551 F DEBUG   :     #04 pc 000047dc  /data/app/eu.faircode.netguard-2/lib/arm/libnetguard.so (handle_ip+2192)
03-18 16:05:26.490 30551 30551 F DEBUG   :     #05 pc 00003eb4  /data/app/eu.faircode.netguard-2/lib/arm/libnetguard.so (check_tun+848)
03-18 16:05:26.490 30551 30551 F DEBUG   :     #06 pc 00005eb4  /data/app/eu.faircode.netguard-2/lib/arm/libnetguard.so (handle_events+1972)
03-18 16:05:26.491 30551 30551 F DEBUG   :     #07 pc 00041fcf  /system/lib/libc.so (__pthread_start(void*)+30)
03-18 16:05:26.491 30551 30551 F DEBUG   :     #08 pc 000190c3  /system/lib/libc.so (__start_thread+6)
03-18 16:05:27.484 30551 30551 F DEBUG   : 
03-18 16:05:27.484 30551 30551 F DEBUG   : Tombstone written to: /data/tombstones/tombstone_06
03-18 16:05:37.955 22056 22239 F libc    : Fatal signal 11 (SIGSEGV), code 1, fault addr 0x1bb in tid 22239 (Thread-60485)
03-18 16:05:37.957 30551 30551 F DEBUG   : *** *** *** *** *** *** *** *** *** *** *** *** *** *** *** ***
03-18 16:05:37.958 30551 30551 F DEBUG   : Build fingerprint: 'htc/htc_asia_tw/htc_mecdug:6.0.1/MMB29M/720067.3:user/release-keys'
03-18 16:05:37.958 30551 30551 F DEBUG   : Revision: '0'
03-18 16:05:37.958 30551 30551 F DEBUG   : ABI: 'arm'
03-18 16:05:37.958 30551 30551 F DEBUG   : pid: 22056, tid: 22239, name: Thread-60485  >>> eu.faircode.netguard <<<
03-18 16:05:37.958 30551 30551 F DEBUG   : signal 11 (SIGSEGV), code 1 (SEGV_MAPERR), fault addr 0x1bb
03-18 16:05:37.991 30551 30551 F DEBUG   :     r0 000001bb  r1 000001bb  r2 00000000  r3 00000005
03-18 16:05:37.992 30551 30551 F DEBUG   :     r4 00000002  r5 8372aa98  r6 0ccccccc  r7 ffffffff
03-18 16:05:37.992 30551 30551 F DEBUG   :     r8 8372b3e8  r9 00000000  sl 000001bb  fp 8372b3ec
03-18 16:05:37.992 30551 30551 F DEBUG   :     ip 80000000  sp 8372a990  lr b6d5a2e5  pc b6d34dfa  cpsr 800f0030
03-18 16:05:38.007 30551 30551 F DEBUG   : 
03-18 16:05:38.007 30551 30551 F DEBUG   : backtrace:
03-18 16:05:38.007 30551 30551 F DEBUG   :     #00 pc 00017dfa  /system/lib/libc.so (strlen+21)
03-18 16:05:38.008 30551 30551 F DEBUG   :     #01 pc 0003d2e1  /system/lib/libc.so (__vfprintf+2948)
03-18 16:05:38.008 30551 30551 F DEBUG   :     #02 pc 0004072f  /system/lib/libc.so (vsprintf+106)
03-18 16:05:38.008 30551 30551 F DEBUG   :     #03 pc 0000b688  /data/app/eu.faircode.netguard-2/lib/arm/libnetguard.so (log_android+120)
03-18 16:05:38.008 30551 30551 F DEBUG   :     #04 pc 000047dc  /data/app/eu.faircode.netguard-2/lib/arm/libnetguard.so (handle_ip+2192)
03-18 16:05:38.008 30551 30551 F DEBUG   :     #05 pc 00003eb4  /data/app/eu.faircode.netguard-2/lib/arm/libnetguard.so (check_tun+848)
03-18 16:05:38.008 30551 30551 F DEBUG   :     #06 pc 00005eb4  /data/app/eu.faircode.netguard-2/lib/arm/libnetguard.so (handle_events+1972)
03-18 16:05:38.009 30551 30551 F DEBUG   :     #07 pc 00041fcf  /system/lib/libc.so (__pthread_start(void*)+30)
03-18 16:05:38.009 30551 30551 F DEBUG   :     #08 pc 000190c3  /system/lib/libc.so (__start_thread+6)
03-18 16:05:39.085 30551 30551 F DEBUG   : 
03-18 16:05:39.085 30551 30551 F DEBUG   : Tombstone written to: /data/tombstones/tombstone_07
03-18 16:06:00.576 22349 22626 F libc    : Fatal signal 11 (SIGSEGV), code 1, fault addr 0x1bb in tid 22626 (Thread-60502)
03-18 16:06:00.578 30551 30551 F DEBUG   : *** *** *** *** *** *** *** *** *** *** *** *** *** *** *** ***
03-18 16:06:00.579 30551 30551 F DEBUG   : Build fingerprint: 'htc/htc_asia_tw/htc_mecdug:6.0.1/MMB29M/720067.3:user/release-keys'
03-18 16:06:00.579 30551 30551 F DEBUG   : Revision: '0'
03-18 16:06:00.579 30551 30551 F DEBUG   : ABI: 'arm'
03-18 16:06:00.579 30551 30551 F DEBUG   : pid: 22349, tid: 22626, name: Thread-60502  >>> eu.faircode.netguard <<<
03-18 16:06:00.579 30551 30551 F DEBUG   : signal 11 (SIGSEGV), code 1 (SEGV_MAPERR), fault addr 0x1bb
03-18 16:06:00.604 30551 30551 F DEBUG   :     r0 000001bb  r1 000001bb  r2 00000000  r3 00000005
03-18 16:06:00.604 30551 30551 F DEBUG   :     r4 00000002  r5 9e11ea98  r6 0ccccccc  r7 ffffffff
03-18 16:06:00.604 30551 30551 F DEBUG   :     r8 9e11f3e8  r9 00000000  sl 000001bb  fp 9e11f3ec
03-18 16:06:00.604 30551 30551 F DEBUG   :     ip 80000000  sp 9e11e990  lr b6d5a2e5  pc b6d34dfa  cpsr 800f0030
03-18 16:06:00.617 30551 30551 F DEBUG   : 
03-18 16:06:00.617 30551 30551 F DEBUG   : backtrace:
03-18 16:06:00.617 30551 30551 F DEBUG   :     #00 pc 00017dfa  /system/lib/libc.so (strlen+21)
03-18 16:06:00.618 30551 30551 F DEBUG   :     #01 pc 0003d2e1  /system/lib/libc.so (__vfprintf+2948)
03-18 16:06:00.618 30551 30551 F DEBUG   :     #02 pc 0004072f  /system/lib/libc.so (vsprintf+106)
03-18 16:06:00.618 30551 30551 F DEBUG   :     #03 pc 0000b688  /data/app/eu.faircode.netguard-2/lib/arm/libnetguard.so (log_android+120)
03-18 16:06:00.618 30551 30551 F DEBUG   :     #04 pc 000047dc  /data/app/eu.faircode.netguard-2/lib/arm/libnetguard.so (handle_ip+2192)
03-18 16:06:00.619 30551 30551 F DEBUG   :     #05 pc 00003eb4  /data/app/eu.faircode.netguard-2/lib/arm/libnetguard.so (check_tun+848)
03-18 16:06:00.619 30551 30551 F DEBUG   :     #06 pc 00005eb4  /data/app/eu.faircode.netguard-2/lib/arm/libnetguard.so (handle_events+1972)
03-18 16:06:00.620 30551 30551 F DEBUG   :     #07 pc 00041fcf  /system/lib/libc.so (__pthread_start(void*)+30)
03-18 16:06:00.620 30551 30551 F DEBUG   :     #08 pc 000190c3  /system/lib/libc.so (__start_thread+6)
03-18 16:06:01.622 30551 30551 F DEBUG   : 
03-18 16:06:01.622 30551 30551 F DEBUG   : Tombstone written to: /data/tombstones/tombstone_08
03-18 16:06:11.572 22705 22784 F libc    : Fatal signal 11 (SIGSEGV), code 1, fault addr 0x1bb in tid 22784 (Thread-60490)
03-18 16:06:11.574 30551 30551 F DEBUG   : *** *** *** *** *** *** *** *** *** *** *** *** *** *** *** ***
03-18 16:06:11.575 30551 30551 F DEBUG   : Build fingerprint: 'htc/htc_asia_tw/htc_mecdug:6.0.1/MMB29M/720067.3:user/release-keys'
03-18 16:06:11.575 30551 30551 F DEBUG   : Revision: '0'
03-18 16:06:11.575 30551 30551 F DEBUG   : ABI: 'arm'
03-18 16:06:11.575 30551 30551 F DEBUG   : pid: 22705, tid: 22784, name: Thread-60490  >>> eu.faircode.netguard <<<
03-18 16:06:11.576 30551 30551 F DEBUG   : signal 11 (SIGSEGV), code 1 (SEGV_MAPERR), fault addr 0x1bb
03-18 16:06:11.607 30551 30551 F DEBUG   :     r0 000001bb  r1 000001bb  r2 00000000  r3 00000005
03-18 16:06:11.607 30551 30551 F DEBUG   :     r4 00000002  r5 83e1ea98  r6 0ccccccc  r7 ffffffff
03-18 16:06:11.608 30551 30551 F DEBUG   :     r8 83e1f3e8  r9 00000000  sl 000001bb  fp 83e1f3ec
03-18 16:06:11.608 30551 30551 F DEBUG   :     ip 80000000  sp 83e1e990  lr b6d5a2e5  pc b6d34dfa  cpsr 800f0030
03-18 16:06:11.621 30551 30551 F DEBUG   : 
03-18 16:06:11.621 30551 30551 F DEBUG   : backtrace:
03-18 16:06:11.621 30551 30551 F DEBUG   :     #00 pc 00017dfa  /system/lib/libc.so (strlen+21)
03-18 16:06:11.621 30551 30551 F DEBUG   :     #01 pc 0003d2e1  /system/lib/libc.so (__vfprintf+2948)
03-18 16:06:11.622 30551 30551 F DEBUG   :     #02 pc 0004072f  /system/lib/libc.so (vsprintf+106)
03-18 16:06:11.622 30551 30551 F DEBUG   :     #03 pc 0000b688  /data/app/eu.faircode.netguard-2/lib/arm/libnetguard.so (log_android+120)
03-18 16:06:11.622 30551 30551 F DEBUG   :     #04 pc 000047dc  /data/app/eu.faircode.netguard-2/lib/arm/libnetguard.so (handle_ip+2192)
03-18 16:06:11.622 30551 30551 F DEBUG   :     #05 pc 00003eb4  /data/app/eu.faircode.netguard-2/lib/arm/libnetguard.so (check_tun+848)
03-18 16:06:11.623 30551 30551 F DEBUG   :     #06 pc 00005eb4  /data/app/eu.faircode.netguard-2/lib/arm/libnetguard.so (handle_events+1972)
03-18 16:06:11.623 30551 30551 F DEBUG   :     #07 pc 00041fcf  /system/lib/libc.so (__pthread_start(void*)+30)
03-18 16:06:11.623 30551 30551 F DEBUG   :     #08 pc 000190c3  /system/lib/libc.so (__start_thread+6)
03-18 16:06:12.800 30551 30551 F DEBUG   : 
03-18 16:06:12.800 30551 30551 F DEBUG   : Tombstone written to: /data/tombstones/tombstone_09
03-18 16:06:40.462 22936 23271 F libc    : Fatal signal 11 (SIGSEGV), code 1, fault addr 0x1bb in tid 23271 (Thread-60510)
03-18 16:06:40.465 30551 30551 F DEBUG   : *** *** *** *** *** *** *** *** *** *** *** *** *** *** *** ***
03-18 16:06:40.465 30551 30551 F DEBUG   : Build fingerprint: 'htc/htc_asia_tw/htc_mecdug:6.0.1/MMB29M/720067.3:user/release-keys'
03-18 16:06:40.465 30551 30551 F DEBUG   : Revision: '0'
03-18 16:06:40.465 30551 30551 F DEBUG   : ABI: 'arm'
03-18 16:06:40.466 30551 30551 F DEBUG   : pid: 22936, tid: 23271, name: Thread-60510  >>> eu.faircode.netguard <<<
03-18 16:06:40.466 30551 30551 F DEBUG   : signal 11 (SIGSEGV), code 1 (SEGV_MAPERR), fault addr 0x1bb
03-18 16:06:40.492 30551 30551 F DEBUG   :     r0 000001bb  r1 000001bb  r2 00000000  r3 00000005
03-18 16:06:40.492 30551 30551 F DEBUG   :     r4 00000002  r5 9e21ea98  r6 0ccccccc  r7 ffffffff
03-18 16:06:40.492 30551 30551 F DEBUG   :     r8 9e21f3e8  r9 00000000  sl 000001bb  fp 9e21f3ec
03-18 16:06:40.492 30551 30551 F DEBUG   :     ip 80000000  sp 9e21e990  lr b6d5a2e5  pc b6d34dfa  cpsr 800f0030
03-18 16:06:40.506 30551 30551 F DEBUG   : 
03-18 16:06:40.506 30551 30551 F DEBUG   : backtrace:
03-18 16:06:40.506 30551 30551 F DEBUG   :     #00 pc 00017dfa  /system/lib/libc.so (strlen+21)
03-18 16:06:40.506 30551 30551 F DEBUG   :     #01 pc 0003d2e1  /system/lib/libc.so (__vfprintf+2948)
03-18 16:06:40.507 30551 30551 F DEBUG   :     #02 pc 0004072f  /system/lib/libc.so (vsprintf+106)
03-18 16:06:40.507 30551 30551 F DEBUG   :     #03 pc 0000b688  /data/app/eu.faircode.netguard-2/lib/arm/libnetguard.so (log_android+120)
03-18 16:06:40.507 30551 30551 F DEBUG   :     #04 pc 000047dc  /data/app/eu.faircode.netguard-2/lib/arm/libnetguard.so (handle_ip+2192)
03-18 16:06:40.507 30551 30551 F DEBUG   :     #05 pc 00003eb4  /data/app/eu.faircode.netguard-2/lib/arm/libnetguard.so (check_tun+848)
03-18 16:06:40.507 30551 30551 F DEBUG   :     #06 pc 00005eb4  /data/app/eu.faircode.netguard-2/lib/arm/libnetguard.so (handle_events+1972)
03-18 16:06:40.507 30551 30551 F DEBUG   :     #07 pc 00041fcf  /system/lib/libc.so (__pthread_start(void*)+30)
03-18 16:06:40.507 30551 30551 F DEBUG   :     #08 pc 000190c3  /system/lib/libc.so (__start_thread+6)
03-18 16:06:41.586 30551 30551 F DEBUG   : 
03-18 16:06:41.586 30551 30551 F DEBUG   : Tombstone written to: /data/tombstones/tombstone_00
03-18 16:06:51.212 23353 23454 F libc    : Fatal signal 11 (SIGSEGV), code 1, fault addr 0x1bb in tid 23454 (Thread-60493)
03-18 16:06:51.218 30551 30551 F DEBUG   : *** *** *** *** *** *** *** *** *** *** *** *** *** *** *** ***
03-18 16:06:51.220 30551 30551 F DEBUG   : Build fingerprint: 'htc/htc_asia_tw/htc_mecdug:6.0.1/MMB29M/720067.3:user/release-keys'
03-18 16:06:51.220 30551 30551 F DEBUG   : Revision: '0'
03-18 16:06:51.221 30551 30551 F DEBUG   : ABI: 'arm'
03-18 16:06:51.221 30551 30551 F DEBUG   : pid: 23353, tid: 23454, name: Thread-60493  >>> eu.faircode.netguard <<<
03-18 16:06:51.221 30551 30551 F DEBUG   : signal 11 (SIGSEGV), code 1 (SEGV_MAPERR), fault addr 0x1bb
03-18 16:06:51.272 30551 30551 F DEBUG   :     r0 000001bb  r1 000001bb  r2 00000000  r3 00000005
03-18 16:06:51.272 30551 30551 F DEBUG   :     r4 00000002  r5 8723da98  r6 0ccccccc  r7 ffffffff
03-18 16:06:51.272 30551 30551 F DEBUG   :     r8 8723e3e8  r9 00000000  sl 000001bb  fp 8723e3ec
03-18 16:06:51.272 30551 30551 F DEBUG   :     ip 80000000  sp 8723d990  lr b6d5a2e5  pc b6d34dfa  cpsr 800f0030
03-18 16:06:51.284 30551 30551 F DEBUG   : 
03-18 16:06:51.284 30551 30551 F DEBUG   : backtrace:
03-18 16:06:51.284 30551 30551 F DEBUG   :     #00 pc 00017dfa  /system/lib/libc.so (strlen+21)
03-18 16:06:51.284 30551 30551 F DEBUG   :     #01 pc 0003d2e1  /system/lib/libc.so (__vfprintf+2948)
03-18 16:06:51.284 30551 30551 F DEBUG   :     #02 pc 0004072f  /system/lib/libc.so (vsprintf+106)
03-18 16:06:51.284 30551 30551 F DEBUG   :     #03 pc 0000b688  /data/app/eu.faircode.netguard-2/lib/arm/libnetguard.so (log_android+120)
03-18 16:06:51.285 30551 30551 F DEBUG   :     #04 pc 000047dc  /data/app/eu.faircode.netguard-2/lib/arm/libnetguard.so (handle_ip+2192)
03-18 16:06:51.285 30551 30551 F DEBUG   :     #05 pc 00003eb4  /data/app/eu.faircode.netguard-2/lib/arm/libnetguard.so (check_tun+848)
03-18 16:06:51.285 30551 30551 F DEBUG   :     #06 pc 00005eb4  /data/app/eu.faircode.netguard-2/lib/arm/libnetguard.so (handle_events+1972)
03-18 16:06:51.285 30551 30551 F DEBUG   :     #07 pc 00041fcf  /system/lib/libc.so (__pthread_start(void*)+30)
03-18 16:06:51.285 30551 30551 F DEBUG   :     #08 pc 000190c3  /system/lib/libc.so (__start_thread+6)
03-18 16:06:51.954 30551 30551 F DEBUG   : 
03-18 16:06:51.954 30551 30551 F DEBUG   : Tombstone written to: /data/tombstones/tombstone_01
03-18 16:09:13.240 25150 26368 F libc    : Fatal signal 11 (SIGSEGV), code 1, fault addr 0x1bb in tid 26368 (Thread-60590)
03-18 16:09:13.247 30551 30551 F DEBUG   : *** *** *** *** *** *** *** *** *** *** *** *** *** *** *** ***
03-18 16:09:13.247 30551 30551 F DEBUG   : Build fingerprint: 'htc/htc_asia_tw/htc_mecdug:6.0.1/MMB29M/720067.3:user/release-keys'
03-18 16:09:13.247 30551 30551 F DEBUG   : Revision: '0'
03-18 16:09:13.247 30551 30551 F DEBUG   : ABI: 'arm'
03-18 16:09:13.247 30551 30551 F DEBUG   : pid: 25150, tid: 26368, name: Thread-60590  >>> eu.faircode.netguard <<<
03-18 16:09:13.247 30551 30551 F DEBUG   : signal 11 (SIGSEGV), code 1 (SEGV_MAPERR), fault addr 0x1bb
03-18 16:09:13.285 30551 30551 F DEBUG   :     r0 000001bb  r1 000001bb  r2 00000000  r3 00000005
03-18 16:09:13.285 30551 30551 F DEBUG   :     r4 00000002  r5 82c8ea98  r6 0ccccccc  r7 ffffffff
03-18 16:09:13.285 30551 30551 F DEBUG   :     r8 82c8f3e8  r9 00000000  sl 000001bb  fp 82c8f3ec
03-18 16:09:13.285 30551 30551 F DEBUG   :     ip 80000000  sp 82c8e990  lr b6d5a2e5  pc b6d34dfa  cpsr 800f0030
03-18 16:09:13.298 30551 30551 F DEBUG   : 
03-18 16:09:13.298 30551 30551 F DEBUG   : backtrace:
03-18 16:09:13.298 30551 30551 F DEBUG   :     #00 pc 00017dfa  /system/lib/libc.so (strlen+21)
03-18 16:09:13.298 30551 30551 F DEBUG   :     #01 pc 0003d2e1  /system/lib/libc.so (__vfprintf+2948)
03-18 16:09:13.298 30551 30551 F DEBUG   :     #02 pc 0004072f  /system/lib/libc.so (vsprintf+106)
03-18 16:09:13.298 30551 30551 F DEBUG   :     #03 pc 0000b688  /data/app/eu.faircode.netguard-1/lib/arm/libnetguard.so (log_android+120)
03-18 16:09:13.298 30551 30551 F DEBUG   :     #04 pc 000047dc  /data/app/eu.faircode.netguard-1/lib/arm/libnetguard.so (handle_ip+2192)
03-18 16:09:13.298 30551 30551 F DEBUG   :     #05 pc 00003eb4  /data/app/eu.faircode.netguard-1/lib/arm/libnetguard.so (check_tun+848)
03-18 16:09:13.298 30551 30551 F DEBUG   :     #06 pc 00005eb4  /data/app/eu.faircode.netguard-1/lib/arm/libnetguard.so (handle_events+1972)
03-18 16:09:13.299 30551 30551 F DEBUG   :     #07 pc 00041fcf  /system/lib/libc.so (__pthread_start(void*)+30)
03-18 16:09:13.299 30551 30551 F DEBUG   :     #08 pc 000190c3  /system/lib/libc.so (__start_thread+6)
03-18 16:09:14.394 30551 30551 F DEBUG   : 
03-18 16:09:14.394 30551 30551 F DEBUG   : Tombstone written to: /data/tombstones/tombstone_02
03-18 16:09:23.893 26502 26736 F libc    : Fatal signal 11 (SIGSEGV), code 1, fault addr 0x1bb in tid 26736 (Thread-60661)
03-18 16:09:23.898 30551 30551 F DEBUG   : *** *** *** *** *** *** *** *** *** *** *** *** *** *** *** ***
03-18 16:09:23.898 30551 30551 F DEBUG   : Build fingerprint: 'htc/htc_asia_tw/htc_mecdug:6.0.1/MMB29M/720067.3:user/release-keys'
03-18 16:09:23.898 30551 30551 F DEBUG   : Revision: '0'
03-18 16:09:23.898 30551 30551 F DEBUG   : ABI: 'arm'
03-18 16:09:23.899 30551 30551 F DEBUG   : pid: 26502, tid: 26736, name: Thread-60661  >>> eu.faircode.netguard <<<
03-18 16:09:23.899 30551 30551 F DEBUG   : signal 11 (SIGSEGV), code 1 (SEGV_MAPERR), fault addr 0x1bb
03-18 16:09:23.983 30551 30551 F DEBUG   :     r0 000001bb  r1 000001bb  r2 00000000  r3 00000005
03-18 16:09:23.983 30551 30551 F DEBUG   :     r4 00000002  r5 87237a98  r6 0ccccccc  r7 ffffffff
03-18 16:09:23.983 30551 30551 F DEBUG   :     r8 872383e8  r9 00000000  sl 000001bb  fp 872383ec
03-18 16:09:23.995 30551 30551 F DEBUG   :     ip 80000000  sp 87237990  lr b6d5a2e5  pc b6d34dfa  cpsr 800f0030
03-18 16:09:24.021 30551 30551 F DEBUG   : 
03-18 16:09:24.021 30551 30551 F DEBUG   : backtrace:
03-18 16:09:24.021 30551 30551 F DEBUG   :     #00 pc 00017dfa  /system/lib/libc.so (strlen+21)
03-18 16:09:24.022 30551 30551 F DEBUG   :     #01 pc 0003d2e1  /system/lib/libc.so (__vfprintf+2948)
03-18 16:09:24.022 30551 30551 F DEBUG   :     #02 pc 0004072f  /system/lib/libc.so (vsprintf+106)
03-18 16:09:24.024 30551 30551 F DEBUG   :     #03 pc 0000b688  /data/app/eu.faircode.netguard-1/lib/arm/libnetguard.so (log_android+120)
03-18 16:09:24.024 30551 30551 F DEBUG   :     #04 pc 000047dc  /data/app/eu.faircode.netguard-1/lib/arm/libnetguard.so (handle_ip+2192)
03-18 16:09:24.025 30551 30551 F DEBUG   :     #05 pc 00003eb4  /data/app/eu.faircode.netguard-1/lib/arm/libnetguard.so (check_tun+848)
03-18 16:09:24.026 30551 30551 F DEBUG   :     #06 pc 00005eb4  /data/app/eu.faircode.netguard-1/lib/arm/libnetguard.so (handle_events+1972)
03-18 16:09:24.026 30551 30551 F DEBUG   :     #07 pc 00041fcf  /system/lib/libc.so (__pthread_start(void*)+30)
03-18 16:09:24.027 30551 30551 F DEBUG   :     #08 pc 000190c3  /system/lib/libc.so (__start_thread+6)
03-18 16:09:25.016 30551 30551 F DEBUG   : 
03-18 16:09:25.016 30551 30551 F DEBUG   : Tombstone written to: /data/tombstones/tombstone_03
03-18 16:10:06.960 27183 27564 F libc    : Fatal signal 11 (SIGSEGV), code 1, fault addr 0x1bb in tid 27564 (Thread-60689)
03-18 16:10:06.964 30551 30551 F DEBUG   : *** *** *** *** *** *** *** *** *** *** *** *** *** *** *** ***
03-18 16:10:06.965 30551 30551 F DEBUG   : Build fingerprint: 'htc/htc_asia_tw/htc_mecdug:6.0.1/MMB29M/720067.3:user/release-keys'
03-18 16:10:06.965 30551 30551 F DEBUG   : Revision: '0'
03-18 16:10:06.965 30551 30551 F DEBUG   : ABI: 'arm'
03-18 16:10:06.965 30551 30551 F DEBUG   : pid: 27183, tid: 27564, name: Thread-60689  >>> eu.faircode.netguard <<<
03-18 16:10:06.965 30551 30551 F DEBUG   : signal 11 (SIGSEGV), code 1 (SEGV_MAPERR), fault addr 0x1bb
03-18 16:10:07.004 30551 30551 F DEBUG   :     r0 000001bb  r1 000001bb  r2 00000000  r3 00000005
03-18 16:10:07.004 30551 30551 F DEBUG   :     r4 00000002  r5 9e0d7a98  r6 0ccccccc  r7 ffffffff
03-18 16:10:07.004 30551 30551 F DEBUG   :     r8 9e0d83e8  r9 00000000  sl 000001bb  fp 9e0d83ec
03-18 16:10:07.004 30551 30551 F DEBUG   :     ip 80000000  sp 9e0d7990  lr b6d5a2e5  pc b6d34dfa  cpsr 800f0030
03-18 16:10:07.020 30551 30551 F DEBUG   : 
03-18 16:10:07.020 30551 30551 F DEBUG   : backtrace:
03-18 16:10:07.021 30551 30551 F DEBUG   :     #00 pc 00017dfa  /system/lib/libc.so (strlen+21)
03-18 16:10:07.021 30551 30551 F DEBUG   :     #01 pc 0003d2e1  /system/lib/libc.so (__vfprintf+2948)
03-18 16:10:07.022 30551 30551 F DEBUG   :     #02 pc 0004072f  /system/lib/libc.so (vsprintf+106)
03-18 16:10:07.022 30551 30551 F DEBUG   :     #03 pc 0000b688  /data/app/eu.faircode.netguard-1/lib/arm/libnetguard.so (log_android+120)
03-18 16:10:07.022 30551 30551 F DEBUG   :     #04 pc 000047dc  /data/app/eu.faircode.netguard-1/lib/arm/libnetguard.so (handle_ip+2192)
03-18 16:10:07.023 30551 30551 F DEBUG   :     #05 pc 00003eb4  /data/app/eu.faircode.netguard-1/lib/arm/libnetguard.so (check_tun+848)
03-18 16:10:07.024 30551 30551 F DEBUG   :     #06 pc 00005eb4  /data/app/eu.faircode.netguard-1/lib/arm/libnetguard.so (handle_events+1972)
03-18 16:10:07.025 30551 30551 F DEBUG   :     #07 pc 00041fcf  /system/lib/libc.so (__pthread_start(void*)+30)
03-18 16:10:07.025 30551 30551 F DEBUG   :     #08 pc 000190c3  /system/lib/libc.so (__start_thread+6)
03-18 16:10:07.981 30551 30551 F DEBUG   : 
03-18 16:10:07.981 30551 30551 F DEBUG   : Tombstone written to: /data/tombstones/tombstone_04
03-18 16:12:44.379 28985 32338 F libc    : Fatal signal 11 (SIGSEGV), code 1, fault addr 0x1bb in tid 32338 (Thread-60814)
03-18 16:12:44.382 30551 30551 F DEBUG   : *** *** *** *** *** *** *** *** *** *** *** *** *** *** *** ***
03-18 16:12:44.382 30551 30551 F DEBUG   : Build fingerprint: 'htc/htc_asia_tw/htc_mecdug:6.0.1/MMB29M/720067.3:user/release-keys'
03-18 16:12:44.382 30551 30551 F DEBUG   : Revision: '0'
03-18 16:12:44.382 30551 30551 F DEBUG   : ABI: 'arm'
03-18 16:12:44.382 30551 30551 F DEBUG   : pid: 28985, tid: 32338, name: Thread-60814  >>> eu.faircode.netguard <<<
03-18 16:12:44.383 30551 30551 F DEBUG   : signal 11 (SIGSEGV), code 1 (SEGV_MAPERR), fault addr 0x1bb
03-18 16:12:44.408 30551 30551 F DEBUG   :     r0 000001bb  r1 000001bb  r2 00000000  r3 00000005
03-18 16:12:44.408 30551 30551 F DEBUG   :     r4 00000002  r5 993e3a98  r6 0ccccccc  r7 ffffffff
03-18 16:12:44.409 30551 30551 F DEBUG   :     r8 993e43e8  r9 00000000  sl 000001bb  fp 993e43ec
03-18 16:12:44.409 30551 30551 F DEBUG   :     ip 80000000  sp 993e3990  lr b6d5a2e5  pc b6d34dfa  cpsr 800f0030
03-18 16:12:44.422 30551 30551 F DEBUG   : 
03-18 16:12:44.422 30551 30551 F DEBUG   : backtrace:
03-18 16:12:44.423 30551 30551 F DEBUG   :     #00 pc 00017dfa  /system/lib/libc.so (strlen+21)
03-18 16:12:44.423 30551 30551 F DEBUG   :     #01 pc 0003d2e1  /system/lib/libc.so (__vfprintf+2948)
03-18 16:12:44.423 30551 30551 F DEBUG   :     #02 pc 0004072f  /system/lib/libc.so (vsprintf+106)
03-18 16:12:44.423 30551 30551 F DEBUG   :     #03 pc 0000b688  /data/app/eu.faircode.netguard-1/lib/arm/libnetguard.so (log_android+120)
03-18 16:12:44.423 30551 30551 F DEBUG   :     #04 pc 000047dc  /data/app/eu.faircode.netguard-1/lib/arm/libnetguard.so (handle_ip+2192)
03-18 16:12:44.423 30551 30551 F DEBUG   :     #05 pc 00003eb4  /data/app/eu.faircode.netguard-1/lib/arm/libnetguard.so (check_tun+848)
03-18 16:12:44.423 30551 30551 F DEBUG   :     #06 pc 00005eb4  /data/app/eu.faircode.netguard-1/lib/arm/libnetguard.so (handle_events+1972)
03-18 16:12:44.424 30551 30551 F DEBUG   :     #07 pc 00041fcf  /system/lib/libc.so (__pthread_start(void*)+30)
03-18 16:12:44.424 30551 30551 F DEBUG   :     #08 pc 000190c3  /system/lib/libc.so (__start_thread+6)
03-18 16:12:45.523 30551 30551 F DEBUG   : 
03-18 16:12:45.523 30551 30551 F DEBUG   : Tombstone written to: /data/tombstones/tombstone_05
03-18 16:22:04.147 32726 12169 F libc    : Fatal signal 11 (SIGSEGV), code 1, fault addr 0x1bb in tid 12169 (Thread-60957)
03-18 16:22:04.155 30551 30551 F DEBUG   : *** *** *** *** *** *** *** *** *** *** *** *** *** *** *** ***
03-18 16:22:04.155 30551 30551 F DEBUG   : Build fingerprint: 'htc/htc_asia_tw/htc_mecdug:6.0.1/MMB29M/720067.3:user/release-keys'
03-18 16:22:04.155 30551 30551 F DEBUG   : Revision: '0'
03-18 16:22:04.155 30551 30551 F DEBUG   : ABI: 'arm'
03-18 16:22:04.156 30551 30551 F DEBUG   : pid: 32726, tid: 12169, name: Thread-60957  >>> eu.faircode.netguard <<<
03-18 16:22:04.156 30551 30551 F DEBUG   : signal 11 (SIGSEGV), code 1 (SEGV_MAPERR), fault addr 0x1bb
03-18 16:22:04.193 30551 30551 F DEBUG   :     r0 000001bb  r1 000001bb  r2 00000000  r3 00000005
03-18 16:22:04.193 30551 30551 F DEBUG   :     r4 00000002  r5 9e03fa98  r6 0ccccccc  r7 ffffffff
03-18 16:22:04.193 30551 30551 F DEBUG   :     r8 9e0403e8  r9 00000000  sl 000001bb  fp 9e0403ec
