03-17 21:15:02.403 30551 30551 F DEBUG   : ABI: 'arm'
03-17 21:15:02.403 30551 30551 F DEBUG   : pid: 21628, tid: 21868, name: PacketCapture h  >>> eu.faircode.netguard <<<
03-17 21:15:02.403 30551 30551 F DEBUG   : signal 6 (SIGABRT), code -6 (SI_TKILL), fault addr --------
03-17 21:15:02.453 30551 30551 F DEBUG   : Abort message: 'art/runtime/java_vm_ext.cc:448] JNI DETECTED ERROR IN APPLICATION: GetStringUTFChars received NULL jstring'
03-17 21:15:02.454 30551 30551 F DEBUG   :     r0 00000000  r1 0000556c  r2 00000006  r3 b39e5978
03-17 21:15:02.454 30551 30551 F DEBUG   :     r4 b39e5980  r5 b39e5930  r6 00000002  r7 0000010c
03-17 21:15:02.454 30551 30551 F DEBUG   :     r8 b4d6537c  r9 b8f1f6d8  sl 00000001  fp 00000001
03-17 21:15:02.454 30551 30551 F DEBUG   :     ip 00000006  sp b39e4ee8  lr b6d5f6d1  pc b6d61ac0  cpsr 40070010
03-17 21:15:02.595 30551 30551 F DEBUG   : 
03-17 21:15:02.595 30551 30551 F DEBUG   : backtrace:
03-17 21:15:02.595 30551 30551 F DEBUG   :     #00 pc 00044ac0  /system/lib/libc.so (tgkill+12)
03-17 21:15:02.595 30551 30551 F DEBUG   :     #01 pc 000426cd  /system/lib/libc.so (pthread_kill+32)
03-17 21:15:02.595 30551 30551 F DEBUG   :     #02 pc 0001b88f  /system/lib/libc.so (raise+10)
03-17 21:15:02.595 30551 30551 F DEBUG   :     #03 pc 00018a41  /system/lib/libc.so (__libc_android_abort+34)
03-17 21:15:02.595 30551 30551 F DEBUG   :     #04 pc 00016840  /system/lib/libc.so (abort+4)
03-17 21:15:02.595 30551 30551 F DEBUG   :     #05 pc 00336521  /system/lib/libart.so (art::Runtime::Abort()+228)
03-17 21:15:02.596 30551 30551 F DEBUG   :     #06 pc 000f4a9b  /system/lib/libart.so (art::LogMessage::~LogMessage()+2226)
03-17 21:15:02.596 30551 30551 F DEBUG   :     #07 pc 0025da9f  /system/lib/libart.so (art::JavaVMExt::JniAbort(char const*, char const*)+1542)
03-17 21:15:02.596 30551 30551 F DEBUG   :     #08 pc 0025de4d  /system/lib/libart.so (art::JavaVMExt::JniAbortV(char const*, char const*, std::__va_list)+64)
03-17 21:15:02.596 30551 30551 F DEBUG   :     #09 pc 000fd6b1  /system/lib/libart.so (art::ScopedCheck::AbortF(char const*, ...)+32)
03-17 21:15:02.596 30551 30551 F DEBUG   :     #10 pc 00102fa9  /system/lib/libart.so (art::ScopedCheck::Check(art::ScopedObjectAccess&, bool, char const*, art::JniValueType*) (.constprop.96)+2708)
03-17 21:15:02.596 30551 30551 F DEBUG   :     #11 pc 0010bda9  /system/lib/libart.so (art::CheckJNI::GetStringUTFChars(_JNIEnv*, _jstring*, unsigned char*)+412)
03-17 21:15:02.596 30551 30551 F DEBUG   :     #12 pc 00012334  /data/app/eu.faircode.netguard-2/lib/arm/libnetguard.so (Java_eu_faircode_netguard_SinkholeService_jni_1start+476)
03-17 21:15:02.597 30551 30551 F DEBUG   :     #13 pc 00600ead  /data/app/eu.faircode.netguard-2/oat/arm/base.odex (offset 0x3de000) (void eu.faircode.netguard.SinkholeService.jni_start(int, boolean, int, java.lang.String)+128)
03-17 21:15:02.597 30551 30551 F DEBUG   :     #14 pc 00606a01  /data/app/eu.faircode.netguard-2/oat/arm/base.odex (offset 0x3de000) (void eu.faircode.netguard.SinkholeService.startNative(android.os.ParcelFileDescriptor, java.util.List)+1292)
03-17 21:15:02.597 30551 30551 F DEBUG   :     #15 pc 005fc1e1  /data/app/eu.faircode.netguard-2/oat/arm/base.odex (offset 0x3de000) (void eu.faircode.netguard.SinkholeService.access$1600(eu.faircode.netguard.SinkholeService, android.os.ParcelFileDescriptor, java.util.List)+68)
03-17 21:15:02.597 30551 30551 F DEBUG   :     #16 pc 005f43f3  /data/app/eu.faircode.netguard-2/oat/arm/base.odex (offset 0x3de000) (void eu.faircode.netguard.SinkholeService$ServiceHandler.start()+1950)
03-17 21:15:02.597 30551 30551 F DEBUG   :     #17 pc 005f0639  /data/app/eu.faircode.netguard-2/oat/arm/base.odex (offset 0x3de000) (void eu.faircode.netguard.SinkholeService$ServiceHandler.handleIntent(android.content.Intent)+4884)
03-17 21:15:02.597 30551 30551 F DEBUG   :     #18 pc 005fa2cf  /data/app/eu.faircode.netguard-2/oat/arm/base.odex (offset 0x3de000) (void eu.faircode.netguard.SinkholeService$ServiceHandler.handleMessage(android.os.Message)+914)
03-17 21:15:02.598 30551 30551 F DEBUG   :     #19 pc 02a3cb9d  /system/framework/arm/boot.oat (offset 0x2286000)
03-17 21:15:03.960 30551 30551 F DEBUG   : 
03-17 21:15:03.960 30551 30551 F DEBUG   : Tombstone written to: /data/tombstones/tombstone_04
03-17 21:15:14.479 22534 22559 F libc    : Fatal signal 6 (SIGABRT), code -6 in tid 22559 (PacketCapture h)
03-17 21:15:14.481 30551 30551 F DEBUG   : *** *** *** *** *** *** *** *** *** *** *** *** *** *** *** ***
03-17 21:15:14.481 30551 30551 F DEBUG   : Build fingerprint: 'htc/htc_asia_tw/htc_mecdug:6.0.1/MMB29M/720067.3:user/release-keys'
03-17 21:15:14.481 30551 30551 F DEBUG   : Revision: '0'
03-17 21:15:14.482 30551 30551 F DEBUG   : ABI: 'arm'
03-17 21:15:14.482 30551 30551 F DEBUG   : pid: 22534, tid: 22559, name: PacketCapture h  >>> eu.faircode.netguard <<<
03-17 21:15:14.482 30551 30551 F DEBUG   : signal 6 (SIGABRT), code -6 (SI_TKILL), fault addr --------
03-17 21:15:14.527 30551 30551 F DEBUG   : Abort message: 'art/runtime/java_vm_ext.cc:448] JNI DETECTED ERROR IN APPLICATION: GetStringUTFChars received NULL jstring'
03-17 21:15:14.527 30551 30551 F DEBUG   :     r0 00000000  r1 0000581f  r2 00000006  r3 b39e5978
03-17 21:15:14.527 30551 30551 F DEBUG   :     r4 b39e5980  r5 b39e5930  r6 00000002  r7 0000010c
03-17 21:15:14.527 30551 30551 F DEBUG   :     r8 b4d6537c  r9 b8f1f6d8  sl 00000001  fp 00000001
03-17 21:15:14.528 30551 30551 F DEBUG   :     ip 00000006  sp b39e4ee8  lr b6d5f6d1  pc b6d61ac0  cpsr 40070010
03-17 21:15:14.614 30551 30551 F DEBUG   : 
03-17 21:15:14.614 30551 30551 F DEBUG   : backtrace:
03-17 21:15:14.614 30551 30551 F DEBUG   :     #00 pc 00044ac0  /system/lib/libc.so (tgkill+12)
03-17 21:15:14.614 30551 30551 F DEBUG   :     #01 pc 000426cd  /system/lib/libc.so (pthread_kill+32)
03-17 21:15:14.614 30551 30551 F DEBUG   :     #02 pc 0001b88f  /system/lib/libc.so (raise+10)
03-17 21:15:14.614 30551 30551 F DEBUG   :     #03 pc 00018a41  /system/lib/libc.so (__libc_android_abort+34)
03-17 21:15:14.615 30551 30551 F DEBUG   :     #04 pc 00016840  /system/lib/libc.so (abort+4)
03-17 21:15:14.615 30551 30551 F DEBUG   :     #05 pc 00336521  /system/lib/libart.so (art::Runtime::Abort()+228)
03-17 21:15:14.615 30551 30551 F DEBUG   :     #06 pc 000f4a9b  /system/lib/libart.so (art::LogMessage::~LogMessage()+2226)
03-17 21:15:14.615 30551 30551 F DEBUG   :     #07 pc 0025da9f  /system/lib/libart.so (art::JavaVMExt::JniAbort(char const*, char const*)+1542)
03-17 21:15:14.615 30551 30551 F DEBUG   :     #08 pc 0025de4d  /system/lib/libart.so (art::JavaVMExt::JniAbortV(char const*, char const*, std::__va_list)+64)
03-17 21:15:14.615 30551 30551 F DEBUG   :     #09 pc 000fd6b1  /system/lib/libart.so (art::ScopedCheck::AbortF(char const*, ...)+32)
03-17 21:15:14.615 30551 30551 F DEBUG   :     #10 pc 00102fa9  /system/lib/libart.so (art::ScopedCheck::Check(art::ScopedObjectAccess&, bool, char const*, art::JniValueType*) (.constprop.96)+2708)
03-17 21:15:14.616 30551 30551 F DEBUG   :     #11 pc 0010bda9  /system/lib/libart.so (art::CheckJNI::GetStringUTFChars(_JNIEnv*, _jstring*, unsigned char*)+412)
03-17 21:15:14.616 30551 30551 F DEBUG   :     #12 pc 00012334  /data/app/eu.faircode.netguard-2/lib/arm/libnetguard.so (Java_eu_faircode_netguard_SinkholeService_jni_1start+476)
03-17 21:15:14.616 30551 30551 F DEBUG   :     #13 pc 00600ead  /data/app/eu.faircode.netguard-2/oat/arm/base.odex (offset 0x3de000) (void eu.faircode.netguard.SinkholeService.jni_start(int, boolean, int, java.lang.String)+128)
03-17 21:15:14.616 30551 30551 F DEBUG   :     #14 pc 00606a01  /data/app/eu.faircode.netguard-2/oat/arm/base.odex (offset 0x3de000) (void eu.faircode.netguard.SinkholeService.startNative(android.os.ParcelFileDescriptor, java.util.List)+1292)
03-17 21:15:14.616 30551 30551 F DEBUG   :     #15 pc 005fc1e1  /data/app/eu.faircode.netguard-2/oat/arm/base.odex (offset 0x3de000) (void eu.faircode.netguard.SinkholeService.access$1600(eu.faircode.netguard.SinkholeService, android.os.ParcelFileDescriptor, java.util.List)+68)
03-17 21:15:14.616 30551 30551 F DEBUG   :     #16 pc 005f43f3  /data/app/eu.faircode.netguard-2/oat/arm/base.odex (offset 0x3de000) (void eu.faircode.netguard.SinkholeService$ServiceHandler.start()+1950)
03-17 21:15:14.616 30551 30551 F DEBUG   :     #17 pc 005f0639  /data/app/eu.faircode.netguard-2/oat/arm/base.odex (offset 0x3de000) (void eu.faircode.netguard.SinkholeService$ServiceHandler.handleIntent(android.content.Intent)+4884)
03-17 21:15:14.617 30551 30551 F DEBUG   :     #18 pc 005fa2cf  /data/app/eu.faircode.netguard-2/oat/arm/base.odex (offset 0x3de000) (void eu.faircode.netguard.SinkholeService$ServiceHandler.handleMessage(android.os.Message)+914)
03-17 21:15:14.617 30551 30551 F DEBUG   :     #19 pc 02a3cb9d  /system/framework/arm/boot.oat (offset 0x2286000)
03-17 21:15:15.343 30551 30551 F DEBUG   : 
03-17 21:15:15.343 30551 30551 F DEBUG   : Tombstone written to: /data/tombstones/tombstone_05
03-17 21:17:55.573 24256 24293 F libc    : Fatal signal 6 (SIGABRT), code -6 in tid 24293 (PacketCapture h)
03-17 21:17:55.575 30551 30551 F DEBUG   : *** *** *** *** *** *** *** *** *** *** *** *** *** *** *** ***
03-17 21:17:55.575 30551 30551 F DEBUG   : Build fingerprint: 'htc/htc_asia_tw/htc_mecdug:6.0.1/MMB29M/720067.3:user/release-keys'
03-17 21:17:55.575 30551 30551 F DEBUG   : Revision: '0'
03-17 21:17:55.575 30551 30551 F DEBUG   : ABI: 'arm'
03-17 21:17:55.575 30551 30551 F DEBUG   : pid: 24256, tid: 24293, name: PacketCapture h  >>> eu.faircode.netguard <<<
03-17 21:17:55.576 30551 30551 F DEBUG   : signal 6 (SIGABRT), code -6 (SI_TKILL), fault addr --------
03-17 21:17:55.640 30551 30551 F DEBUG   : Abort message: 'art/runtime/java_vm_ext.cc:448] JNI DETECTED ERROR IN APPLICATION: GetStringUTFChars received NULL jstring'
03-17 21:17:55.641 30551 30551 F DEBUG   :     r0 00000000  r1 00005ee5  r2 00000006  r3 af032978
03-17 21:17:55.641 30551 30551 F DEBUG   :     r4 af032980  r5 af032930  r6 00000002  r7 0000010c
03-17 21:17:55.641 30551 30551 F DEBUG   :     r8 b4d6537c  r9 b8f1f6d8  sl 00000001  fp 00000001
03-17 21:17:55.642 30551 30551 F DEBUG   :     ip 00000006  sp af031ee8  lr b6d5f6d1  pc b6d61ac0  cpsr 40070010
03-17 21:17:55.750 30551 30551 F DEBUG   : 
03-17 21:17:55.750 30551 30551 F DEBUG   : backtrace:
03-17 21:17:55.750 30551 30551 F DEBUG   :     #00 pc 00044ac0  /system/lib/libc.so (tgkill+12)
03-17 21:17:55.750 30551 30551 F DEBUG   :     #01 pc 000426cd  /system/lib/libc.so (pthread_kill+32)
03-17 21:17:55.750 30551 30551 F DEBUG   :     #02 pc 0001b88f  /system/lib/libc.so (raise+10)
03-17 21:17:55.751 30551 30551 F DEBUG   :     #03 pc 00018a41  /system/lib/libc.so (__libc_android_abort+34)
03-17 21:17:55.751 30551 30551 F DEBUG   :     #04 pc 00016840  /system/lib/libc.so (abort+4)
03-17 21:17:55.751 30551 30551 F DEBUG   :     #05 pc 00336521  /system/lib/libart.so (art::Runtime::Abort()+228)
03-17 21:17:55.751 30551 30551 F DEBUG   :     #06 pc 000f4a9b  /system/lib/libart.so (art::LogMessage::~LogMessage()+2226)
03-17 21:17:55.751 30551 30551 F DEBUG   :     #07 pc 0025da9f  /system/lib/libart.so (art::JavaVMExt::JniAbort(char const*, char const*)+1542)
03-17 21:17:55.751 30551 30551 F DEBUG   :     #08 pc 0025de4d  /system/lib/libart.so (art::JavaVMExt::JniAbortV(char const*, char const*, std::__va_list)+64)
03-17 21:17:55.751 30551 30551 F DEBUG   :     #09 pc 000fd6b1  /system/lib/libart.so (art::ScopedCheck::AbortF(char const*, ...)+32)
03-17 21:17:55.752 30551 30551 F DEBUG   :     #10 pc 00102fa9  /system/lib/libart.so (art::ScopedCheck::Check(art::ScopedObjectAccess&, bool, char const*, art::JniValueType*) (.constprop.96)+2708)
03-17 21:17:55.752 30551 30551 F DEBUG   :     #11 pc 0010bda9  /system/lib/libart.so (art::CheckJNI::GetStringUTFChars(_JNIEnv*, _jstring*, unsigned char*)+412)
03-17 21:17:55.752 30551 30551 F DEBUG   :     #12 pc 00012334  /data/app/eu.faircode.netguard-1/lib/arm/libnetguard.so (Java_eu_faircode_netguard_SinkholeService_jni_1start+476)
03-17 21:17:55.752 30551 30551 F DEBUG   :     #13 pc 00600ead  /data/app/eu.faircode.netguard-1/oat/arm/base.odex (offset 0x3de000) (void eu.faircode.netguard.SinkholeService.jni_start(int, boolean, int, java.lang.String)+128)
03-17 21:17:55.752 30551 30551 F DEBUG   :     #14 pc 00606a03  /data/app/eu.faircode.netguard-1/oat/arm/base.odex (offset 0x3de000) (void eu.faircode.netguard.SinkholeService.startNative(android.os.ParcelFileDescriptor, java.util.List)+1294)
03-17 21:17:55.752 30551 30551 F DEBUG   :     #15 pc 005fc1e1  /data/app/eu.faircode.netguard-1/oat/arm/base.odex (offset 0x3de000) (void eu.faircode.netguard.SinkholeService.access$1600(eu.faircode.netguard.SinkholeService, android.os.ParcelFileDescriptor, java.util.List)+68)
03-17 21:17:55.752 30551 30551 F DEBUG   :     #16 pc 005f43f3  /data/app/eu.faircode.netguard-1/oat/arm/base.odex (offset 0x3de000) (void eu.faircode.netguard.SinkholeService$ServiceHandler.start()+1950)
03-17 21:17:55.753 30551 30551 F DEBUG   :     #17 pc 005f0639  /data/app/eu.faircode.netguard-1/oat/arm/base.odex (offset 0x3de000) (void eu.faircode.netguard.SinkholeService$ServiceHandler.handleIntent(android.content.Intent)+4884)
03-17 21:17:55.753 30551 30551 F DEBUG   :     #18 pc 005fa2cf  /data/app/eu.faircode.netguard-1/oat/arm/base.odex (offset 0x3de000) (void eu.faircode.netguard.SinkholeService$ServiceHandler.handleMessage(android.os.Message)+914)
03-17 21:17:55.753 30551 30551 F DEBUG   :     #19 pc 02a3cb9d  /system/framework/arm/boot.oat (offset 0x2286000)
03-17 21:17:56.923 30551 30551 F DEBUG   : 
03-17 21:17:56.923 30551 30551 F DEBUG   : Tombstone written to: /data/tombstones/tombstone_06
03-17 21:18:06.371 24770 24787 F libc    : Fatal signal 6 (SIGABRT), code -6 in tid 24787 (PacketCapture h)
03-17 21:18:06.373 30551 30551 F DEBUG   : *** *** *** *** *** *** *** *** *** *** *** *** *** *** *** ***
03-17 21:18:06.373 30551 30551 F DEBUG   : Build fingerprint: 'htc/htc_asia_tw/htc_mecdug:6.0.1/MMB29M/720067.3:user/release-keys'
03-17 21:18:06.373 30551 30551 F DEBUG   : Revision: '0'
03-17 21:18:06.374 30551 30551 F DEBUG   : ABI: 'arm'
03-17 21:18:06.374 30551 30551 F DEBUG   : pid: 24770, tid: 24787, name: PacketCapture h  >>> eu.faircode.netguard <<<
03-17 21:18:06.374 30551 30551 F DEBUG   : signal 6 (SIGABRT), code -6 (SI_TKILL), fault addr --------
03-17 21:18:06.439 30551 30551 F DEBUG   : Abort message: 'art/runtime/java_vm_ext.cc:448] JNI DETECTED ERROR IN APPLICATION: GetStringUTFChars received NULL jstring'
03-17 21:18:06.439 30551 30551 F DEBUG   :     r0 00000000  r1 000060d3  r2 00000006  r3 b39e5978
03-17 21:18:06.439 30551 30551 F DEBUG   :     r4 b39e5980  r5 b39e5930  r6 00000002  r7 0000010c
03-17 21:18:06.440 30551 30551 F DEBUG   :     r8 b4d6537c  r9 b8f1f6d8  sl 00000001  fp 00000001
03-17 21:18:06.440 30551 30551 F DEBUG   :     ip 00000006  sp b39e4ee8  lr b6d5f6d1  pc b6d61ac0  cpsr 40070010
03-17 21:18:06.580 30551 30551 F DEBUG   : 
03-17 21:18:06.580 30551 30551 F DEBUG   : backtrace:
03-17 21:18:06.581 30551 30551 F DEBUG   :     #00 pc 00044ac0  /system/lib/libc.so (tgkill+12)
03-17 21:18:06.582 30551 30551 F DEBUG   :     #01 pc 000426cd  /system/lib/libc.so (pthread_kill+32)
03-17 21:18:06.582 30551 30551 F DEBUG   :     #02 pc 0001b88f  /system/lib/libc.so (raise+10)
03-17 21:18:06.582 30551 30551 F DEBUG   :     #03 pc 00018a41  /system/lib/libc.so (__libc_android_abort+34)
03-17 21:18:06.583 30551 30551 F DEBUG   :     #04 pc 00016840  /system/lib/libc.so (abort+4)
03-17 21:18:06.583 30551 30551 F DEBUG   :     #05 pc 00336521  /system/lib/libart.so (art::Runtime::Abort()+228)
03-17 21:18:06.583 30551 30551 F DEBUG   :     #06 pc 000f4a9b  /system/lib/libart.so (art::LogMessage::~LogMessage()+2226)
03-17 21:18:06.584 30551 30551 F DEBUG   :     #07 pc 0025da9f  /system/lib/libart.so (art::JavaVMExt::JniAbort(char const*, char const*)+1542)
03-17 21:18:06.584 30551 30551 F DEBUG   :     #08 pc 0025de4d  /system/lib/libart.so (art::JavaVMExt::JniAbortV(char const*, char const*, std::__va_list)+64)
03-17 21:18:06.584 30551 30551 F DEBUG   :     #09 pc 000fd6b1  /system/lib/libart.so (art::ScopedCheck::AbortF(char const*, ...)+32)
03-17 21:18:06.584 30551 30551 F DEBUG   :     #10 pc 00102fa9  /system/lib/libart.so (art::ScopedCheck::Check(art::ScopedObjectAccess&, bool, char const*, art::JniValueType*) (.constprop.96)+2708)
03-17 21:18:06.584 30551 30551 F DEBUG   :     #11 pc 0010bda9  /system/lib/libart.so (art::CheckJNI::GetStringUTFChars(_JNIEnv*, _jstring*, unsigned char*)+412)
03-17 21:18:06.585 30551 30551 F DEBUG   :     #12 pc 00012334  /data/app/eu.faircode.netguard-1/lib/arm/libnetguard.so (Java_eu_faircode_netguard_SinkholeService_jni_1start+476)
03-17 21:18:06.585 30551 30551 F DEBUG   :     #13 pc 00600ead  /data/app/eu.faircode.netguard-1/oat/arm/base.odex (offset 0x3de000) (void eu.faircode.netguard.SinkholeService.jni_start(int, boolean, int, java.lang.String)+128)
03-17 21:18:06.585 30551 30551 F DEBUG   :     #14 pc 00606a03  /data/app/eu.faircode.netguard-1/oat/arm/base.odex (offset 0x3de000) (void eu.faircode.netguard.SinkholeService.startNative(android.os.ParcelFileDescriptor, java.util.List)+1294)
03-17 21:18:06.585 30551 30551 F DEBUG   :     #15 pc 005fc1e1  /data/app/eu.faircode.netguard-1/oat/arm/base.odex (offset 0x3de000) (void eu.faircode.netguard.SinkholeService.access$1600(eu.faircode.netguard.SinkholeService, android.os.ParcelFileDescriptor, java.util.List)+68)
03-17 21:18:06.586 30551 30551 F DEBUG   :     #16 pc 005f43f3  /data/app/eu.faircode.netguard-1/oat/arm/base.odex (offset 0x3de000) (void eu.faircode.netguard.SinkholeService$ServiceHandler.start()+1950)
03-17 21:18:06.586 30551 30551 F DEBUG   :     #17 pc 005f0639  /data/app/eu.faircode.netguard-1/oat/arm/base.odex (offset 0x3de000) (void eu.faircode.netguard.SinkholeService$ServiceHandler.handleIntent(android.content.Intent)+4884)
03-17 21:18:06.586 30551 30551 F DEBUG   :     #18 pc 005fa2cf  /data/app/eu.faircode.netguard-1/oat/arm/base.odex (offset 0x3de000) (void eu.faircode.netguard.SinkholeService$ServiceHandler.handleMessage(android.os.Message)+914)
03-17 21:18:06.586 30551 30551 F DEBUG   :     #19 pc 02a3cb9d  /system/framework/arm/boot.oat (offset 0x2286000)
03-17 21:18:07.309 30551 30551 F DEBUG   : 
03-17 21:18:07.309 30551 30551 F DEBUG   : Tombstone written to: /data/tombstones/tombstone_07
03-17 21:18:56.090 25464 25500 F libc    : Fatal signal 6 (SIGABRT), code -6 in tid 25500 (PacketCapture h)
03-17 21:18:56.145 30551 30551 F DEBUG   : *** *** *** *** *** *** *** *** *** *** *** *** *** *** *** ***
03-17 21:18:56.145 30551 30551 F DEBUG   : Build fingerprint: 'htc/htc_asia_tw/htc_mecdug:6.0.1/MMB29M/720067.3:user/release-keys'
03-17 21:18:56.145 30551 30551 F DEBUG   : Revision: '0'
03-17 21:18:56.145 30551 30551 F DEBUG   : ABI: 'arm'
03-17 21:18:56.146 30551 30551 F DEBUG   : pid: 25464, tid: 25500, name: PacketCapture h  >>> eu.faircode.netguard <<<
03-17 21:18:56.146 30551 30551 F DEBUG   : signal 6 (SIGABRT), code -6 (SI_TKILL), fault addr --------
03-17 21:18:56.176 30551 30551 F DEBUG   : Abort message: 'art/runtime/java_vm_ext.cc:448] JNI DETECTED ERROR IN APPLICATION: GetStringUTFChars received NULL jstring'
03-17 21:18:56.177 30551 30551 F DEBUG   :     r0 00000000  r1 0000639c  r2 00000006  r3 af032978
03-17 21:18:56.177 30551 30551 F DEBUG   :     r4 af032980  r5 af032930  r6 00000002  r7 0000010c
03-17 21:18:56.177 30551 30551 F DEBUG   :     r8 b4d6537c  r9 b8f1f6d8  sl 00000001  fp 00000001
03-17 21:18:56.177 30551 30551 F DEBUG   :     ip 00000006  sp af031ee8  lr b6d5f6d1  pc b6d61ac0  cpsr 40070010
03-17 21:18:56.224 30551 30551 F DEBUG   : 
03-17 21:18:56.224 30551 30551 F DEBUG   : backtrace:
03-17 21:18:56.225 30551 30551 F DEBUG   :     #00 pc 00044ac0  /system/lib/libc.so (tgkill+12)
03-17 21:18:56.225 30551 30551 F DEBUG   :     #01 pc 000426cd  /system/lib/libc.so (pthread_kill+32)
03-17 21:18:56.225 30551 30551 F DEBUG   :     #02 pc 0001b88f  /system/lib/libc.so (raise+10)
03-17 21:18:56.225 30551 30551 F DEBUG   :     #03 pc 00018a41  /system/lib/libc.so (__libc_android_abort+34)
03-17 21:18:56.225 30551 30551 F DEBUG   :     #04 pc 00016840  /system/lib/libc.so (abort+4)
03-17 21:18:56.225 30551 30551 F DEBUG   :     #05 pc 00336521  /system/lib/libart.so (art::Runtime::Abort()+228)
03-17 21:18:56.225 30551 30551 F DEBUG   :     #06 pc 000f4a9b  /system/lib/libart.so (art::LogMessage::~LogMessage()+2226)
03-17 21:18:56.226 30551 30551 F DEBUG   :     #07 pc 0025da9f  /system/lib/libart.so (art::JavaVMExt::JniAbort(char const*, char const*)+1542)
03-17 21:18:56.226 30551 30551 F DEBUG   :     #08 pc 0025de4d  /system/lib/libart.so (art::JavaVMExt::JniAbortV(char const*, char const*, std::__va_list)+64)
03-17 21:18:56.226 30551 30551 F DEBUG   :     #09 pc 000fd6b1  /system/lib/libart.so (art::ScopedCheck::AbortF(char const*, ...)+32)
03-17 21:18:56.226 30551 30551 F DEBUG   :     #10 pc 00102fa9  /system/lib/libart.so (art::ScopedCheck::Check(art::ScopedObjectAccess&, bool, char const*, art::JniValueType*) (.constprop.96)+2708)
03-17 21:18:56.226 30551 30551 F DEBUG   :     #11 pc 0010bda9  /system/lib/libart.so (art::CheckJNI::GetStringUTFChars(_JNIEnv*, _jstring*, unsigned char*)+412)
03-17 21:18:56.227 30551 30551 F DEBUG   :     #12 pc 00012334  /data/app/eu.faircode.netguard-1/lib/arm/libnetguard.so (Java_eu_faircode_netguard_SinkholeService_jni_1start+476)
03-17 21:18:56.227 30551 30551 F DEBUG   :     #13 pc 00600ead  /data/app/eu.faircode.netguard-1/oat/arm/base.odex (offset 0x3de000) (void eu.faircode.netguard.SinkholeService.jni_start(int, boolean, int, java.lang.String)+128)
03-17 21:18:56.228 30551 30551 F DEBUG   :     #14 pc 00606a03  /data/app/eu.faircode.netguard-1/oat/arm/base.odex (offset 0x3de000) (void eu.faircode.netguard.SinkholeService.startNative(android.os.ParcelFileDescriptor, java.util.List)+1294)
03-17 21:18:56.228 30551 30551 F DEBUG   :     #15 pc 005fc1e1  /data/app/eu.faircode.netguard-1/oat/arm/base.odex (offset 0x3de000) (void eu.faircode.netguard.SinkholeService.access$1600(eu.faircode.netguard.SinkholeService, android.os.ParcelFileDescriptor, java.util.List)+68)
03-17 21:18:56.228 30551 30551 F DEBUG   :     #16 pc 005f43f3  /data/app/eu.faircode.netguard-1/oat/arm/base.odex (offset 0x3de000) (void eu.faircode.netguard.SinkholeService$ServiceHandler.start()+1950)
03-17 21:18:56.228 30551 30551 F DEBUG   :     #17 pc 005f0639  /data/app/eu.faircode.netguard-1/oat/arm/base.odex (offset 0x3de000) (void eu.faircode.netguard.SinkholeService$ServiceHandler.handleIntent(android.content.Intent)+4884)
03-17 21:18:56.229 30551 30551 F DEBUG   :     #18 pc 005fa2cf  /data/app/eu.faircode.netguard-1/oat/arm/base.odex (offset 0x3de000) (void eu.faircode.netguard.SinkholeService$ServiceHandler.handleMessage(android.os.Message)+914)
03-17 21:18:56.229 30551 30551 F DEBUG   :     #19 pc 02a3cb9d  /system/framework/arm/boot.oat (offset 0x2286000)
03-17 21:18:57.201 30551 30551 F DEBUG   : 
03-17 21:18:57.201 30551 30551 F DEBUG   : Tombstone written to: /data/tombstones/tombstone_08
03-17 21:31:34.716  8005  8005 E AndroidRuntime: FATAL EXCEPTION: main
03-17 21:31:34.716  8005  8005 E AndroidRuntime: Process: eu.faircode.netguard, PID: 8005
03-17 21:31:34.716  8005  8005 E AndroidRuntime: android.content.res.Resources$NotFoundException: String resource ID #0x0
03-17 21:31:34.716  8005  8005 E AndroidRuntime: 	at android.content.res.Resources.getText(Resources.java:320)
03-17 21:31:34.716  8005  8005 E AndroidRuntime: 	at android.widget.Toast.makeText(Toast.java:286)
03-17 21:31:34.716  8005  8005 E AndroidRuntime: 	at eu.faircode.netguard.ActivityPro4$3.onClick(ActivityPro4.java:265)
03-17 21:31:34.716  8005  8005 E AndroidRuntime: 	at android.view.View.performClick(View.java:5232)
03-17 21:31:34.716  8005  8005 E AndroidRuntime: 	at android.view.View$PerformClick.run(View.java:21289)
03-17 21:31:34.716  8005  8005 E AndroidRuntime: 	at android.os.Handler.handleCallback(Handler.java:739)
03-17 21:31:34.716  8005  8005 E AndroidRuntime: 	at android.os.Handler.dispatchMessage(Handler.java:95)
03-17 21:31:34.716  8005  8005 E AndroidRuntime: 	at android.os.Looper.loop(Looper.java:168)
03-17 21:31:34.716  8005  8005 E AndroidRuntime: 	at android.app.ActivityThread.main(ActivityThread.java:5885)
03-17 21:31:34.716  8005  8005 E AndroidRuntime: 	at java.lang.reflect.Method.invoke(Native Method)
03-17 21:31:34.716  8005  8005 E AndroidRuntime: 	at com.android.internal.os.ZygoteInit$MethodAndArgsCaller.run(ZygoteInit.java:797)
03-17 21:31:34.716  8005  8005 E AndroidRuntime: 	at com.android.internal.os.ZygoteInit.main(ZygoteInit.java:687)
03-18 14:51:32.202 23543 23971 F libc    : Fatal signal 6 (SIGABRT), code -6 in tid 23971 (PacketCapture h)
03-18 14:51:32.222 30551 30551 F DEBUG   : *** *** *** *** *** *** *** *** *** *** *** *** *** *** *** ***
03-18 14:51:32.222 30551 30551 F DEBUG   : Build fingerprint: 'htc/htc_asia_tw/htc_mecdug:6.0.1/MMB29M/720067.3:user/release-keys'
03-18 14:51:32.222 30551 30551 F DEBUG   : Revision: '0'
03-18 14:51:32.222 30551 30551 F DEBUG   : ABI: 'arm'
03-18 14:51:32.223 30551 30551 F DEBUG   : pid: 23543, tid: 23971, name: PacketCapture h  >>> eu.faircode.netguard <<<
03-18 14:51:32.223 30551 30551 F DEBUG   : signal 6 (SIGABRT), code -6 (SI_TKILL), fault addr --------
03-18 14:51:32.305 30551 30551 F DEBUG   : Abort message: 'art/runtime/java_vm_ext.cc:448] JNI DETECTED ERROR IN APPLICATION: GetStringUTFChars received NULL jstring'
03-18 14:51:32.305 30551 30551 F DEBUG   :     r0 00000000  r1 00005da3  r2 00000006  r3 9e3e4978
03-18 14:51:32.305 30551 30551 F DEBUG   :     r4 9e3e4980  r5 9e3e4930  r6 00000002  r7 0000010c
03-18 14:51:32.305 30551 30551 F DEBUG   :     r8 b4d6537c  r9 b8f1f6d8  sl 00000001  fp 00000001
03-18 14:51:32.305 30551 30551 F DEBUG   :     ip 00000006  sp 9e3e3ee8  lr b6d5f6d1  pc b6d61ac0  cpsr 40070010
03-18 14:51:32.379 30551 30551 F DEBUG   : 
03-18 14:51:32.379 30551 30551 F DEBUG   : backtrace:
03-18 14:51:32.379 30551 30551 F DEBUG   :     #00 pc 00044ac0  /system/lib/libc.so (tgkill+12)
03-18 14:51:32.379 30551 30551 F DEBUG   :     #01 pc 000426cd  /system/lib/libc.so (pthread_kill+32)
03-18 14:51:32.379 30551 30551 F DEBUG   :     #02 pc 0001b88f  /system/lib/libc.so (raise+10)
03-18 14:51:32.380 30551 30551 F DEBUG   :     #03 pc 00018a41  /system/lib/libc.so (__libc_android_abort+34)
03-18 14:51:32.380 30551 30551 F DEBUG   :     #04 pc 00016840  /system/lib/libc.so (abort+4)
03-18 14:51:32.380 30551 30551 F DEBUG   :     #05 pc 00336521  /system/lib/libart.so (art::Runtime::Abort()+228)
03-18 14:51:32.380 30551 30551 F DEBUG   :     #06 pc 000f4a9b  /system/lib/libart.so (art::LogMessage::~LogMessage()+2226)
03-18 14:51:32.380 30551 30551 F DEBUG   :     #07 pc 0025da9f  /system/lib/libart.so (art::JavaVMExt::JniAbort(char const*, char const*)+1542)
03-18 14:51:32.380 30551 30551 F DEBUG   :     #08 pc 0025de4d  /system/lib/libart.so (art::JavaVMExt::JniAbortV(char const*, char const*, std::__va_list)+64)
03-18 14:51:32.380 30551 30551 F DEBUG   :     #09 pc 000fd6b1  /system/lib/libart.so (art::ScopedCheck::AbortF(char const*, ...)+32)
03-18 14:51:32.380 30551 30551 F DEBUG   :     #10 pc 00102fa9  /system/lib/libart.so (art::ScopedCheck::Check(art::ScopedObjectAccess&, bool, char const*, art::JniValueType*) (.constprop.96)+2708)
03-18 14:51:32.382 30551 30551 F DEBUG   :     #11 pc 0010bda9  /system/lib/libart.so (art::CheckJNI::GetStringUTFChars(_JNIEnv*, _jstring*, unsigned char*)+412)
03-18 14:51:32.382 30551 30551 F DEBUG   :     #12 pc 00012334  /data/app/eu.faircode.netguard-2/lib/arm/libnetguard.so (Java_eu_faircode_netguard_SinkholeService_jni_1start+476)
03-18 14:51:32.383 30551 30551 F DEBUG   :     #13 pc 00600e2d  /data/app/eu.faircode.netguard-2/oat/arm/base.odex (offset 0x3de000) (void eu.faircode.netguard.SinkholeService.jni_start(int, boolean, int, java.lang.String)+128)
03-18 14:51:32.383 30551 30551 F DEBUG   :     #14 pc 00606981  /data/app/eu.faircode.netguard-2/oat/arm/base.odex (offset 0x3de000) (void eu.faircode.netguard.SinkholeService.startNative(android.os.ParcelFileDescriptor, java.util.List)+1292)
03-18 14:51:32.383 30551 30551 F DEBUG   :     #15 pc 005fc161  /data/app/eu.faircode.netguard-2/oat/arm/base.odex (offset 0x3de000) (void eu.faircode.netguard.SinkholeService.access$1600(eu.faircode.netguard.SinkholeService, android.os.ParcelFileDescriptor, java.util.List)+68)
03-18 14:51:32.383 30551 30551 F DEBUG   :     #16 pc 005f4373  /data/app/eu.faircode.netguard-2/oat/arm/base.odex (offset 0x3de000) (void eu.faircode.netguard.SinkholeService$ServiceHandler.start()+1950)
03-18 14:51:32.383 30551 30551 F DEBUG   :     #17 pc 005f05b9  /data/app/eu.faircode.netguard-2/oat/arm/base.odex (offset 0x3de000) (void eu.faircode.netguard.SinkholeService$ServiceHandler.handleIntent(android.content.Intent)+4884)
03-18 14:51:32.383 30551 30551 F DEBUG   :     #18 pc 005fa24f  /data/app/eu.faircode.netguard-2/oat/arm/base.odex (offset 0x3de000) (void eu.faircode.netguard.SinkholeService$ServiceHandler.handleMessage(android.os.Message)+914)
03-18 14:51:32.383 30551 30551 F DEBUG   :     #19 pc 02a3cb9d  /system/framework/arm/boot.oat (offset 0x2286000)
03-18 14:51:34.085 30551 30551 F DEBUG   : 
03-18 14:51:34.085 30551 30551 F DEBUG   : Tombstone written to: /data/tombstones/tombstone_09
03-18 14:52:46.292 25449 25485 F libc    : Fatal signal 6 (SIGABRT), code -6 in tid 25485 (PacketCapture h)
03-18 14:52:46.294 30551 30551 F DEBUG   : *** *** *** *** *** *** *** *** *** *** *** *** *** *** *** ***
03-18 14:52:46.295 30551 30551 F DEBUG   : Build fingerprint: 'htc/htc_asia_tw/htc_mecdug:6.0.1/MMB29M/720067.3:user/release-keys'
03-18 14:52:46.295 30551 30551 F DEBUG   : Revision: '0'
03-18 14:52:46.295 30551 30551 F DEBUG   : ABI: 'arm'
03-18 14:52:46.295 30551 30551 F DEBUG   : pid: 25449, tid: 25485, name: PacketCapture h  >>> eu.faircode.netguard <<<
03-18 14:52:46.295 30551 30551 F DEBUG   : signal 6 (SIGABRT), code -6 (SI_TKILL), fault addr --------
03-18 14:52:46.346 30551 30551 F DEBUG   : Abort message: 'art/runtime/java_vm_ext.cc:448] JNI DETECTED ERROR IN APPLICATION: GetStringUTFChars received NULL jstring'
03-18 14:52:46.346 30551 30551 F DEBUG   :     r0 00000000  r1 0000638d  r2 00000006  r3 af032978
03-18 14:52:46.347 30551 30551 F DEBUG   :     r4 af032980  r5 af032930  r6 00000002  r7 0000010c
03-18 14:52:46.347 30551 30551 F DEBUG   :     r8 b4d6537c  r9 b8f1f6d8  sl 00000001  fp 00000001
03-18 14:52:46.347 30551 30551 F DEBUG   :     ip 00000006  sp af031ee8  lr b6d5f6d1  pc b6d61ac0  cpsr 40070010
03-18 14:52:46.422 30551 30551 F DEBUG   : 
03-18 14:52:46.422 30551 30551 F DEBUG   : backtrace:
03-18 14:52:46.423 30551 30551 F DEBUG   :     #00 pc 00044ac0  /system/lib/libc.so (tgkill+12)
03-18 14:52:46.423 30551 30551 F DEBUG   :     #01 pc 000426cd  /system/lib/libc.so (pthread_kill+32)
03-18 14:52:46.423 30551 30551 F DEBUG   :     #02 pc 0001b88f  /system/lib/libc.so (raise+10)
03-18 14:52:46.423 30551 30551 F DEBUG   :     #03 pc 00018a41  /system/lib/libc.so (__libc_android_abort+34)
03-18 14:52:46.423 30551 30551 F DEBUG   :     #04 pc 00016840  /system/lib/libc.so (abort+4)
03-18 14:52:46.423 30551 30551 F DEBUG   :     #05 pc 00336521  /system/lib/libart.so (art::Runtime::Abort()+228)
03-18 14:52:46.423 30551 30551 F DEBUG   :     #06 pc 000f4a9b  /system/lib/libart.so (art::LogMessage::~LogMessage()+2226)
03-18 14:52:46.424 30551 30551 F DEBUG   :     #07 pc 0025da9f  /system/lib/libart.so (art::JavaVMExt::JniAbort(char const*, char const*)+1542)
03-18 14:52:46.428 30551 30551 F DEBUG   :     #08 pc 0025de4d  /system/lib/libart.so (art::JavaVMExt::JniAbortV(char const*, char const*, std::__va_list)+64)
03-18 14:52:46.428 30551 30551 F DEBUG   :     #09 pc 000fd6b1  /system/lib/libart.so (art::ScopedCheck::AbortF(char const*, ...)+32)
03-18 14:52:46.428 30551 30551 F DEBUG   :     #10 pc 00102fa9  /system/lib/libart.so (art::ScopedCheck::Check(art::ScopedObjectAccess&, bool, char const*, art::JniValueType*) (.constprop.96)+2708)
03-18 14:52:46.428 30551 30551 F DEBUG   :     #11 pc 0010bda9  /system/lib/libart.so (art::CheckJNI::GetStringUTFChars(_JNIEnv*, _jstring*, unsigned char*)+412)
03-18 14:52:46.429 30551 30551 F DEBUG   :     #12 pc 00012334  /data/app/eu.faircode.netguard-2/lib/arm/libnetguard.so (Java_eu_faircode_netguard_SinkholeService_jni_1start+476)
03-18 14:52:46.429 30551 30551 F DEBUG   :     #13 pc 00600e2d  /data/app/eu.faircode.netguard-2/oat/arm/base.odex (offset 0x3de000) (void eu.faircode.netguard.SinkholeService.jni_start(int, boolean, int, java.lang.String)+128)
03-18 14:52:46.429 30551 30551 F DEBUG   :     #14 pc 00606981  /data/app/eu.faircode.netguard-2/oat/arm/base.odex (offset 0x3de000) (void eu.faircode.netguard.SinkholeService.startNative(android.os.ParcelFileDescriptor, java.util.List)+1292)
03-18 14:52:46.429 30551 30551 F DEBUG   :     #15 pc 005fc161  /data/app/eu.faircode.netguard-2/oat/arm/base.odex (offset 0x3de000) (void eu.faircode.netguard.SinkholeService.access$1600(eu.faircode.netguard.SinkholeService, android.os.ParcelFileDescriptor, java.util.List)+68)
03-18 14:52:46.429 30551 30551 F DEBUG   :     #16 pc 005f4373  /data/app/eu.faircode.netguard-2/oat/arm/base.odex (offset 0x3de000) (void eu.faircode.netguard.SinkholeService$ServiceHandler.start()+1950)
03-18 14:52:46.430 30551 30551 F DEBUG   :     #17 pc 005f05b9  /data/app/eu.faircode.netguard-2/oat/arm/base.odex (offset 0x3de000) (void eu.faircode.netguard.SinkholeService$ServiceHandler.handleIntent(android.content.Intent)+4884)
03-18 14:52:46.430 30551 30551 F DEBUG   :     #18 pc 005fa24f  /data/app/eu.faircode.netguard-2/oat/arm/base.odex (offset 0x3de000) (void eu.faircode.netguard.SinkholeService$ServiceHandler.handleMessage(android.os.Message)+914)
03-18 14:52:46.430 30551 30551 F DEBUG   :     #19 pc 02a3cb9d  /system/framework/arm/boot.oat (offset 0x2286000)
03-18 14:52:47.955 30551 30551 F DEBUG   : 
03-18 14:52:47.955 30551 30551 F DEBUG   : Tombstone written to: /data/tombstones/tombstone_00
03-18 14:55:12.330 26401 28035 F libc    : Fatal signal 6 (SIGABRT), code -6 in tid 28035 (PacketCapture h)
03-18 14:55:12.333 30551 30551 F DEBUG   : *** *** *** *** *** *** *** *** *** *** *** *** *** *** *** ***
03-18 14:55:12.333 30551 30551 F DEBUG   : Build fingerprint: 'htc/htc_asia_tw/htc_mecdug:6.0.1/MMB29M/720067.3:user/release-keys'
03-18 14:55:12.333 30551 30551 F DEBUG   : Revision: '0'
03-18 14:55:12.333 30551 30551 F DEBUG   : ABI: 'arm'
03-18 14:55:12.334 30551 30551 F DEBUG   : pid: 26401, tid: 28035, name: PacketCapture h  >>> eu.faircode.netguard <<<
03-18 14:55:12.334 30551 30551 F DEBUG   : signal 6 (SIGABRT), code -6 (SI_TKILL), fault addr --------
03-18 14:55:12.460 30551 30551 F DEBUG   : Abort message: 'art/runtime/java_vm_ext.cc:448] JNI DETECTED ERROR IN APPLICATION: GetStringUTFChars received NULL jstring'
03-18 14:55:12.461 30551 30551 F DEBUG   :     r0 00000000  r1 00006d83  r2 00000006  r3 af049978
03-18 14:55:12.461 30551 30551 F DEBUG   :     r4 af049980  r5 af049930  r6 00000002  r7 0000010c
03-18 14:55:12.461 30551 30551 F DEBUG   :     r8 b4d6537c  r9 b8f1f6d8  sl 00000001  fp 00000001
03-18 14:55:12.461 30551 30551 F DEBUG   :     ip 00000006  sp af048ee8  lr b6d5f6d1  pc b6d61ac0  cpsr 40070010
03-18 14:55:12.570 30551 30551 F DEBUG   : 
03-18 14:55:12.570 30551 30551 F DEBUG   : backtrace:
03-18 14:55:12.571 30551 30551 F DEBUG   :     #00 pc 00044ac0  /system/lib/libc.so (tgkill+12)
03-18 14:55:12.571 30551 30551 F DEBUG   :     #01 pc 000426cd  /system/lib/libc.so (pthread_kill+32)
03-18 14:55:12.571 30551 30551 F DEBUG   :     #02 pc 0001b88f  /system/lib/libc.so (raise+10)
03-18 14:55:12.571 30551 30551 F DEBUG   :     #03 pc 00018a41  /system/lib/libc.so (__libc_android_abort+34)
03-18 14:55:12.571 30551 30551 F DEBUG   :     #04 pc 00016840  /system/lib/libc.so (abort+4)
03-18 14:55:12.571 30551 30551 F DEBUG   :     #05 pc 00336521  /system/lib/libart.so (art::Runtime::Abort()+228)
03-18 14:55:12.571 30551 30551 F DEBUG   :     #06 pc 000f4a9b  /system/lib/libart.so (art::LogMessage::~LogMessage()+2226)
03-18 14:55:12.572 30551 30551 F DEBUG   :     #07 pc 0025da9f  /system/lib/libart.so (art::JavaVMExt::JniAbort(char const*, char const*)+1542)
03-18 14:55:12.572 30551 30551 F DEBUG   :     #08 pc 0025de4d  /system/lib/libart.so (art::JavaVMExt::JniAbortV(char const*, char const*, std::__va_list)+64)
03-18 14:55:12.572 30551 30551 F DEBUG   :     #09 pc 000fd6b1  /system/lib/libart.so (art::ScopedCheck::AbortF(char const*, ...)+32)
03-18 14:55:12.572 30551 30551 F DEBUG   :     #10 pc 00102fa9  /system/lib/libart.so (art::ScopedCheck::Check(art::ScopedObjectAccess&, bool, char const*, art::JniValueType*) (.constprop.96)+2708)
03-18 14:55:12.572 30551 30551 F DEBUG   :     #11 pc 0010bda9  /system/lib/libart.so (art::CheckJNI::GetStringUTFChars(_JNIEnv*, _jstring*, unsigned char*)+412)
03-18 14:55:12.572 30551 30551 F DEBUG   :     #12 pc 00012334  /data/app/eu.faircode.netguard-2/lib/arm/libnetguard.so (Java_eu_faircode_netguard_SinkholeService_jni_1start+476)
03-18 14:55:12.572 30551 30551 F DEBUG   :     #13 pc 00600e2d  /data/app/eu.faircode.netguard-2/oat/arm/base.odex (offset 0x3de000) (void eu.faircode.netguard.SinkholeService.jni_start(int, boolean, int, java.lang.String)+128)
03-18 14:55:12.573 30551 30551 F DEBUG   :     #14 pc 00606981  /data/app/eu.faircode.netguard-2/oat/arm/base.odex (offset 0x3de000) (void eu.faircode.netguard.SinkholeService.startNative(android.os.ParcelFileDescriptor, java.util.List)+1292)
03-18 14:55:12.573 30551 30551 F DEBUG   :     #15 pc 005fc161  /data/app/eu.faircode.netguard-2/oat/arm/base.odex (offset 0x3de000) (void eu.faircode.netguard.SinkholeService.access$1600(eu.faircode.netguard.SinkholeService, android.os.ParcelFileDescriptor, java.util.List)+68)
03-18 14:55:12.573 30551 30551 F DEBUG   :     #16 pc 005f4373  /data/app/eu.faircode.netguard-2/oat/arm/base.odex (offset 0x3de000) (void eu.faircode.netguard.SinkholeService$ServiceHandler.start()+1950)
03-18 14:55:12.573 30551 30551 F DEBUG   :     #17 pc 005f05b9  /data/app/eu.faircode.netguard-2/oat/arm/base.odex (offset 0x3de000) (void eu.faircode.netguard.SinkholeService$ServiceHandler.handleIntent(android.content.Intent)+4884)
03-18 14:55:12.573 30551 30551 F DEBUG   :     #18 pc 005fa24f  /data/app/eu.faircode.netguard-2/oat/arm/base.odex (offset 0x3de000) (void eu.faircode.netguard.SinkholeService$ServiceHandler.handleMessage(android.os.Message)+914)
03-18 14:55:12.573 30551 30551 F DEBUG   :     #19 pc 02a3cb9d  /system/framework/arm/boot.oat (offset 0x2286000)
03-18 14:55:14.020 30551 30551 F DEBUG   : 
03-18 14:55:14.020 30551 30551 F DEBUG   : Tombstone written to: /data/tombstones/tombstone_01
03-18 14:59:07.030 30816 30854 F libc    : Fatal signal 6 (SIGABRT), code -6 in tid 30854 (PacketCapture h)
03-18 14:59:07.050 30551 30551 F DEBUG   : *** *** *** *** *** *** *** *** *** *** *** *** *** *** *** ***
03-18 14:59:07.050 30551 30551 F DEBUG   : Build fingerprint: 'htc/htc_asia_tw/htc_mecdug:6.0.1/MMB29M/720067.3:user/release-keys'
03-18 14:59:07.050 30551 30551 F DEBUG   : Revision: '0'
03-18 14:59:07.050 30551 30551 F DEBUG   : ABI: 'arm'
03-18 14:59:07.050 30551 30551 F DEBUG   : pid: 30816, tid: 30854, name: PacketCapture h  >>> eu.faircode.netguard <<<
03-18 14:59:07.050 30551 30551 F DEBUG   : signal 6 (SIGABRT), code -6 (SI_TKILL), fault addr --------
03-18 14:59:07.120 30551 30551 F DEBUG   : Abort message: 'art/runtime/java_vm_ext.cc:448] JNI DETECTED ERROR IN APPLICATION: GetStringUTFChars received NULL jstring'
03-18 14:59:07.120 30551 30551 F DEBUG   :     r0 00000000  r1 00007886  r2 00000006  r3 af032978
03-18 14:59:07.120 30551 30551 F DEBUG   :     r4 af032980  r5 af032930  r6 00000002  r7 0000010c
03-18 14:59:07.121 30551 30551 F DEBUG   :     r8 b4d6537c  r9 b8f1f6d8  sl 00000001  fp 00000001
03-18 14:59:07.121 30551 30551 F DEBUG   :     ip 00000006  sp af031ee8  lr b6d5f6d1  pc b6d61ac0  cpsr 40070010
03-18 14:59:07.179 30551 30551 F DEBUG   : 
03-18 14:59:07.179 30551 30551 F DEBUG   : backtrace:
03-18 14:59:07.180 30551 30551 F DEBUG   :     #00 pc 00044ac0  /system/lib/libc.so (tgkill+12)
03-18 14:59:07.180 30551 30551 F DEBUG   :     #01 pc 000426cd  /system/lib/libc.so (pthread_kill+32)
03-18 14:59:07.180 30551 30551 F DEBUG   :     #02 pc 0001b88f  /system/lib/libc.so (raise+10)
03-18 14:59:07.183 30551 30551 F DEBUG   :     #03 pc 00018a41  /system/lib/libc.so (__libc_android_abort+34)
03-18 14:59:07.186 30551 30551 F DEBUG   :     #04 pc 00016840  /system/lib/libc.so (abort+4)
03-18 14:59:07.186 30551 30551 F DEBUG   :     #05 pc 00336521  /system/lib/libart.so (art::Runtime::Abort()+228)
03-18 14:59:07.186 30551 30551 F DEBUG   :     #06 pc 000f4a9b  /system/lib/libart.so (art::LogMessage::~LogMessage()+2226)
03-18 14:59:07.186 30551 30551 F DEBUG   :     #07 pc 0025da9f  /system/lib/libart.so (art::JavaVMExt::JniAbort(char const*, char const*)+1542)
03-18 14:59:07.186 30551 30551 F DEBUG   :     #08 pc 0025de4d  /system/lib/libart.so (art::JavaVMExt::JniAbortV(char const*, char const*, std::__va_list)+64)
03-18 14:59:07.186 30551 30551 F DEBUG   :     #09 pc 000fd6b1  /system/lib/libart.so (art::ScopedCheck::AbortF(char const*, ...)+32)
03-18 14:59:07.186 30551 30551 F DEBUG   :     #10 pc 00102fa9  /system/lib/libart.so (art::ScopedCheck::Check(art::ScopedObjectAccess&, bool, char const*, art::JniValueType*) (.constprop.96)+2708)
03-18 14:59:07.186 30551 30551 F DEBUG   :     #11 pc 0010bda9  /system/lib/libart.so (art::CheckJNI::GetStringUTFChars(_JNIEnv*, _jstring*, unsigned char*)+412)
03-18 14:59:07.187 30551 30551 F DEBUG   :     #12 pc 00012334  /data/app/eu.faircode.netguard-1/lib/arm/libnetguard.so (Java_eu_faircode_netguard_SinkholeService_jni_1start+476)
03-18 14:59:07.187 30551 30551 F DEBUG   :     #13 pc 00600e2d  /data/app/eu.faircode.netguard-1/oat/arm/base.odex (offset 0x3de000) (void eu.faircode.netguard.SinkholeService.jni_start(int, boolean, int, java.lang.String)+128)
03-18 14:59:07.187 30551 30551 F DEBUG   :     #14 pc 00606995  /data/app/eu.faircode.netguard-1/oat/arm/base.odex (offset 0x3de000) (void eu.faircode.netguard.SinkholeService.startNative(android.os.ParcelFileDescriptor, java.util.List)+1312)
03-18 14:59:07.187 30551 30551 F DEBUG   :     #15 pc 005fc161  /data/app/eu.faircode.netguard-1/oat/arm/base.odex (offset 0x3de000) (void eu.faircode.netguard.SinkholeService.access$1600(eu.faircode.netguard.SinkholeService, android.os.ParcelFileDescriptor, java.util.List)+68)
03-18 14:59:07.187 30551 30551 F DEBUG   :     #16 pc 005f4373  /data/app/eu.faircode.netguard-1/oat/arm/base.odex (offset 0x3de000) (void eu.faircode.netguard.SinkholeService$ServiceHandler.start()+1950)
03-18 14:59:07.187 30551 30551 F DEBUG   :     #17 pc 005f05b9  /data/app/eu.faircode.netguard-1/oat/arm/base.odex (offset 0x3de000) (void eu.faircode.netguard.SinkholeService$ServiceHandler.handleIntent(android.content.Intent)+4884)
03-18 14:59:07.187 30551 30551 F DEBUG   :     #18 pc 005fa24f  /data/app/eu.faircode.netguard-1/oat/arm/base.odex (offset 0x3de000) (void eu.faircode.netguard.SinkholeService$ServiceHandler.handleMessage(android.os.Message)+914)
03-18 14:59:07.188 30551 30551 F DEBUG   :     #19 pc 02a3cb9d  /system/framework/arm/boot.oat (offset 0x2286000)
03-18 14:59:08.499 30551 30551 F DEBUG   : 
03-18 14:59:08.499 30551 30551 F DEBUG   : Tombstone written to: /data/tombstones/tombstone_02
03-18 15:24:31.082 31842 32430 F libc    : Fatal signal 11 (SIGSEGV), code 1, fault addr 0x1bb in tid 32430 (Thread-58471)
03-18 15:24:31.093 30551 30551 F DEBUG   : *** *** *** *** *** *** *** *** *** *** *** *** *** *** *** ***
03-18 15:24:31.093 30551 30551 F DEBUG   : Build fingerprint: 'htc/htc_asia_tw/htc_mecdug:6.0.1/MMB29M/720067.3:user/release-keys'
03-18 15:24:31.093 30551 30551 F DEBUG   : Revision: '0'
03-18 15:24:31.094 30551 30551 F DEBUG   : ABI: 'arm'
03-18 15:24:31.094 30551 30551 F DEBUG   : pid: 31842, tid: 32430, name: Thread-58471  >>> eu.faircode.netguard <<<
03-18 15:24:31.094 30551 30551 F DEBUG   : signal 11 (SIGSEGV), code 1 (SEGV_MAPERR), fault addr 0x1bb
03-18 15:24:31.129 30551 30551 F DEBUG   :     r0 000001bb  r1 000001bb  r2 00000000  r3 00000005
03-18 15:24:31.129 30551 30551 F DEBUG   :     r4 00000002  r5 9a20ba98  r6 0ccccccc  r7 ffffffff
03-18 15:24:31.130 30551 30551 F DEBUG   :     r8 9a20c3e8  r9 00000000  sl 000001bb  fp 9a20c3ec
03-18 15:24:31.130 30551 30551 F DEBUG   :     ip 80000000  sp 9a20b990  lr b6d5a2e5  pc b6d34dfa  cpsr 800f0030
03-18 15:24:31.150 30551 30551 F DEBUG   : 
03-18 15:24:31.150 30551 30551 F DEBUG   : backtrace:
03-18 15:24:31.151 30551 30551 F DEBUG   :     #00 pc 00017dfa  /system/lib/libc.so (strlen+21)
03-18 15:24:31.151 30551 30551 F DEBUG   :     #01 pc 0003d2e1  /system/lib/libc.so (__vfprintf+2948)
03-18 15:24:31.151 30551 30551 F DEBUG   :     #02 pc 0004072f  /system/lib/libc.so (vsprintf+106)
03-18 15:24:31.154 30551 30551 F DEBUG   :     #03 pc 0000b694  /data/app/eu.faircode.netguard-1/lib/arm/libnetguard.so (log_android+120)
03-18 15:24:31.155 30551 30551 F DEBUG   :     #04 pc 00004860  /data/app/eu.faircode.netguard-1/lib/arm/libnetguard.so (handle_ip+2324)
03-18 15:24:31.156 30551 30551 F DEBUG   :     #05 pc 00003eb4  /data/app/eu.faircode.netguard-1/lib/arm/libnetguard.so (check_tun+848)
03-18 15:24:31.157 30551 30551 F DEBUG   :     #06 pc 00005ebc  /data/app/eu.faircode.netguard-1/lib/arm/libnetguard.so (handle_events+2004)
03-18 15:24:31.157 30551 30551 F DEBUG   :     #07 pc 00041fcf  /system/lib/libc.so (__pthread_start(void*)+30)
03-18 15:24:31.158 30551 30551 F DEBUG   :     #08 pc 000190c3  /system/lib/libc.so (__start_thread+6)
03-18 15:24:32.430 30551 30551 F DEBUG   : 
03-18 15:24:32.430 30551 30551 F DEBUG   : Tombstone written to: /data/tombstones/tombstone_03
03-18 15:25:48.483  1162  1371 F libc    : Fatal signal 11 (SIGSEGV), code 1, fault addr 0x1bb in tid 1371 (Thread-58569)
03-18 15:25:48.485 30551 30551 F DEBUG   : *** *** *** *** *** *** *** *** *** *** *** *** *** *** *** ***
03-18 15:25:48.485 30551 30551 F DEBUG   : Build fingerprint: 'htc/htc_asia_tw/htc_mecdug:6.0.1/MMB29M/720067.3:user/release-keys'
03-18 15:25:48.485 30551 30551 F DEBUG   : Revision: '0'
03-18 15:25:48.485 30551 30551 F DEBUG   : ABI: 'arm'
03-18 15:25:48.486 30551 30551 F DEBUG   : pid: 1162, tid: 1371, name: Thread-58569  >>> eu.faircode.netguard <<<
03-18 15:25:48.486 30551 30551 F DEBUG   : signal 11 (SIGSEGV), code 1 (SEGV_MAPERR), fault addr 0x1bb
03-18 15:25:48.521 30551 30551 F DEBUG   :     r0 000001bb  r1 000001bb  r2 00000000  r3 00000005
03-18 15:25:48.521 30551 30551 F DEBUG   :     r4 00000002  r5 8723da98  r6 0ccccccc  r7 ffffffff
03-18 15:25:48.521 30551 30551 F DEBUG   :     r8 8723e3e8  r9 00000000  sl 000001bb  fp 8723e3ec
03-18 15:25:48.521 30551 30551 F DEBUG   :     ip 80000000  sp 8723d990  lr b6d5a2e5  pc b6d34dfa  cpsr 800f0030
03-18 15:25:48.537 30551 30551 F DEBUG   : 
03-18 15:25:48.537 30551 30551 F DEBUG   : backtrace:
03-18 15:25:48.538 30551 30551 F DEBUG   :     #00 pc 00017dfa  /system/lib/libc.so (strlen+21)
03-18 15:25:48.538 30551 30551 F DEBUG   :     #01 pc 0003d2e1  /system/lib/libc.so (__vfprintf+2948)
03-18 15:25:48.540 30551 30551 F DEBUG   :     #02 pc 0004072f  /system/lib/libc.so (vsprintf+106)
03-18 15:25:48.540 30551 30551 F DEBUG   :     #03 pc 0000b694  /data/app/eu.faircode.netguard-1/lib/arm/libnetguard.so (log_android+120)
03-18 15:25:48.541 30551 30551 F DEBUG   :     #04 pc 00004860  /data/app/eu.faircode.netguard-1/lib/arm/libnetguard.so (handle_ip+2324)
03-18 15:25:48.541 30551 30551 F DEBUG   :     #05 pc 00003eb4  /data/app/eu.faircode.netguard-1/lib/arm/libnetguard.so (check_tun+848)
03-18 15:25:48.542 30551 30551 F DEBUG   :     #06 pc 00005ebc  /data/app/eu.faircode.netguard-1/lib/arm/libnetguard.so (handle_events+2004)
03-18 15:25:48.542 30551 30551 F DEBUG   :     #07 pc 00041fcf  /system/lib/libc.so (__pthread_start(void*)+30)
03-18 15:25:48.543 30551 30551 F DEBUG   :     #08 pc 000190c3  /system/lib/libc.so (__start_thread+6)
03-18 15:25:49.659 30551 30551 F DEBUG   : 
03-18 15:25:49.659 30551 30551 F DEBUG   : Tombstone written to: /data/tombstones/tombstone_04
03-18 15:26:40.294  4242  4542 F libc    : Fatal signal 11 (SIGSEGV), code 1, fault addr 0x1bb in tid 4542 (Thread-58677)
03-18 15:26:40.306 30551 30551 F DEBUG   : *** *** *** *** *** *** *** *** *** *** *** *** *** *** *** ***
03-18 15:26:40.306 30551 30551 F DEBUG   : Build fingerprint: 'htc/htc_asia_tw/htc_mecdug:6.0.1/MMB29M/720067.3:user/release-keys'
03-18 15:26:40.307 30551 30551 F DEBUG   : Revision: '0'
03-18 15:26:40.307 30551 30551 F DEBUG   : ABI: 'arm'
03-18 15:26:40.308 30551 30551 F DEBUG   : pid: 4242, tid: 4542, name: Thread-58677  >>> eu.faircode.netguard <<<
03-18 15:26:40.308 30551 30551 F DEBUG   : signal 11 (SIGSEGV), code 1 (SEGV_MAPERR), fault addr 0x1bb
03-18 15:26:40.375 30551 30551 F DEBUG   :     r0 000001bb  r1 000001bb  r2 00000000  r3 00000005
03-18 15:26:40.376 30551 30551 F DEBUG   :     r4 00000002  r5 88944a98  r6 0ccccccc  r7 ffffffff
03-18 15:26:40.377 30551 30551 F DEBUG   :     r8 889453e8  r9 00000000  sl 000001bb  fp 889453ec
03-18 15:26:40.378 30551 30551 F DEBUG   :     ip 80000000  sp 88944990  lr b6d5a2e5  pc b6d34dfa  cpsr 800f0030
03-18 15:26:40.393 30551 30551 F DEBUG   : 
03-18 15:26:40.393 30551 30551 F DEBUG   : backtrace:
03-18 15:26:40.394 30551 30551 F DEBUG   :     #00 pc 00017dfa  /system/lib/libc.so (strlen+21)
03-18 15:26:40.395 30551 30551 F DEBUG   :     #01 pc 0003d2e1  /system/lib/libc.so (__vfprintf+2948)
