03-18 17:19:17.238  1970  4506 D PMS     : releaseWL(9eed104): PARTIAL_WAKE_LOCK  Wakeful StateMachine: GeofencerStateMachine 0x1 WorkSource{10010 com.google.android.gms}
03-18 17:19:17.258  1970  2077 D AlarmManager: [AlarmGrouping_3.5] before: b7666ed 2017-03-18 21:19:17 1489843157257 name=com.google.android.gms action=null.INACTIVITY_TRIGGERED type=RTC_WAKEUP window=10800000 interval=0
03-18 17:19:17.259  1970  2077 D AlarmManager: [AlarmGrouping_3.5] after:  b7666ed 2017-03-18 21:20:00 1489843200000 name=com.google.android.gms action=null.INACTIVITY_TRIGGERED type=RTC_WAKEUP window=10800000 interval=0
03-18 17:19:17.274  1970  4742 D PMS     : acquireWL(d143922): PARTIAL_WAKE_LOCK  NlpCollectorWakeLock 0x1 5092 10010 WorkSource{10010 com.google.android.gms}
03-18 17:19:17.276  1970  3842 D WifiService: acquireWifiLockLocked: WifiLock{NlpWifiLock type=2 binder=android.os.BinderProxy@d50dfb3}
03-18 17:19:17.278  1970  3801 D PMS     : acquireWL(709f970): PARTIAL_WAKE_LOCK  NlpWakeLock 0x1 5092 10010 WorkSource{10010 com.google.android.gms}
03-18 17:19:17.279  1970  4502 D WifiService: acquireWifiLockLocked: WifiLock{NlpWifiLock type=2 binder=android.os.BinderProxy@5df84e9}
03-18 17:19:17.287  1970  4506 D AlarmManager: [AlarmGrouping_3.5] before: fe0c56e 2017-03-18 17:19:32 843180086 name=com.google.android.gms action=com.google.android.location.ALARM_WAKEUP_PASSIVE_COLLECTOR type=ELAPSED_WAKEUP window=11249 interval=0
03-18 17:19:17.288  1970  4506 D AlarmManager: [AlarmGrouping_3.5] after:  fe0c56e 2017-03-18 17:20:00 843207800 name=com.google.android.gms action=com.google.android.location.ALARM_WAKEUP_PASSIVE_COLLECTOR type=ELAPSED_WAKEUP window=11249 interval=0
03-18 17:19:17.290  1970  4707 D AlarmManager: [AlarmGrouping_3.5] before: fefc40f 2017-03-18 19:19:17 850365088 name=com.google.android.gms action=com.google.android.location.ALARM_WAKEUP_SENSOR_UPLOADER type=ELAPSED_WAKEUP window=5399999 interval=0
03-18 17:19:17.290  1970  4707 D AlarmManager: [AlarmGrouping_3.5] after:  fefc40f 2017-03-18 19:20:00 850407800 name=com.google.android.gms action=com.google.android.location.ALARM_WAKEUP_SENSOR_UPLOADER type=ELAPSED_WAKEUP window=5399999 interval=0
03-18 17:19:17.405  1970  4707 D WifiService: releaseWifiLockLocked: WifiLock{NlpWifiLock type=2 binder=android.os.BinderProxy@5df84e9}
03-18 17:19:17.407  1970  4744 D PMS     : releaseWL(709f970): PARTIAL_WAKE_LOCK  NlpWakeLock 0x1 WorkSource{10010 com.google.android.gms}
03-18 17:19:17.408  1970  3842 D WifiService: releaseWifiLockLocked: WifiLock{NlpWifiLock type=2 binder=android.os.BinderProxy@d50dfb3}
03-18 17:19:17.408  1970  2077 D PMS     : releaseWL(d143922): PARTIAL_WAKE_LOCK  NlpCollectorWakeLock 0x1 WorkSource{10010 com.google.android.gms}
03-18 17:19:17.411  1970  4374 D PMS     : acquireWL(96d3c9c): PARTIAL_WAKE_LOCK  NlpCollectorWakeLock 0x1 5092 10010 WorkSource{10010 com.google.android.gms}
03-18 17:19:17.412  1970  4616 D WifiService: acquireWifiLockLocked: WifiLock{NlpWifiLock type=2 binder=android.os.BinderProxy@8a286a5}
03-18 17:19:17.419  1970  2073 D PMS     : acquireWL(b5f8688): PARTIAL_WAKE_LOCK  GpsLocationProvider 0x1 1970 1000 null
03-18 17:19:17.422  1970  2491 D PMS     : releaseWL(b5f8688): PARTIAL_WAKE_LOCK  GpsLocationProvider 0x1 null
03-18 17:19:17.422  1970  3852 D AlarmManager: [AlarmGrouping_3.5] before: 7d9e821 2017-03-18 17:19:47 843195213 name=com.google.android.gms action=com.google.android.location.ALARM_WAKEUP_ACTIVE_COLLECTOR type=ELAPSED_WAKEUP window=22494 interval=0
03-18 17:19:17.422  1970  3852 D AlarmManager: [AlarmGrouping_3.5] after:  7d9e821 2017-03-18 17:20:00 843207800 name=com.google.android.gms action=com.google.android.location.ALARM_WAKEUP_ACTIVE_COLLECTOR type=ELAPSED_WAKEUP window=22494 interval=0
03-18 17:19:17.545  1970  2077 D AlarmManager: [AlarmGrouping_3.5] before: 4cbe55d 2017-03-18 17:37:05 844233079 name=com.google.android.gms action=com.google.android.gms.measurement.UPLOAD type=ELAPSED_WAKEUP window=2700000 interval=3600000
03-18 17:19:17.546  1970  2077 D AlarmManager: [AlarmGrouping_3.5] after:  4cbe55d 2017-03-18 17:40:00 844407800 name=com.google.android.gms action=com.google.android.gms.measurement.UPLOAD type=ELAPSED_WAKEUP window=2700000 interval=3600000
03-18 17:19:17.549  1970  4374 I ActivityManager: Cannot resolve ContentProvider=com.android.browser
03-18 17:19:17.549 29741 24547 E ActivityThread: Failed to find provider info for com.android.browser
03-18 17:19:17.563  1970  4742 I ActivityManager: Start proc 24549:com.android.chrome/u0a96 for content provider com.android.chrome/org.chromium.chrome.browser.provider.ChromeBrowserProvider
03-18 17:19:18.392  1970  2493 D StatusBarManagerService: setSystemUiVisibility(0x8600)
03-18 17:19:18.392  1970  2493 D StatusBarManagerService: disable:userId=0 what=0x0 which=0x1 pkg=Window{572c917 u0 com.cleanmaster.mguard/com.ijinshan.screensavernew3.ScreenSaver3Activity}
03-18 17:19:18.393  1970  2493 D StatusBarManagerService: hiding MENU key
03-18 17:19:18.402  1970  4745 I InputMethodManagerService: Disable input method client, pid=4481
03-18 17:19:18.402  1970  4745 D StatusBarManagerService: swetImeWindowStatus vis=0 backDisposition=0
03-18 17:19:18.402  1970  4745 D InputMethodManagerService: Switching to client com.cleanmaster.mguard(30239), IME=com.htc.sense.ime/.HTCIMEService
03-18 17:19:18.411  1970  3852 D StatusBarManagerService: disable:userId=0 what=0x3000000 which=0x1 pkg=com.android.systemui
03-18 17:19:19.277  1970  3945 I ActivityManager: Start proc 24629:com.android.chrome:privileged_process0/u0a96 for service com.android.chrome/org.chromium.content.app.PrivilegedProcessService0
03-18 17:19:19.515  1970  2077 I ActivityManager: Killing 19068:com.htc.sense.socialplugins/2897 (adj 15): empty #17
03-18 17:19:19.547  1970  4742 I ActivityManager: Recipient 19068
03-18 17:19:19.602  1970  2077 I ActivityManager: Killing 19036:com.htc.cs.dm/u0a89 (adj 15): empty #18
03-18 17:19:19.614  1970  4755 I ActivityManager: Recipient 19036
03-18 17:19:19.659  1970  3842 D ConnectivityService: listenForNetwork for Listen from uid/pid:10096/24549 for NetworkRequest [ id=1344, legacyType=-1, [ Capabilities: INTERNET&NOT_RESTRICTED&TRUSTED] ]
03-18 17:19:19.659  1970  3673 D ConnectivityService: rematching NetworkAgentInfo [WIFI () - 478]
03-18 17:19:19.659  1970  3673 D ConnectivityService:  network has: [ Transports: WIFI Capabilities: INTERNET&NOT_RESTRICTED&TRUSTED&NOT_VPN&VALIDATED LinkUpBandwidth>=1048576Kbps LinkDnBandwidth>=1048576Kbps SignalStrength: -54]
03-18 17:19:19.660  1970  3673 D ConnectivityService:   checking if request is satisfied: NetworkRequest [ id=1283, legacyType=-1, [ Capabilities: INTERNET&NOT_RESTRICTED&TRUSTED] ]
03-18 17:19:19.660  1970  3673 D ConnectivityService:   checking if request is satisfied: NetworkRequest [ id=10, legacyType=-1, [ Capabilities: INTERNET&NOT_RESTRICTED&TRUSTED&NOT_VPN] ]
03-18 17:19:19.660  1970  3673 D ConnectivityService:   checking if request is satisfied: NetworkRequest [ id=1344, legacyType=-1, [ Capabilities: INTERNET&NOT_RESTRICTED&TRUSTED] ]
03-18 17:19:19.660  1970  3673 D ConnectivityService:   checking if request is satisfied: NetworkRequest [ id=1281, legacyType=-1, [ Capabilities: INTERNET&NOT_RESTRICTED&TRUSTED] ]
03-18 17:19:19.660  1970  3673 D ConnectivityService:   checking if request is satisfied: NetworkRequest [ id=8, legacyType=-1, [ Capabilities: INTERNET&NOT_RESTRICTED&TRUSTED] ]
03-18 17:19:19.660  1970  3673 D ConnectivityService:   checking if request is satisfied: NetworkRequest [ id=1287, legacyType=-1, [ Capabilities: INTERNET&NOT_RESTRICTED&TRUSTED] ]
03-18 17:19:19.660  1970  3673 D ConnectivityService:   checking if request is satisfied: NetworkRequest [ id=16, legacyType=-1, [ Capabilities: INTERNET&NOT_RESTRICTED&TRUSTED] ]
03-18 17:19:19.660  1970  3673 D ConnectivityService: Network NetworkAgentInfo [WIFI () - 478] was already satisfying request 1. No change.
03-18 17:19:19.660  1970  3673 D ConnectivityService:   checking if request is satisfied: NetworkRequest [ id=3, legacyType=-1, [] ]
03-18 17:19:19.660  1970  3673 D ConnectivityService:   checking if request is satisfied: NetworkRequest [ id=1343, legacyType=-1, [ Capabilities: INTERNET&NOT_RESTRICTED&TRUSTED] ]
03-18 17:19:19.661  1970  3673 D ConnectivityService:   checking if request is satisfied: NetworkRequest [ id=1280, legacyType=-1, [ Capabilities: INTERNET&NOT_RESTRICTED&TRUSTED] ]
03-18 17:19:19.661  1970  3673 D ConnectivityService:   checking if request is satisfied: NetworkRequest [ id=15, legacyType=-1, [ Capabilities: INTERNET&NOT_RESTRICTED&TRUSTED] ]
03-18 17:19:19.661  1970  3673 D ConnectivityService: sending notification AVAILABLE for NetworkRequest [ id=1344, legacyType=-1, [ Capabilities: INTERNET&NOT_RESTRICTED&TRUSTED] ]
03-18 17:19:19.805  1970  3801 D PMS     : acquireWL(edf21c4): PARTIAL_WAKE_LOCK  *net_scheduler* 0x1 5092 10010 WorkSource{10010 com.google.android.gms}
03-18 17:19:19.894  1970  4745 D AlarmManager: [AlarmGrouping_3.5] before: a8f97cf 2017-03-18 17:44:30 844677965 name=com.google.android.gms action=com.google.android.gms.gcm.ACTION_CHECK_QUEUE type=ELAPSED_WAKEUP window=1132704 interval=0
03-18 17:19:19.894  1970  4745 D AlarmManager: [AlarmGrouping_3.5] after:  a8f97cf 2017-03-18 17:50:00 845007800 name=com.google.android.gms action=com.google.android.gms.gcm.ACTION_CHECK_QUEUE type=ELAPSED_WAKEUP window=1132704 interval=0
03-18 17:19:19.896  1970  2077 D PMS     : releaseWL(edf21c4): PARTIAL_WAKE_LOCK  *net_scheduler* 0x1 WorkSource{10010 com.google.android.gms}
03-18 17:19:19.897  1970  4744 D PMS     : acquireWL(87ee55c): PARTIAL_WAKE_LOCK  *net_scheduler* 0x1 5092 10010 WorkSource{10010 com.google.android.gms}
03-18 17:19:20.056  1970  4742 D AlarmManager: [AlarmGrouping_3.5] before: 2c2fb48 2017-03-18 17:44:30 844677965 name=com.google.android.gms action=com.google.android.gms.gcm.ACTION_CHECK_QUEUE type=ELAPSED_WAKEUP window=1132581 interval=0
03-18 17:19:20.057  1970  4742 D AlarmManager: [AlarmGrouping_3.5] after:  2c2fb48 2017-03-18 17:50:00 845007801 name=com.google.android.gms action=com.google.android.gms.gcm.ACTION_CHECK_QUEUE type=ELAPSED_WAKEUP window=1132581 interval=0
03-18 17:19:20.058  1970  4707 D PMS     : releaseWL(87ee55c): PARTIAL_WAKE_LOCK  *net_scheduler* 0x1 WorkSource{10010 com.google.android.gms}
03-18 17:19:25.527  1970  3758 D HtcWLD_v5.3.2:     Turn end: total_sum=30 screen_off_sum=2
03-18 17:19:25.527  1970  3758 D HtcWLD_v5.3.2:  
03-18 17:19:25.527  1970  3758 D HtcWLD_v5.3.2:     Turn#2
03-18 17:19:41.614   447  1724 E NetlinkEvent: NetlinkEvent::FindParam(): Parameter 'TIME_NS' not found
03-18 17:19:41.614   447  1724 E NetlinkEvent: NetlinkEvent::FindParam(): Parameter 'UID' not found
03-18 17:19:43.845  1970  3801 D PMS     : acquireWL(6591bdb): PARTIAL_WAKE_LOCK  BatteryServiceUpdateStats_3 0x1 1970 1000 null
03-18 17:19:43.848  1970  3801 I BatteryService: n_update end
03-18 17:19:43.860  1970  1970 I DeviceIdleController: updateChargingLocked: charging=true
03-18 17:19:43.861  1970  1970 W DeviceIdleController: becomeActiveLocked, reason = charging
03-18 17:19:43.878  3795  3795 D PowerUI : closing low battery warning: level=92
03-18 17:19:43.885  1970  2502 D HtcPowerSaver: updateBatteryInfo
03-18 17:19:43.885  1970  3801 D PMS     : releaseWL(6591bdb): PARTIAL_WAKE_LOCK  BatteryServiceUpdateStats_3 0x1 null
03-18 17:19:43.916  1970  1970 D PMS     : runPSCheck
03-18 17:19:43.916  1970  1970 D HtcPowerSaver: Checking...
03-18 17:19:43.916  1970  1970 I HtcPowerSaver: >> updateStatus
03-18 17:19:43.917  1970  1970 I HtcPowerSaver: << updateStatus
03-18 17:19:51.564   447  1724 E NetlinkEvent: NetlinkEvent::FindParam(): Parameter 'TIME_NS' not found
03-18 17:19:51.564   447  1724 E NetlinkEvent: NetlinkEvent::FindParam(): Parameter 'UID' not found
03-18 17:19:52.380  1970  2077 I ActivityManager: Killing 28454:com.cht.custservice/u0a154 (adj 15): kill background
03-18 17:19:52.403  1970  3852 I ActivityManager: Recipient 28454
03-18 17:19:52.472  1970  2077 W ActivityManager: Scheduling restart of crashed service com.cht.custservice/.utils.uiModeDetectService in 1000ms
03-18 17:19:52.476  1970  3852 W ActivityManager: Spurious death for ProcessRecord{8439ab7 0:com.cht.custservice/u0a154}, curProc for 28454: null
03-18 17:19:52.481  1970  4374 I ActivityManager: Killing 24403:com.nero.android.htc.sync/u0a23 (adj 15): kill background
03-18 17:19:52.525  1970  4744 I ActivityManager: Recipient 24403
03-18 17:19:52.526  1970  3672 D WifiService: Client connection lost with reason: 4
03-18 17:19:52.602  1970  4374 W ActivityManager: Scheduling restart of crashed service com.nero.android.htc.sync/.PowerDisconService in 10870ms
03-18 17:19:52.604  1970  4744 W ActivityManager: Spurious death for ProcessRecord{e76d224 0:com.nero.android.htc.sync/u0a23}, curProc for 24403: null
03-18 17:19:52.606  1970  2073 I ActivityManager: Killing 24629:com.android.chrome:privileged_process0/u0a96 (adj 9): kill background
03-18 17:19:52.644  1970  3801 I ActivityManager: Recipient 24629
03-18 17:19:52.692  1970  2073 W ActivityManager: Scheduling restart of crashed service com.android.chrome/org.chromium.content.app.PrivilegedProcessService0 in 20780ms
03-18 17:19:52.693  1970  2073 I ActivityManager: Killing 24549:com.android.chrome/u0a96 (adj 9): kill background
03-18 17:19:52.725  1970  2077 I ActivityManager: Recipient 24549
03-18 17:19:52.726  1970  4506 D ConnectivityService: ConnectivityService NetworkRequestInfo binderDied(NetworkRequest [ id=1344, legacyType=-1, [ Capabilities: INTERNET&NOT_RESTRICTED&TRUSTED] ], android.os.BinderProxy@876a18d)
03-18 17:19:52.726  1970  4506 D ConnectivityService: releaseNetworkRequest for NetworkRequest [ id=1344, legacyType=-1, [ Capabilities: INTERNET&NOT_RESTRICTED&TRUSTED] ] called by uid/pid=1000/1970
03-18 17:19:52.726  1970  3673 D ConnectivityService: releasing NetworkRequest NetworkRequest [ id=1344, legacyType=-1, [ Capabilities: INTERNET&NOT_RESTRICTED&TRUSTED] ]
03-18 17:19:52.727  1970  3673 D ConnectivityService: sending notification RELEASED for NetworkRequest [ id=1344, legacyType=-1, [ Capabilities: INTERNET&NOT_RESTRICTED&TRUSTED] ]
03-18 17:19:52.729  1970  3673 E ConnectivityService: RemoteException caught trying to send a callback msg for NetworkRequest [ id=1344, legacyType=-1, [ Capabilities: INTERNET&NOT_RESTRICTED&TRUSTED] ]
03-18 17:19:52.889  1970  3801 W ActivityManager: Spurious death for ProcessRecord{fc9ef42 0:com.android.chrome:privileged_process0/u0a96}, curProc for 24629: null
03-18 17:19:52.889  1970  4745 W ActivityManager: Unbind failed: could not find connection for android.os.BinderProxy@70075ef
03-18 17:19:52.891  1970  2077 W ActivityManager: Spurious death for ProcessRecord{e903393 0:com.android.chrome/u0a96}, curProc for 24549: null
03-18 17:19:52.896  1970  4755 I ActivityManager: Killing 19135:com.jianjia.firewall/u0a153 (adj 15): kill background
03-18 17:19:52.926  1970  4502 I ActivityManager: Recipient 19135
03-18 17:19:52.934  1970  4502 W ActivityManager: Spurious death for ProcessRecord{eed2b53 0:com.jianjia.firewall/u0a153}, curProc for 19135: null
03-18 17:19:52.937  1970  4506 I ActivityManager: Killing 19166:com.microsoft.office.powerpoint/u0a144 (adj 15): kill background
03-18 17:19:52.954  1970  4742 I ActivityManager: Recipient 19166
03-18 17:19:53.038  1970  4742 W ActivityManager: Spurious death for ProcessRecord{360ec90 0:com.microsoft.office.powerpoint/u0a144}, curProc for 19166: null
03-18 17:19:53.040  1970  2073 I ActivityManager: Killing 5577:com.facebook.katana/u0a105 (adj 15): kill background
03-18 17:19:53.151  1970  4709 I ActivityManager: Recipient 5577
03-18 17:19:53.152  1970  3672 D WifiService: Client connection lost with reason: 4
03-18 17:19:53.262  1970  2073 W ActivityManager: Scheduling restart of crashed service com.facebook.katana/com.facebook.mqttlite.MqttService in 20210ms
03-18 17:19:53.265  1970  4709 W ActivityManager: Spurious death for ProcessRecord{68becd7 0:com.facebook.katana/u0a105}, curProc for 5577: null
03-18 17:19:53.266  1970  3945 I ActivityManager: Killing 18134:com.android.vending/u0a38 (adj 15): kill background
03-18 17:19:53.291  1970  4744 I ActivityManager: Recipient 18134
03-18 17:19:53.366  1970  4744 W ActivityManager: Spurious death for ProcessRecord{c312100 0:com.android.vending/u0a38}, curProc for 18134: null
03-18 17:19:53.368  1970  4374 I ActivityManager: Killing 32575:com.radioopt.widget/u0a149 (adj 9): kill background
03-18 17:19:53.440  1970  3801 I ActivityManager: Recipient 32575
03-18 17:19:53.441  1970  3672 D WifiService: Client connection lost with reason: 4
03-18 17:19:53.503  1970  4374 W ActivityManager: Scheduling restart of crashed service com.radioopt.widget/com.radioopt.tmcore.extended.ROExtendedService in 29969ms
03-18 17:19:53.504  1970  4374 W ActivityManager: Scheduling restart of crashed service com.radioopt.widget/com.tm.monitoring.TMService in 39969ms
03-18 17:19:53.505  1970  3801 W ActivityManager: Spurious death for ProcessRecord{80bbd8e 0:com.radioopt.widget/u0a149}, curProc for 32575: null
03-18 17:19:53.519  1970  2492 I ActivityManager: Start proc 24914:com.cht.custservice/u0a154 for service com.cht.custservice/.utils.uiModeDetectService
03-18 17:19:53.520  1970  2073 I ActivityManager: Killing 21223:com.google.process.gapps/u0a10 (adj 13): kill background
03-18 17:19:53.546  1970  4755 I ActivityManager: Recipient 21223
03-18 17:19:53.643  1970  4755 W ActivityManager: Spurious death for ProcessRecord{a9529af 0:com.google.process.gapps/u0a10}, curProc for 21223: null
03-18 17:19:53.644  1970  3842 I ActivityManager: Killing 31879:com.htc.sense.hsp/2899 (adj 11): kill background
03-18 17:19:53.682  1970  4744 I ActivityManager: Recipient 31879
03-18 17:19:53.716  1970  4744 W ActivityManager: Spurious death for ProcessRecord{3833757 0:com.htc.sense.hsp/2899}, curProc for 31879: null
03-18 17:19:53.719  1970  4506 I ActivityManager: Killing 19107:com.google.android.googlequicksearchbox:search/u0a3 (adj 11): kill background
03-18 17:19:53.740  1970  3801 I ActivityManager: Recipient 19107
03-18 17:19:53.754  1970  3801 W ActivityManager: Spurious death for ProcessRecord{9041bc 0:com.google.android.googlequicksearchbox:search/u0a3}, curProc for 19107: null
03-18 17:20:00.006  1970  3660 D PMS     : acquireWL(655f066): PARTIAL_WAKE_LOCK  *alarm* 0x40000001 1970 1000 WorkSource{1000}
03-18 17:20:00.008  1970  3660 D AlarmManager: sending alarm PendingIntent{6fba88b: PendingIntentRecord{d034d68 android broadcastIntent}}, i=android.intent.action.TIME_TICK, t=3, cnt=1, w=843207800, Int=0
03-18 17:20:00.025  1970  4742 D PMS     : acquireWL(6ba9fa7): PARTIAL_WAKE_LOCK  BleScanner_WakeLock 0x1 5092 10010 WorkSource{10010 com.google.android.gms}
03-18 17:20:00.027  1970  3660 D AlarmManager: sending alarm PendingIntent{4b0780d: PendingIntentRecord{6882dd1 com.google.android.gms startService}}, i=com.google.android.location.internal.action.ULR_BLE_SCAN_ALARM, t=2, cnt=1, w=843204257, Int=600000
03-18 17:20:00.038  1970  3660 D AlarmManager: sending alarm PendingIntent{7d9e821: PendingIntentRecord{19b6b com.google.android.gms broadcastIntent}}, i=com.google.android.location.ALARM_WAKEUP_ACTIVE_COLLECTOR, t=2, cnt=1, w=843207800, Int=0
03-18 17:20:00.052  1970  2077 D PMS     : acquireWL(c450c54): PARTIAL_WAKE_LOCK  ULR_BarometerReading_WakeLock 0x1 5092 10010 WorkSource{10010 com.google.android.gms}
03-18 17:20:00.054  1970  3660 D AlarmManager: sending alarm PendingIntent{7f9e75c: PendingIntentRecord{c497890 com.google.android.gms startService}}, i=com.google.android.location.internal.action.ULR_BAROMETER_READ_ALARM, t=1, cnt=1, w=1489828800000, Int=120000
03-18 17:20:00.098  1970  3660 I ActivityManager: Start proc 24932:com.htc.launcher:biclient/2897 for service com.htc.launcher/com.htc.BiLogClient.BiLogUploadService
03-18 17:20:00.098  1970  3660 D AlarmManager: sending alarm PendingIntent{2007fd: PendingIntentRecord{ac0acf2 com.htc.launcher startService}}, i=com.htc.BiLogClient.ACTION_SEND_LOG, t=3, cnt=1, w=843109524, Int=1800000
03-18 17:20:00.098  1970  3660 D AlarmManager: sending alarm PendingIntent{de78f43: PendingIntentRecord{718a9c com.htc.htcpowermanager broadcastIntent}}, i=com.htc.htcpowermanager.action.CALC_POWER, t=1, cnt=1, w=1489828707068, Int=0
03-18 17:20:00.100  1970  4506 D PMS     : acquireWL(a1099c0): PARTIAL_WAKE_LOCK  GpsLocationProvider 0x1 1970 1000 null
03-18 17:20:00.109  1970  4707 D PMS     : releaseWL(c450c54): PARTIAL_WAKE_LOCK  ULR_BarometerReading_WakeLock 0x1 WorkSource{10010 com.google.android.gms}
03-18 17:20:00.116  1970  3842 D WifiService: releaseWifiLockLocked: WifiLock{NlpWifiLock type=2 binder=android.os.BinderProxy@8a286a5}
03-18 17:20:00.117  1970  4709 D PMS     : releaseWL(96d3c9c): PARTIAL_WAKE_LOCK  NlpCollectorWakeLock 0x1 WorkSource{10010 com.google.android.gms}
03-18 17:20:00.118  1970  4374 D AlarmManager: [AlarmGrouping_3.5] before: 869dc9f 2017-03-18 22:20:00 861207917 name=com.google.android.gms action=com.google.android.location.ALARM_WAKEUP_ACTIVE_COLLECTOR type=ELAPSED_WAKEUP window=13499999 interval=0
03-18 17:20:00.119  1970  4374 D AlarmManager: [AlarmGrouping_3.5] after:  869dc9f 2017-03-18 22:30:00 861807801 name=com.google.android.gms action=com.google.android.location.ALARM_WAKEUP_ACTIVE_COLLECTOR type=ELAPSED_WAKEUP window=13499999 interval=0
03-18 17:20:00.128 24488 24488 W ContextImpl: Calling a method in the system process without a qualified user: android.app.ContextImpl.startService:1229 android.content.ContextWrapper.startService:581 android.content.ContextWrapper.startService:581 com.htc.htcpowermanager.battery.PowerUsageReceiver.onReceive:21 android.app.ActivityThread.handleReceiver:2835 
03-18 17:20:00.140  1970  2491 D PMS     : releaseWL(a1099c0): PARTIAL_WAKE_LOCK  GpsLocationProvider 0x1 null
03-18 17:20:00.144  1970  3945 D PMS     : acquireWL(799a3bb): PARTIAL_WAKE_LOCK  UlrDispSvcFastWL 0x1 5092 10010 null
03-18 17:20:00.169  1970  4742 D PMS     : acquireWL(9efe0d8): PARTIAL_WAKE_LOCK  bluedroid_timer 0x1 7278 1002 null
03-18 17:20:00.181  1970  2073 D PMS     : releaseWL(9efe0d8): PARTIAL_WAKE_LOCK  bluedroid_timer 0x1 null
03-18 17:20:00.182  1970  4616 D PMS     : releaseWL(799a3bb): PARTIAL_WAKE_LOCK  UlrDispSvcFastWL 0x1 null
03-18 17:20:00.190  1970  3842 D PMS     : acquireWL(d313f16): PARTIAL_WAKE_LOCK  bluedroid_timer 0x1 7278 1002 null
03-18 17:20:00.201  1970  3945 E KernelWakelockReader: neither /proc/wakelocks nor /d/wakeup_sources exists
03-18 17:20:00.202  1970  3945 W BatSI   : Couldn't get kernel wake lock stats
03-18 17:20:00.203  1970  2492 I DropBoxManagerService: Usage (1281) > Quota (1280)
03-18 17:20:00.286  1970  2077 D PMS     : releaseWL(d313f16): PARTIAL_WAKE_LOCK  bluedroid_timer 0x1 null
03-18 17:20:00.291  1970  1970 D PMS     : releaseWL(655f066): PARTIAL_WAKE_LOCK  *alarm* 0x40000001 WorkSource{1000}
03-18 17:20:00.298  1970  4709 D PMS     : acquireWL(4ee3284): PARTIAL_WAKE_LOCK  bluedroid_timer 0x1 7278 1002 null
03-18 17:20:00.304  1970  4506 D PMS     : releaseWL(4ee3284): PARTIAL_WAKE_LOCK  bluedroid_timer 0x1 null
03-18 17:20:00.310  1970  3852 D PMS     : acquireWL(2e7ea6d): PARTIAL_WAKE_LOCK  bluedroid_timer 0x1 7278 1002 null
03-18 17:20:00.320  1970  4745 D PMS     : releaseWL(2e7ea6d): PARTIAL_WAKE_LOCK  bluedroid_timer 0x1 null
03-18 17:20:00.395  1970  4502 E KernelWakelockReader: neither /proc/wakelocks nor /d/wakeup_sources exists
03-18 17:20:00.396  1970  4502 W BatSI   : Couldn't get kernel wake lock stats
03-18 17:20:00.396  1970  2492 I DropBoxManagerService: Usage (1281) > Quota (1280)
03-18 17:20:00.551 24932 24974 W ActivityThread: ClassLoader.loadClass: The class loader returned by Thread.getContextClassLoader() may fail for processes that host multiple applications. You should explicitly specify a context class loader. For example: Thread.setContextClassLoader(getClass().getClassLoader());
03-18 17:20:00.769  1970  2077 I ActivityManager: Killing 24914:com.cht.custservice/u0a154 (adj 8): kill background
03-18 17:20:00.787  1970  4502 I ActivityManager: Recipient 24914
03-18 17:20:00.862  1970  2077 W ActivityManager: Scheduling restart of crashed service com.cht.custservice/.utils.uiModeDetectService in 42610ms
03-18 17:20:00.868  1970  4502 W ActivityManager: Spurious death for ProcessRecord{df6f1ab 0:com.cht.custservice/u0a154}, curProc for 24914: null
03-18 17:20:02.212  1970  3842 D PMS     : releaseWL(6ba9fa7): PARTIAL_WAKE_LOCK  BleScanner_WakeLock 0x1 WorkSource{10010 com.google.android.gms}
03-18 17:20:02.216  1970  2073 D PMS     : acquireWL(5093008): PARTIAL_WAKE_LOCK  UlrDispSvcFastWL 0x1 5092 10010 null
03-18 17:20:02.234  1970  3842 D PMS     : releaseWL(5093008): PARTIAL_WAKE_LOCK  UlrDispSvcFastWL 0x1 null
03-18 17:20:02.433  1970  3852 D PMS     : acquireWL(fbc13a1): PARTIAL_WAKE_LOCK  bluedroid_timer 0x1 7278 1002 null
03-18 17:20:03.487  1970  2492 I ActivityManager: Start proc 25012:com.nero.android.htc.sync/u0a23 for service com.nero.android.htc.sync/.PowerDisconService
03-18 17:20:03.655  1970  3672 D WifiService: New client listening to asynchronous messages
03-18 17:20:05.423  1970  4742 D PMS     : releaseWL(fbc13a1): PARTIAL_WAKE_LOCK  bluedroid_timer 0x1 null
03-18 17:20:13.520  1970  2492 I ActivityManager: Start proc 25035:com.facebook.katana/u0a105 for service com.facebook.katana/com.facebook.mqttlite.MqttService
03-18 17:20:15.283  1970  2077 D PMS     : acquireWL(6685c57): PARTIAL_WAKE_LOCK  BatteryServiceUpdateStats_3 0x1 1970 1000 null
03-18 17:20:15.284  1970  2077 I BatteryService: n_update end
03-18 17:20:15.284  1970  2077 D PMS     : releaseWL(6685c57): PARTIAL_WAKE_LOCK  BatteryServiceUpdateStats_3 0x1 null
03-18 17:20:15.285  1970  2502 D HtcPowerSaver: updateBatteryInfo
03-18 17:20:15.288  3795  3795 D PowerUI : closing low battery warning: level=92
03-18 17:20:15.289  1970  1970 D PMS     : runPSCheck
03-18 17:20:15.289  1970  1970 D HtcPowerSaver: Checking...
03-18 17:20:15.289  1970  1970 I HtcPowerSaver: >> updateStatus
03-18 17:20:15.290  1970  1970 I HtcPowerSaver: << updateStatus
03-18 17:20:15.290  1970  1970 I DeviceIdleController: updateChargingLocked: charging=true
03-18 17:20:15.290  1970  1970 W DeviceIdleController: becomeActiveLocked, reason = charging
03-18 17:20:19.913  1970  3672 D WifiService: New client listening to asynchronous messages
03-18 17:20:19.989  1970  3852 D AlarmManager: [AlarmGrouping_3.5] before: effa728 2017-03-18 17:35:19 844127785 name=com.facebook.katana action=X.05G.ACTION_INEXACT_ALARM.MqttLite.com.facebook.katana type=ELAPSED_WAKEUP window=675000 interval=900000
03-18 17:20:19.989  1970  3852 D AlarmManager: [AlarmGrouping_3.5] after:  effa728 2017-03-18 17:40:00 844407800 name=com.facebook.katana action=X.05G.ACTION_INEXACT_ALARM.MqttLite.com.facebook.katana type=ELAPSED_WAKEUP window=675000 interval=900000
03-18 17:20:19.991  1970  4744 D AlarmManager: [AlarmGrouping_3.5] before: 8b88c41 2017-03-18 17:35:39 844147785 name=com.facebook.katana action=X.05G.ACTION_BACKUP_ALARM.MqttLite.com.facebook.katana type=ELAPSED_WAKEUP window=0 interval=0
03-18 17:20:19.991  1970  4744 D AlarmManager: [AlarmGrouping_3.5] after:  8b88c41 2017-03-18 17:40:00 844407800 name=com.facebook.katana action=X.05G.ACTION_BACKUP_ALARM.MqttLite.com.facebook.katana type=ELAPSED_WAKEUP window=0 interval=0
03-18 17:20:20.349  1970  4374 D AlarmManager: [AlarmGrouping_3.5] before: 8f74a72 2017-03-18 17:35:40 844148144 name=com.facebook.katana action=X.05G.ACTION_BACKUP_ALARM.MqttLite.com.facebook.katana type=ELAPSED_WAKEUP window=0 interval=0
03-18 17:20:20.349  1970  4374 D AlarmManager: [AlarmGrouping_3.5] after:  8f74a72 2017-03-18 17:40:00 844407800 name=com.facebook.katana action=X.05G.ACTION_BACKUP_ALARM.MqttLite.com.facebook.katana type=ELAPSED_WAKEUP window=0 interval=0
03-18 17:20:20.695  1970  4502 D PMS     : acquireWL(f9c07b1): PARTIAL_WAKE_LOCK  *net_scheduler* 0x1 5092 10010 WorkSource{10010 com.google.android.gms}
03-18 17:20:20.702  1970  4707 D PMS     : acquireWL(77db817): PARTIAL_WAKE_LOCK  GCoreFlp 0x1 5092 10010 WorkSource{10010 com.google.android.gms}
03-18 17:20:20.711  1970  3842 D PMS     : releaseWL(77db817): PARTIAL_WAKE_LOCK  GCoreFlp 0x1 WorkSource{10010 com.google.android.gms}
03-18 17:20:20.720  1970  4744 D AlarmManager: [AlarmGrouping_3.5] before: 7689404 2017-03-18 17:44:30 844677965 name=com.google.android.gms action=com.google.android.gms.gcm.ACTION_CHECK_QUEUE type=ELAPSED_WAKEUP window=1087084 interval=0
03-18 17:20:20.720  1970  4744 D AlarmManager: [AlarmGrouping_3.5] after:  7689404 2017-03-18 17:50:00 845007800 name=com.google.android.gms action=com.google.android.gms.gcm.ACTION_CHECK_QUEUE type=ELAPSED_WAKEUP window=1087084 interval=0
03-18 17:20:20.722  1970  2077 D PMS     : releaseWL(f9c07b1): PARTIAL_WAKE_LOCK  *net_scheduler* 0x1 WorkSource{10010 com.google.android.gms}
03-18 17:20:20.916  1970  2077 D PMS     : acquireWL(3b86ded): PARTIAL_WAKE_LOCK  *net_scheduler* 0x1 5092 10010 WorkSource{10010 com.google.android.gms}
03-18 17:20:20.935  1970  2077 D AlarmManager: [AlarmGrouping_3.5] before: 9533422 2017-03-18 17:44:30 844677965 name=com.google.android.gms action=com.google.android.gms.gcm.ACTION_CHECK_QUEUE type=ELAPSED_WAKEUP window=1086923 interval=0
03-18 17:20:20.935  1970  2077 D AlarmManager: [AlarmGrouping_3.5] after:  9533422 2017-03-18 17:50:00 845007800 name=com.google.android.gms action=com.google.android.gms.gcm.ACTION_CHECK_QUEUE type=ELAPSED_WAKEUP window=1086923 interval=0
03-18 17:20:20.936  1970  4374 D PMS     : releaseWL(3b86ded): PARTIAL_WAKE_LOCK  *net_scheduler* 0x1 WorkSource{10010 com.google.android.gms}
03-18 17:20:21.044  1970  2492 W BroadcastQueue: Permission Denial: broadcasting Intent { act=android.net.conn.CONNECTIVITY_CHANGE flg=0x4000010 (has extras) } from null (pid=-1, uid=-1) requires com.facebook.permission.prod.FB_APP_COMMUNICATION due to registered receiver BroadcastFilter{dbafbe9 u0 ReceiverList{5dcec70 25035 com.facebook.katana/10105/u0 remote:69bbeb3}}
03-18 17:20:21.045  1970  2492 W BroadcastQueue: Permission Denial: broadcasting Intent { act=android.net.conn.INET_CONDITION_ACTION flg=0x4000010 (has extras) } from null (pid=-1, uid=-1) requires com.facebook.permission.prod.FB_APP_COMMUNICATION due to registered receiver BroadcastFilter{dbafbe9 u0 ReceiverList{5dcec70 25035 com.facebook.katana/10105/u0 remote:69bbeb3}}
03-18 17:20:21.163  1970  3842 D PMS     : acquireWL(fd6512b): PARTIAL_WAKE_LOCK  GCoreFlp 0x1 5092 10010 WorkSource{10010 com.google.android.gms}
03-18 17:20:21.166  1970  2073 D PMS     : releaseWL(fd6512b): PARTIAL_WAKE_LOCK  GCoreFlp 0x1 WorkSource{10010 com.google.android.gms}
03-18 17:20:21.184  1970  3852 D PMS     : acquireWL(d3dd988): PARTIAL_WAKE_LOCK  GCoreFlp 0x1 5092 10010 WorkSource{10010 com.google.android.gms}
03-18 17:20:21.186  1970  2077 D PMS     : releaseWL(d3dd988): PARTIAL_WAKE_LOCK  GCoreFlp 0x1 WorkSource{10010 com.google.android.gms}
03-18 17:20:21.917  1970  2492 W BroadcastQueue: Permission Denial: broadcasting Intent { act=android.net.conn.CONNECTIVITY_CHANGE flg=0x4000010 (has extras) } from null (pid=-1, uid=-1) requires com.facebook.permission.prod.FB_APP_COMMUNICATION due to registered receiver BroadcastFilter{3deb4b8 u0 ReceiverList{c31db1b 25035 com.facebook.katana/10105/u0 remote:c7e12a}}
03-18 17:20:22.184  1970  4616 D AlarmManager: [AlarmGrouping_3.5] before: c3bc10b 2017-03-18 17:41:37 844505585 name=com.facebook.katana action=X.2Ih.ACTION_ALARM.com.facebook.katana type=ELAPSED_WAKEUP window=0 interval=0
03-18 17:20:22.184  1970  4616 D AlarmManager: [AlarmGrouping_3.5] after:  c3bc10b 2017-03-18 17:50:00 845007800 name=com.facebook.katana action=X.2Ih.ACTION_ALARM.com.facebook.katana type=ELAPSED_WAKEUP window=0 interval=0
03-18 17:20:22.272  1970  3842 D AlarmManager: [AlarmGrouping_3.5] before: 3c4bbe8 2017-03-18 17:21:21 843289071 name=com.facebook.katana action=X.05x.ACTION_ALARM.MqttLite.com.facebook.katana type=ELAPSED_WAKEUP window=0 interval=0
03-18 17:20:22.272  1970  3842 D AlarmManager: [AlarmGrouping_3.5] after:  3c4bbe8 2017-03-18 17:30:00 843807800 name=com.facebook.katana action=X.05x.ACTION_ALARM.MqttLite.com.facebook.katana type=ELAPSED_WAKEUP window=0 interval=0
03-18 17:20:22.279  1970  4709 D AlarmManager: [AlarmGrouping_3.5] before: 974e201 2017-03-18 17:35:42 844150075 name=com.facebook.katana action=X.05G.ACTION_BACKUP_ALARM.MqttLite.com.facebook.katana type=ELAPSED_WAKEUP window=0 interval=0
03-18 17:20:22.280  1970  4709 D AlarmManager: [AlarmGrouping_3.5] after:  974e201 2017-03-18 17:40:00 844407800 name=com.facebook.katana action=X.05G.ACTION_BACKUP_ALARM.MqttLite.com.facebook.katana type=ELAPSED_WAKEUP window=0 interval=0
03-18 17:20:22.461  1970  1970 D PMS     : acquireWL(4c83c2c): PARTIAL_WAKE_LOCK  *job*/com.cleanmaster.mguard/com.cleanmaster.service.a 0x1 1970 1000 WorkSource{10137}
03-18 17:20:22.462  1970  1970 D PMS     : acquireWL(19f36f5): PARTIAL_WAKE_LOCK  *job*/com.facebook.katana/com.facebook.fbreact.autoupdater.fbhttp.Fb4aHttpUpdateLollipopService 0x1 1970 1000 WorkSource{10105}
03-18 17:20:22.479  1970  1970 D PMS     : releaseWL(4c83c2c): PARTIAL_WAKE_LOCK  *job*/com.cleanmaster.mguard/com.cleanmaster.service.a 0x1 WorkSource{10137}
03-18 17:20:22.743  1970  1970 D PMS     : releaseWL(19f36f5): PARTIAL_WAKE_LOCK  *job*/com.facebook.katana/com.facebook.fbreact.autoupdater.fbhttp.Fb4aHttpUpdateLollipopService 0x1 WorkSource{10105}
03-18 17:20:23.485  1970  2492 I ActivityManager: Start proc 25314:com.radioopt.widget/u0a149 for service com.radioopt.widget/com.radioopt.tmcore.extended.ROExtendedService
03-18 17:20:23.746  1970  2508 I ActivityManager: Start proc 25334:com.android.defcontainer/u0a57 for service com.android.defcontainer/.DefaultContainerService
03-18 17:20:23.904  1970  3672 D WifiService: New client listening to asynchronous messages
03-18 17:20:24.135  1970  3842 D AlarmManager: [AlarmGrouping_3.5] before: daecbde 2017-03-20 13:00:00 1489986000000 name=com.facebook.katana action=com.facebook.orca.media.bandwidth.ACTION_PURGE_NETWORKS_IN_SHARED_PREFS type=RTC_WAKEUP window=453600000 interval=604800000
03-18 17:20:24.135  1970  3842 D AlarmManager: [AlarmGrouping_3.5] after:  daecbde 2017-03-20 13:00:00 1489986000000 name=com.facebook.katana action=com.facebook.orca.media.bandwidth.ACTION_PURGE_NETWORKS_IN_SHARED_PREFS type=RTC_WAKEUP window=453600000 interval=604800000
03-18 17:20:27.883  1970  2073 I ActivityManager: Killing 25314:com.radioopt.widget/u0a149 (adj 6): kill background
03-18 17:20:27.906  1970  4616 I ActivityManager: Recipient 25314
03-18 17:20:27.906  1970  3672 D WifiService: Client connection lost with reason: 4
03-18 17:20:27.913  1970  2073 W ActivityManager: Scheduling restart of crashed service com.radioopt.widget/com.tm.monitoring.TMService in 159876ms
03-18 17:20:27.916  1970  4616 W ActivityManager: Spurious death for ProcessRecord{60a8a53 0:com.radioopt.widget/u0a149}, curProc for 25314: null
03-18 17:20:41.733   447  1724 E NetlinkEvent: NetlinkEvent::FindParam(): Parameter 'TIME_NS' not found
03-18 17:20:41.733   447  1724 E NetlinkEvent: NetlinkEvent::FindParam(): Parameter 'UID' not found
03-18 17:20:43.527  1970  2492 I ActivityManager: Start proc 25414:com.cht.custservice/u0a154 for service com.cht.custservice/.utils.uiModeDetectService
03-18 17:21:15.392  1970  3842 D PMS     : acquireWL(65f60b5): PARTIAL_WAKE_LOCK  BatteryServiceUpdateStats_3 0x1 1970 1000 null
03-18 17:21:15.397  1970  3842 I BatteryService: n_update end
03-18 17:21:15.407  1970  1970 I DeviceIdleController: updateChargingLocked: charging=true
03-18 17:21:15.408  1970  1970 W DeviceIdleController: becomeActiveLocked, reason = charging
03-18 17:21:15.427  3795  3795 D PowerUI : closing low battery warning: level=92
03-18 17:21:15.435  1970  2502 D HtcPowerSaver: updateBatteryInfo
03-18 17:21:15.440  1970  3842 D PMS     : releaseWL(65f60b5): PARTIAL_WAKE_LOCK  BatteryServiceUpdateStats_3 0x1 null
03-18 17:21:15.459  1970  1970 D PMS     : runPSCheck
03-18 17:21:15.459  1970  1970 D HtcPowerSaver: Checking...
03-18 17:21:15.459  1970  1970 I HtcPowerSaver: >> updateStatus
03-18 17:21:15.460  1970  1970 I HtcPowerSaver: << updateStatus
03-18 17:21:15.552  1970  4506 D PMS     : acquireWL(711834a): PARTIAL_WAKE_LOCK  BatteryServiceUpdateStats_3 0x1 1970 1000 null
03-18 17:21:15.552  1970  4506 I BatteryService: n_update end
03-18 17:21:15.553  1970  4506 D PMS     : releaseWL(711834a): PARTIAL_WAKE_LOCK  BatteryServiceUpdateStats_3 0x1 null
03-18 17:21:15.553  1970  2502 D HtcPowerSaver: updateBatteryInfo
03-18 17:21:15.554  1970  1970 D PMS     : runPSCheck
03-18 17:21:15.554  1970  1970 D HtcPowerSaver: Checking...
03-18 17:21:15.554  1970  1970 I HtcPowerSaver: >> updateStatus
03-18 17:21:15.555  1970  1970 I HtcPowerSaver: << updateStatus
03-18 17:21:15.556  1970  1970 I DeviceIdleController: updateChargingLocked: charging=true
03-18 17:21:15.556  1970  1970 W DeviceIdleController: becomeActiveLocked, reason = charging
03-18 17:21:15.558  3795  3795 D PowerUI : closing low battery warning: level=93
03-18 17:21:15.564  1970  2494 E KernelWakelockReader: neither /proc/wakelocks nor /d/wakeup_sources exists
03-18 17:21:15.564  1970  2494 W BatSI   : Couldn't get kernel wake lock stats
03-18 17:21:15.600  1970  2492 I DropBoxManagerService: Usage (1281) > Quota (1280)
03-18 17:21:15.614  1970  2492 I ProcessStatsService: Prepared write state in 11ms
03-18 17:21:16.492   447  1724 E NetlinkEvent: NetlinkEvent::FindParam(): Parameter 'TIME_NS' not found
03-18 17:21:16.492   447  1724 E NetlinkEvent: NetlinkEvent::FindParam(): Parameter 'UID' not found
03-18 17:21:24.923  1970  4502 I ActivityManager: Killing 25414:com.cht.custservice/u0a154 (adj 6): kill background
03-18 17:21:24.985  1970  4616 I ActivityManager: Recipient 25414
03-18 17:21:25.003  1970  4502 W ActivityManager: Scheduling restart of crashed service com.cht.custservice/.utils.uiModeDetectService in 170440ms
03-18 17:21:25.008  1970  4616 W ActivityManager: Spurious death for ProcessRecord{8b952fa 0:com.cht.custservice/u0a154}, curProc for 25414: null
03-18 17:21:46.573   447  1724 E NetlinkEvent: NetlinkEvent::FindParam(): Parameter 'TIME_NS' not found
03-18 17:21:46.573   447  1724 E NetlinkEvent: NetlinkEvent::FindParam(): Parameter 'UID' not found
03-18 17:22:00.006  1970  3660 D PMS     : acquireWL(c82869e): PARTIAL_WAKE_LOCK  *alarm* 0x40000001 1970 1000 WorkSource{1000}
03-18 17:22:00.008  1970  3660 D AlarmManager: sending alarm PendingIntent{6fba88b: PendingIntentRecord{d034d68 android broadcastIntent}}, i=android.intent.action.TIME_TICK, t=3, cnt=1, w=843267800, Int=0
03-18 17:22:00.016  1970  3660 D AlarmManager: sending alarm PendingIntent{d5141d3: PendingIntentRecord{7b25eb6 com.facebook.katana broadcastIntent}}, i=X.08I.ACTION_INEXACT_ALARM.MqttLite.com.facebook.katana, t=2, cnt=1, w=843282739, Int=900000
03-18 17:22:00.024  1970  3660 D AlarmManager: sending alarm PendingIntent{4cba57f: PendingIntentRecord{f0d6615 com.google.android.gms broadcastIntent}}, i=com.google.android.location.ALARM_WAKEUP_LOCATOR, t=2, cnt=1, w=843294737, Int=0
03-18 17:22:00.029  1970  3660 D AlarmManager: sending alarm PendingIntent{65c594c: PendingIntentRecord{6db8462 com.google.android.gms broadcastIntent}}, i=com.google.android.gms.location.fused.SEND_LOCATION_IN_SMD_MODE, t=3, cnt=1, w=843297161, Int=0
03-18 17:22:00.044  1970  4616 D PMS     : acquireWL(54f5d95): PARTIAL_WAKE_LOCK  ULR_BarometerReading_WakeLock 0x1 5092 10010 WorkSource{10010 com.google.android.gms}
03-18 17:22:00.056  1970  3660 D AlarmManager: sending alarm PendingIntent{7f9e75c: PendingIntentRecord{c497890 com.google.android.gms startService}}, i=com.google.android.location.internal.action.ULR_BAROMETER_READ_ALARM, t=1, cnt=1, w=1489828920000, Int=120000
03-18 17:22:00.058  1970  3660 D AlarmManager: sending alarm PendingIntent{384966b: PendingIntentRecord{6c1b3d3 com.cleanmaster.mguard broadcastIntent}}, i=android.scenemonitor.ap_hotspot_workeralarm, t=3, cnt=1, w=843300000, Int=900000
03-18 17:22:00.069  1970  3801 D PMS     : releaseWL(54f5d95): PARTIAL_WAKE_LOCK  ULR_BarometerReading_WakeLock 0x1 WorkSource{10010 com.google.android.gms}
03-18 17:22:00.071  1970  4502 D PMS     : acquireWL(78c6eaa): PARTIAL_WAKE_LOCK  NlpWakeLock 0x1 5092 10010 WorkSource{10003 com.google.android.googlequicksearchbox}
03-18 17:22:00.073  1970  2073 D WifiService: acquireWifiLockLocked: WifiLock{NlpWifiLock type=2 binder=android.os.BinderProxy@1ff1a9b}
03-18 17:22:00.099  1970  4506 D WifiDisplayAdapter: getWifiDisplayStatusLocked: result=WifiDisplayStatus{featureState=2, scanState=0, activeDisplayState=0, activeDisplay=null, displays=[], sessionInfo=WifiDisplaySessionInfo:
03-18 17:22:00.099  1970  4506 D WifiDisplayAdapter:     Client/Owner: Client
03-18 17:22:00.099  1970  4506 D WifiDisplayAdapter:     GroupId: 
03-18 17:22:00.099  1970  4506 D WifiDisplayAdapter:     Passphrase: 
03-18 17:22:00.099  1970  4506 D WifiDisplayAdapter:     SessionId: 0
03-18 17:22:00.099  1970  4506 D WifiDisplayAdapter:     IP Address: }
03-18 17:22:00.110  1970  2077 D PMS     : acquireWL(29bbe38): PARTIAL_WAKE_LOCK  UlrDispSvcFastWL 0x1 5092 10010 null
03-18 17:22:00.118  1970  3801 D PMS     : releaseWL(29bbe38): PARTIAL_WAKE_LOCK  UlrDispSvcFastWL 0x1 null
03-18 17:22:00.130  1970  4374 D PMS     : acquireWL(7953e11): PARTIAL_WAKE_LOCK  CMWakeLock 0x1 5092 10010 WorkSource{10010 com.google.android.gms}
03-18 17:22:00.132  1970  4742 D PMS     : acquireWL(59acb76): PARTIAL_WAKE_LOCK  GCoreFlp 0x1 5092 10010 WorkSource{10010 com.google.android.gms}
03-18 17:22:00.136  1970  4745 D PMS     : releaseWL(59acb76): PARTIAL_WAKE_LOCK  GCoreFlp 0x1 WorkSource{10010 com.google.android.gms}
03-18 17:22:00.138  1970  4506 D PMS     : acquireWL(2ac577): PARTIAL_WAKE_LOCK  GCoreFlp 0x1 5092 10010 WorkSource{10003 com.google.android.googlequicksearchbox}
03-18 17:22:00.138  1970  4707 D PMS     : acquireWL(b6a85e4): PARTIAL_WAKE_LOCK  UlrDispSvcFastWL 0x1 5092 10010 null
03-18 17:22:00.162  1970  2077 I ActivityManager: Start proc 25495:com.google.android.googlequicksearchbox:search/u0a3 for broadcast com.google.android.googlequicksearchbox/com.google.android.apps.gsa.search.core.location.LocationReceiver
03-18 17:22:00.169  1970  1970 D PMS     : releaseWL(c82869e): PARTIAL_WAKE_LOCK  *alarm* 0x40000001 WorkSource{1000}
03-18 17:22:00.174  1970  4502 D PMS     : releaseWL(7953e11): PARTIAL_WAKE_LOCK  CMWakeLock 0x1 WorkSource{10010 com.google.android.gms}
03-18 17:22:00.206  1970  4502 D PMS     : releaseWL(b6a85e4): PARTIAL_WAKE_LOCK  UlrDispSvcFastWL 0x1 null
03-18 17:22:00.375  1970  4709 D PMS     : releaseWL(2ac577): PARTIAL_WAKE_LOCK  GCoreFlp 0x1 WorkSource{10003 com.google.android.googlequicksearchbox}
03-18 17:22:02.483  1970  3670 W ContextImpl: Calling a method in the system process without a qualified user: android.app.ContextImpl.sendBroadcast:771 com.android.server.wifi.WifiStateMachine.sendDongleScanResultsAvailableBroadcast:14336 com.android.server.wifi.WifiStateMachine.handleMediaLinkEvent:14504 com.android.server.wifi.WifiStateMachine.access$2700:257 com.android.server.wifi.WifiStateMachine$SupplicantStartedState.processMessage:8451 
03-18 17:22:02.559  1970  2073 D PMS     : acquireWL(55eec6f): PARTIAL_WAKE_LOCK  NlpWakeLock 0x1 5092 10010 WorkSource{10003 com.google.android.googlequicksearchbox}
03-18 17:22:02.578  1970  3945 D PMS     : releaseWL(55eec6f): PARTIAL_WAKE_LOCK  NlpWakeLock 0x1 WorkSource{10003 com.google.android.googlequicksearchbox}
03-18 17:22:02.580  1970  4744 D PMS     : acquireWL(24ead7c): PARTIAL_WAKE_LOCK  NlpWakeLock 0x1 5092 10010 WorkSource{1000 android}
03-18 17:22:02.582  1970  4709 D PMS     : releaseWL(24ead7c): PARTIAL_WAKE_LOCK  NlpWakeLock 0x1 WorkSource{1000 android}
03-18 17:22:02.583  1970  2077 D PMS     : acquireWL(e43d605): PARTIAL_WAKE_LOCK  NlpWakeLock 0x1 5092 10010 WorkSource{10010 com.google.android.gms}
03-18 17:22:02.586  1970  4742 D PMS     : releaseWL(e43d605): PARTIAL_WAKE_LOCK  NlpWakeLock 0x1 WorkSource{10010 com.google.android.gms}
03-18 17:22:02.587  1970  3801 D PMS     : acquireWL(af5d65a): PARTIAL_WAKE_LOCK  GCoreFlp 0x1 5092 10010 WorkSource{10010 com.google.android.gms}
03-18 17:22:02.588  1970  4374 D AlarmManager: [AlarmGrouping_3.5] before: 597e08b 2017-03-18 17:28:00 843687874 name=com.google.android.gms action=com.google.android.location.ALARM_WAKEUP_LOCATOR type=ELAPSED_WAKEUP window=45000 interval=0
03-18 17:22:02.588  1970  4374 D AlarmManager: [AlarmGrouping_3.5] after:  597e08b 2017-03-18 17:30:00 843807800 name=com.google.android.gms action=com.google.android.location.ALARM_WAKEUP_LOCATOR type=ELAPSED_WAKEUP window=45000 interval=0
03-18 17:22:02.588  1970  3842 D PMS     : acquireWL(e972568): PARTIAL_WAKE_LOCK  GCoreFlp 0x1 5092 10010 WorkSource{10003 com.google.android.googlequicksearchbox}
03-18 17:22:02.589  1970  3842 D PMS     : releaseWL(af5d65a): PARTIAL_WAKE_LOCK  GCoreFlp 0x1 WorkSource{10010 com.google.android.gms}
03-18 17:22:02.589  1970  4502 D PMS     : acquireWL(a30cd81): PARTIAL_WAKE_LOCK  GCoreFlp 0x1 5092 10010 WorkSource{10010 com.google.android.gms}
03-18 17:22:02.590  1970  4709 D PMS     : acquireWL(82afe26): PARTIAL_WAKE_LOCK  GCoreFlp 0x1 5092 10010 WorkSource{10010 com.google.android.gms}
03-18 17:22:02.592  1970  2073 D WifiService: releaseWifiLockLocked: WifiLock{NlpWifiLock type=2 binder=android.os.BinderProxy@1ff1a9b}
03-18 17:22:02.593  1970  3852 D PMS     : releaseWL(78c6eaa): PARTIAL_WAKE_LOCK  NlpWakeLock 0x1 WorkSource{10003 com.google.android.googlequicksearchbox}
03-18 17:22:02.593  1970  4744 D PMS     : acquireWL(b21fa67): PARTIAL_WAKE_LOCK  CMWakeLock 0x1 5092 10010 WorkSource{10010 com.google.android.gms}
03-18 17:22:02.599  1970  3842 D PMS     : releaseWL(b21fa67): PARTIAL_WAKE_LOCK  CMWakeLock 0x1 WorkSource{10010 com.google.android.gms}
03-18 17:22:02.606  1970  4709 D PMS