03-18 17:14:59.719  1970  1970 D HtcASN_1.1: Keep  0: type=Wi-Fi mSimExist=true mFlightMode=false HtcLevel=3
03-18 17:15:00.000  1970  3660 D PMS     : acquireWL(22f04e7): PARTIAL_WAKE_LOCK  *alarm* 0x40000001 1970 1000 WorkSource{1000}
03-18 17:15:00.001  1970  3660 D AlarmManager: sending alarm PendingIntent{6fba88b: PendingIntentRecord{d034d68 android broadcastIntent}}, i=android.intent.action.TIME_TICK, t=3, cnt=1, w=842907800, Int=0
03-18 17:15:00.095  1970  1970 D PMS     : releaseWL(22f04e7): PARTIAL_WAKE_LOCK  *alarm* 0x40000001 WorkSource{1000}
03-18 17:15:06.135  1970  3670 W ContextImpl: Calling a method in the system process without a qualified user: android.app.ContextImpl.sendBroadcast:771 com.android.server.wifi.WifiStateMachine.sendDongleScanResultsAvailableBroadcast:14336 com.android.server.wifi.WifiStateMachine.handleMediaLinkEvent:14504 com.android.server.wifi.WifiStateMachine.access$2700:257 com.android.server.wifi.WifiStateMachine$SupplicantStartedState.processMessage:8451 
03-18 17:15:09.230  1970  1970 D HtcASN_1.1: onSignalStrengthsChanged...
03-18 17:15:09.245  1970  1970 D HtcASN_1.1: Keep  0: type=Wi-Fi mSimExist=true mFlightMode=false HtcLevel=3
03-18 17:15:12.440  1970  1970 D HtcASN_1.1: onSignalStrengthsChanged...
03-18 17:15:12.475  1970  1970 D HtcASN_1.1: Keep  0: type=Wi-Fi mSimExist=true mFlightMode=false HtcLevel=3
03-18 17:15:14.346  1970  1970 D HtcASN_1.1: onSignalStrengthsChanged...
03-18 17:15:14.360  1970  1970 D HtcASN_1.1: Keep  0: type=Wi-Fi mSimExist=true mFlightMode=false HtcLevel=3
03-18 17:15:17.562  1970  1970 D HtcASN_1.1: onSignalStrengthsChanged...
03-18 17:15:17.571  1970  1970 D HtcASN_1.1: Keep  0: type=Wi-Fi mSimExist=true mFlightMode=false HtcLevel=3
03-18 17:15:20.758  1970  1970 D HtcASN_1.1: onSignalStrengthsChanged...
03-18 17:15:20.775  1970  1970 D HtcASN_1.1: Keep  0: type=Wi-Fi mSimExist=true mFlightMode=false HtcLevel=3
03-18 17:15:22.253   447  1724 E NetlinkEvent: NetlinkEvent::FindParam(): Parameter 'TIME_NS' not found
03-18 17:15:22.253   447  1724 E NetlinkEvent: NetlinkEvent::FindParam(): Parameter 'UID' not found
03-18 17:15:26.144  1970  3670 W ContextImpl: Calling a method in the system process without a qualified user: android.app.ContextImpl.sendBroadcast:771 com.android.server.wifi.WifiStateMachine.sendDongleScanResultsAvailableBroadcast:14336 com.android.server.wifi.WifiStateMachine.handleMediaLinkEvent:14504 com.android.server.wifi.WifiStateMachine.access$2700:257 com.android.server.wifi.WifiStateMachine$SupplicantStartedState.processMessage:8451 
03-18 17:15:26.582   447  1724 E NetlinkEvent: NetlinkEvent::FindParam(): Parameter 'TIME_NS' not found
03-18 17:15:26.582   447  1724 E NetlinkEvent: NetlinkEvent::FindParam(): Parameter 'UID' not found
03-18 17:15:26.908  1970  4616 D PMS     : acquireWL(214e8f5): PARTIAL_WAKE_LOCK  ULR_BarometerReading_WakeLock 0x1 5092 10010 WorkSource{10010 com.google.android.gms}
03-18 17:15:26.918  1970  3660 D PMS     : acquireWL(460068a): PARTIAL_WAKE_LOCK  *alarm* 0x1 1970 1000 WorkSource{10010}
03-18 17:15:26.920  1970  3660 D AlarmManager: sending alarm PendingIntent{7f9e75c: PendingIntentRecord{c497890 com.google.android.gms startService}}, i=com.google.android.location.internal.action.ULR_BAROMETER_READ_ALARM, t=1, cnt=1, w=1489828440000, Int=120000
03-18 17:15:26.925  1970  3660 D AlarmManager: sending alarm PendingIntent{79d04fb: PendingIntentRecord{f0d6615 com.google.android.gms broadcastIntent}}, i=com.google.android.location.ALARM_WAKEUP_LOCATOR, t=2, cnt=1, w=842934693, Int=0
03-18 17:15:26.931  1970  4755 D PMS     : acquireWL(a81c918): PARTIAL_WAKE_LOCK  NlpWakeLock 0x1 5092 10010 WorkSource{10003 com.google.android.googlequicksearchbox}
03-18 17:15:26.935  1970  4616 D PMS     : releaseWL(214e8f5): PARTIAL_WAKE_LOCK  ULR_BarometerReading_WakeLock 0x1 WorkSource{10010 com.google.android.gms}
03-18 17:15:26.936  1970  3801 D WifiService: acquireWifiLockLocked: WifiLock{NlpWifiLock type=2 binder=android.os.BinderProxy@5181f71}
03-18 17:15:26.938  1970  4744 D WifiDisplayAdapter: getWifiDisplayStatusLocked: result=WifiDisplayStatus{featureState=2, scanState=0, activeDisplayState=0, activeDisplay=null, displays=[], sessionInfo=WifiDisplaySessionInfo:
03-18 17:15:26.938  1970  4744 D WifiDisplayAdapter:     Client/Owner: Client
03-18 17:15:26.938  1970  4744 D WifiDisplayAdapter:     GroupId: 
03-18 17:15:26.938  1970  4744 D WifiDisplayAdapter:     Passphrase: 
03-18 17:15:26.938  1970  4744 D WifiDisplayAdapter:     SessionId: 0
03-18 17:15:26.938  1970  4744 D WifiDisplayAdapter:     IP Address: }
03-18 17:15:26.946  1970  1970 D PMS     : releaseWL(460068a): PARTIAL_WAKE_LOCK  *alarm* 0x1 WorkSource{10003}
03-18 17:15:26.975  1970  3801 D PMS     : acquireWL(7400156): PARTIAL_WAKE_LOCK  UlrDispSvcFastWL 0x1 5092 10010 null
03-18 17:15:26.981  1970  4502 D PMS     : releaseWL(7400156): PARTIAL_WAKE_LOCK  UlrDispSvcFastWL 0x1 null
03-18 17:15:27.797  1970  1970 D HtcASN_1.1: onSignalStrengthsChanged...
03-18 17:15:27.814  1970  1970 D HtcASN_1.1: Keep  0: type=Wi-Fi mSimExist=true mFlightMode=false HtcLevel=3
03-18 17:15:28.238  1970  3660 D PMS     : acquireWL(52cf5d7): PARTIAL_WAKE_LOCK  *alarm* 0x1 1970 1000 WorkSource{10003}
03-18 17:15:28.243  1970  3660 D AlarmManager: sending alarm PendingIntent{2565ec4: PendingIntentRecord{6db8462 com.google.android.gms broadcastIntent}}, i=com.google.android.gms.location.fused.SEND_LOCATION_IN_SMD_MODE, t=3, cnt=1, w=842936037, Int=0
03-18 17:15:28.244  1970  4502 D PMS     : acquireWL(f3e41ad): PARTIAL_WAKE_LOCK  CMWakeLock 0x1 5092 10010 WorkSource{10010 com.google.android.gms}
03-18 17:15:28.244  1970  4374 D PMS     : acquireWL(e52dce2): PARTIAL_WAKE_LOCK  GCoreFlp 0x1 5092 10010 WorkSource{10010 com.google.android.gms}
03-18 17:15:28.247  1970  2077 D PMS     : releaseWL(e52dce2): PARTIAL_WAKE_LOCK  GCoreFlp 0x1 WorkSource{10010 com.google.android.gms}
03-18 17:15:28.250  1970  3801 D PMS     : acquireWL(1611873): PARTIAL_WAKE_LOCK  GCoreFlp 0x1 5092 10010 WorkSource{10003 com.google.android.googlequicksearchbox}
03-18 17:15:28.267  1970  1970 D PMS     : releaseWL(52cf5d7): PARTIAL_WAKE_LOCK  *alarm* 0x1 WorkSource{10003}
03-18 17:15:28.276  1970  2077 D PMS     : releaseWL(1611873): PARTIAL_WAKE_LOCK  GCoreFlp 0x1 WorkSource{10003 com.google.android.googlequicksearchbox}
03-18 17:15:28.280  1970  2073 D PMS     : acquireWL(5aac8cf): PARTIAL_WAKE_LOCK  UlrDispSvcFastWL 0x1 5092 10010 null
03-18 17:15:28.296  1970  4755 D PMS     : releaseWL(f3e41ad): PARTIAL_WAKE_LOCK  CMWakeLock 0x1 WorkSource{10010 com.google.android.gms}
03-18 17:15:28.438  1970  2073 D PMS     : releaseWL(5aac8cf): PARTIAL_WAKE_LOCK  UlrDispSvcFastWL 0x1 null
03-18 17:15:29.237  1970  3670 W ContextImpl: Calling a method in the system process without a qualified user: android.app.ContextImpl.sendBroadcast:771 com.android.server.wifi.WifiStateMachine.sendDongleScanResultsAvailableBroadcast:14336 com.android.server.wifi.WifiStateMachine.handleMediaLinkEvent:14504 com.android.server.wifi.WifiStateMachine.access$2700:257 com.android.server.wifi.WifiStateMachine$SupplicantStartedState.processMessage:8451 
03-18 17:15:29.310  1970  4374 D PMS     : acquireWL(14f263a): PARTIAL_WAKE_LOCK  NlpWakeLock 0x1 5092 10010 WorkSource{10003 com.google.android.googlequicksearchbox}
03-18 17:15:29.320  1970  3945 D PMS     : releaseWL(14f263a): PARTIAL_WAKE_LOCK  NlpWakeLock 0x1 WorkSource{10003 com.google.android.googlequicksearchbox}
03-18 17:15:29.324  1970  2073 D PMS     : acquireWL(73522eb): PARTIAL_WAKE_LOCK  NlpWakeLock 0x1 5092 10010 WorkSource{1000 android}
03-18 17:15:29.328  1970  4742 D PMS     : releaseWL(73522eb): PARTIAL_WAKE_LOCK  NlpWakeLock 0x1 WorkSource{1000 android}
03-18 17:15:29.332  1970  2491 D PMS     : acquireWL(f05a848): PARTIAL_WAKE_LOCK  LocationManagerService 0x1 1970 1000 WorkSource{1000 android}
03-18 17:15:29.332  1970  4709 D PMS     : acquireWL(e5ec6e1): PARTIAL_WAKE_LOCK  NlpWakeLock 0x1 5092 10010 WorkSource{10010 com.google.android.gms}
03-18 17:15:29.333  1970  2491 D PMS     : acquireWL(1f96c06): PARTIAL_WAKE_LOCK  LocationManagerService 0x1 1970 1000 WorkSource{1000 android}
03-18 17:15:29.336  1970  4707 D PMS     : releaseWL(e5ec6e1): PARTIAL_WAKE_LOCK  NlpWakeLock 0x1 WorkSource{10010 com.google.android.gms}
03-18 17:15:29.337  1970  2077 D PMS     : acquireWL(8c102c7): PARTIAL_WAKE_LOCK  GCoreFlp 0x1 5092 10010 WorkSource{10010 com.google.android.gms}
03-18 17:15:29.338  1970  4616 D PMS     : acquireWL(5f100f4): PARTIAL_WAKE_LOCK  GCoreFlp 0x1 5092 10010 WorkSource{10003 com.google.android.googlequicksearchbox}
03-18 17:15:29.338  1970  2073 D WifiService: releaseWifiLockLocked: WifiLock{NlpWifiLock type=2 binder=android.os.BinderProxy@5181f71}
03-18 17:15:29.339  1970  4506 D PMS     : acquireWL(69ff01d): PARTIAL_WAKE_LOCK  GCoreFlp 0x1 5092 10010 WorkSource{10010 com.google.android.gms}
03-18 17:15:29.339  1970  4744 D PMS     : releaseWL(a81c918): PARTIAL_WAKE_LOCK  NlpWakeLock 0x1 WorkSource{10003 com.google.android.googlequicksearchbox}
03-18 17:15:29.340  1970  4744 D PMS     : acquireWL(b04292): PARTIAL_WAKE_LOCK  GCoreFlp 0x1 5092 10010 WorkSource{10010 com.google.android.gms}
03-18 17:15:29.341  1970  2491 D PMS     : acquireWL(e410463): PARTIAL_WAKE_LOCK  LocationManagerService 0x1 1970 1000 WorkSource{10010 com.google.android.gms}
03-18 17:15:29.343  1970  2491 D PMS     : acquireWL(8973860): PARTIAL_WAKE_LOCK  LocationManagerService 0x1 1970 1000 WorkSource{10010 com.google.android.gms}
03-18 17:15:29.345  1970  2491 D PMS     : acquireWL(5d07119): PARTIAL_WAKE_LOCK  LocationManagerService 0x1 1970 1000 WorkSource{10149 com.radioopt.widget}
03-18 17:15:29.354  1970  2491 D PMS     : acquireWL(e3583bf): PARTIAL_WAKE_LOCK  LocationManagerService 0x1 1970 1000 WorkSource{2899 com.htc.sense.hsp}
03-18 17:15:29.354  1970  1970 D PMS     : releaseWL(f05a848): PARTIAL_WAKE_LOCK  LocationManagerService 0x1 WorkSource{1000 android}
03-18 17:15:29.355  1970  4745 D PMS     : releaseWL(e410463): PARTIAL_WAKE_LOCK  LocationManagerService 0x1 WorkSource{10010 com.google.android.gms}
03-18 17:15:29.355  1970  4755 D PMS     : releaseWL(8973860): PARTIAL_WAKE_LOCK  LocationManagerService 0x1 WorkSource{10010 com.google.android.gms}
03-18 17:15:29.356  1970  4707 D PMS     : releaseWL(5d07119): PARTIAL_WAKE_LOCK  LocationManagerService 0x1 WorkSource{10149 com.radioopt.widget}
03-18 17:15:29.357  1970  2491 D PMS     : releaseWL(1f96c06): PARTIAL_WAKE_LOCK  LocationManagerService 0x1 WorkSource{1000 android}
03-18 17:15:29.357  1970  4502 D PMS     : releaseWL(8c102c7): PARTIAL_WAKE_LOCK  GCoreFlp 0x1 WorkSource{10010 com.google.android.gms}
03-18 17:15:29.360  1970  4506 D PMS     : acquireWL(cc89cdb): PARTIAL_WAKE_LOCK  CMWakeLock 0x1 5092 10010 WorkSource{10010 com.google.android.gms}
03-18 17:15:29.361  1970  2491 D PMS     : releaseWL(e3583bf): PARTIAL_WAKE_LOCK  LocationManagerService 0x1 WorkSource{2899 com.htc.sense.hsp}
03-18 17:15:29.367  1970  4616 D PMS     : releaseWL(cc89cdb): PARTIAL_WAKE_LOCK  CMWakeLock 0x1 WorkSource{10010 com.google.android.gms}
03-18 17:15:29.372  1970  4745 D PMS     : releaseWL(5f100f4): PARTIAL_WAKE_LOCK  GCoreFlp 0x1 WorkSource{10003 com.google.android.googlequicksearchbox}
03-18 17:15:29.373  1970  4709 D PMS     : releaseWL(69ff01d): PARTIAL_WAKE_LOCK  GCoreFlp 0x1 WorkSource{10010 com.google.android.gms}
03-18 17:15:29.374  1970  4742 D PMS     : releaseWL(b04292): PARTIAL_WAKE_LOCK  GCoreFlp 0x1 WorkSource{10010 com.google.android.gms}
03-18 17:15:32.267  1970  1970 D HtcASN_1.1: onSignalStrengthsChanged...
03-18 17:15:32.294  1970  1970 D HtcASN_1.1: Keep  0: type=Wi-Fi mSimExist=true mFlightMode=false HtcLevel=3
03-18 17:15:41.238  1970  1970 D HtcASN_1.1: onSignalStrengthsChanged...
03-18 17:15:41.252  1970  1970 D HtcASN_1.1: Keep  0: type=Wi-Fi mSimExist=true mFlightMode=false HtcLevel=3
03-18 17:15:41.892   447  1724 E NetlinkEvent: NetlinkEvent::FindParam(): Parameter 'TIME_NS' not found
03-18 17:15:41.892   447  1724 E NetlinkEvent: NetlinkEvent::FindParam(): Parameter 'UID' not found
03-18 17:15:46.139  1970  3670 W ContextImpl: Calling a method in the system process without a qualified user: android.app.ContextImpl.sendBroadcast:771 com.android.server.wifi.WifiStateMachine.sendDongleScanResultsAvailableBroadcast:14336 com.android.server.wifi.WifiStateMachine.handleMediaLinkEvent:14504 com.android.server.wifi.WifiStateMachine.access$2700:257 com.android.server.wifi.WifiStateMachine$SupplicantStartedState.processMessage:8451 
03-18 17:15:46.341   447  1724 E NetlinkEvent: NetlinkEvent::FindParam(): Parameter 'TIME_NS' not found
03-18 17:15:46.341   447  1724 E NetlinkEvent: NetlinkEvent::FindParam(): Parameter 'UID' not found
03-18 17:15:49.949  1970  4707 D PMS     : acquireWL(4fd0e45): PARTIAL_WAKE_LOCK  BatteryServiceUpdateStats_3 0x1 1970 1000 null
03-18 17:15:49.949  1970  4707 I BatteryService: n_update end
03-18 17:15:49.950  1970  4707 D PMS     : releaseWL(4fd0e45): PARTIAL_WAKE_LOCK  BatteryServiceUpdateStats_3 0x1 null
03-18 17:15:49.953  3795  3795 D PowerUI : closing low battery warning: level=91
03-18 17:15:49.954  1970  2502 D HtcPowerSaver: updateBatteryInfo
03-18 17:15:49.955  1970  1970 I DeviceIdleController: updateChargingLocked: charging=true
03-18 17:15:49.955  1970  1970 W DeviceIdleController: becomeActiveLocked, reason = charging
03-18 17:15:49.955  1970  1970 D PMS     : runPSCheck
03-18 17:15:49.955  1970  1970 D HtcPowerSaver: Checking...
03-18 17:15:49.955  1970  1970 I HtcPowerSaver: >> updateStatus
03-18 17:15:49.957  1970  1970 I HtcPowerSaver: << updateStatus
03-18 17:15:50.060  1970  4755 D PMS     : acquireWL(876499a): PARTIAL_WAKE_LOCK  BatteryServiceUpdateStats_3 0x1 1970 1000 null
03-18 17:15:50.061  1970  4755 I BatteryService: n_update end
03-18 17:15:50.061  1970  4755 D PMS     : releaseWL(876499a): PARTIAL_WAKE_LOCK  BatteryServiceUpdateStats_3 0x1 null
03-18 17:15:50.063  1970  2502 D HtcPowerSaver: updateBatteryInfo
03-18 17:15:50.065  3795  3795 D PowerUI : closing low battery warning: level=91
03-18 17:15:50.068  1970  1970 D PMS     : runPSCheck
03-18 17:15:50.068  1970  1970 D HtcPowerSaver: Checking...
03-18 17:15:50.068  1970  1970 I HtcPowerSaver: >> updateStatus
03-18 17:15:50.069  1970  1970 I HtcPowerSaver: << updateStatus
03-18 17:15:50.070  1970  1970 I DeviceIdleController: updateChargingLocked: charging=true
03-18 17:15:50.070  1970  1970 W DeviceIdleController: becomeActiveLocked, reason = charging
03-18 17:15:50.076  1970  2077 D PMS     : acquireWL(be672cb): PARTIAL_WAKE_LOCK  BatteryServiceUpdateStats_3 0x1 1970 1000 null
03-18 17:15:50.077  1970  2077 I BatteryService: n_update end
03-18 17:15:50.077  1970  2077 D PMS     : releaseWL(be672cb): PARTIAL_WAKE_LOCK  BatteryServiceUpdateStats_3 0x1 null
03-18 17:15:50.085  1970  2502 D HtcPowerSaver: updateBatteryInfo
03-18 17:15:50.086  1970  2494 E KernelWakelockReader: neither /proc/wakelocks nor /d/wakeup_sources exists
03-18 17:15:50.087  1970  2494 W BatSI   : Couldn't get kernel wake lock stats
03-18 17:15:50.090  3795  3795 D PowerUI : closing low battery warning: level=92
03-18 17:15:50.092  1970  1970 I DeviceIdleController: updateChargingLocked: charging=true
03-18 17:15:50.092  1970  1970 W DeviceIdleController: becomeActiveLocked, reason = charging
03-18 17:15:50.126  1970  2492 I DropBoxManagerService: Usage (1281) > Quota (1280)
03-18 17:15:50.127  1970  1970 D PMS     : runPSCheck
03-18 17:15:50.127  1970  1970 D HtcPowerSaver: Checking...
03-18 17:15:50.127  1970  1970 I HtcPowerSaver: >> updateStatus
03-18 17:15:50.128  1970  1970 I HtcPowerSaver: << updateStatus
03-18 17:15:53.394  1970  1970 D HtcASN_1.1: onSignalStrengthsChanged...
03-18 17:15:53.403  1970  1970 D HtcASN_1.1: Keep  0: type=Wi-Fi mSimExist=true mFlightMode=false HtcLevel=3
03-18 17:15:58.525  1970  1970 D HtcASN_1.1: onSignalStrengthsChanged...
03-18 17:15:58.545  1970  1970 D HtcASN_1.1: Keep  0: type=Wi-Fi mSimExist=true mFlightMode=false HtcLevel=3
03-18 17:15:59.159  1970  1970 D HtcASN_1.1: onSignalStrengthsChanged...
03-18 17:15:59.168  1970  1970 D HtcASN_1.1: Keep  0: type=Wi-Fi mSimExist=true mFlightMode=false HtcLevel=3
03-18 17:16:00.005  1970  3660 D PMS     : acquireWL(9dda4bb): PARTIAL_WAKE_LOCK  *alarm* 0x40000001 1970 1000 WorkSource{1000}
03-18 17:16:00.005  1970  3660 D AlarmManager: sending alarm PendingIntent{6fba88b: PendingIntentRecord{d034d68 android broadcastIntent}}, i=android.intent.action.TIME_TICK, t=3, cnt=1, w=842967800, Int=0
03-18 17:16:00.010  1970  4616 D PMS     : acquireWL(f324dd8): PARTIAL_WAKE_LOCK  ULR_BarometerReading_WakeLock 0x1 5092 10010 WorkSource{10010 com.google.android.gms}
03-18 17:16:00.015  1970  3660 D AlarmManager: sending alarm PendingIntent{7f9e75c: PendingIntentRecord{c497890 com.google.android.gms startService}}, i=com.google.android.location.internal.action.ULR_BAROMETER_READ_ALARM, t=1, cnt=1, w=1489828560000, Int=120000
03-18 17:16:00.038  1970  4744 D PMS     : releaseWL(f324dd8): PARTIAL_WAKE_LOCK  ULR_BarometerReading_WakeLock 0x1 WorkSource{10010 com.google.android.gms}
03-18 17:16:00.087  1970  1970 D PMS     : releaseWL(9dda4bb): PARTIAL_WAKE_LOCK  *alarm* 0x40000001 WorkSource{1000}
03-18 17:16:00.116  1970  4506 D PMS     : acquireWL(9332531): PARTIAL_WAKE_LOCK  UlrDispSvcFastWL 0x1 5092 10010 null
03-18 17:16:00.120  1970  4744 D PMS     : releaseWL(9332531): PARTIAL_WAKE_LOCK  UlrDispSvcFastWL 0x1 null
03-18 17:16:02.213   447  1724 E NetlinkEvent: NetlinkEvent::FindParam(): Parameter 'TIME_NS' not found
03-18 17:16:02.213   447  1724 E NetlinkEvent: NetlinkEvent::FindParam(): Parameter 'UID' not found
03-18 17:16:03.644  1970  1970 D HtcASN_1.1: onSignalStrengthsChanged...
03-18 17:16:03.659  1970  1970 D HtcASN_1.1: Keep  0: type=Wi-Fi mSimExist=true mFlightMode=false HtcLevel=3
03-18 17:16:06.173  1970  3670 W ContextImpl: Calling a method in the system process without a qualified user: android.app.ContextImpl.sendBroadcast:771 com.android.server.wifi.WifiStateMachine.sendDongleScanResultsAvailableBroadcast:14336 com.android.server.wifi.WifiStateMachine.handleMediaLinkEvent:14504 com.android.server.wifi.WifiStateMachine.access$2700:257 com.android.server.wifi.WifiStateMachine$SupplicantStartedState.processMessage:8451 
03-18 17:16:06.194  1970  1970 D HtcASN_1.1: onSignalStrengthsChanged...
03-18 17:16:06.217  1970  1970 D HtcASN_1.1: Keep  0: type=Wi-Fi mSimExist=true mFlightMode=false HtcLevel=3
03-18 17:16:06.311   447  1724 E NetlinkEvent: NetlinkEvent::FindParam(): Parameter 'TIME_NS' not found
03-18 17:16:06.311   447  1724 E NetlinkEvent: NetlinkEvent::FindParam(): Parameter 'UID' not found
03-18 17:16:08.756  1970  1970 D HtcASN_1.1: onSignalStrengthsChanged...
03-18 17:16:08.770  1970  1970 D HtcASN_1.1: Keep  0: type=Wi-Fi mSimExist=true mFlightMode=false HtcLevel=3
03-18 17:16:21.562  1970  1970 D HtcASN_1.1: onSignalStrengthsChanged...
03-18 17:16:21.577  1970  1970 D HtcASN_1.1: Keep  0: type=Wi-Fi mSimExist=true mFlightMode=false HtcLevel=3
03-18 17:16:22.132   447  1724 E NetlinkEvent: NetlinkEvent::FindParam(): Parameter 'TIME_NS' not found
03-18 17:16:22.132   447  1724 E NetlinkEvent: NetlinkEvent::FindParam(): Parameter 'UID' not found
03-18 17:16:26.154  1970  3670 W ContextImpl: Calling a method in the system process without a qualified user: android.app.ContextImpl.sendBroadcast:771 com.android.server.wifi.WifiStateMachine.sendDongleScanResultsAvailableBroadcast:14336 com.android.server.wifi.WifiStateMachine.handleMediaLinkEvent:14504 com.android.server.wifi.WifiStateMachine.access$2700:257 com.android.server.wifi.WifiStateMachine$SupplicantStartedState.processMessage:8451 
03-18 17:16:26.277   447  1724 E NetlinkEvent: NetlinkEvent::FindParam(): Parameter 'TIME_NS' not found
03-18 17:16:26.277   447  1724 E NetlinkEvent: NetlinkEvent::FindParam(): Parameter 'UID' not found
03-18 17:16:39.488  1970  1970 D HtcASN_1.1: onSignalStrengthsChanged...
03-18 17:16:39.500  1970  1970 D HtcASN_1.1: Keep  0: type=Wi-Fi mSimExist=true mFlightMode=false HtcLevel=3
03-18 17:16:41.409  1970  1970 D HtcASN_1.1: onSignalStrengthsChanged...
03-18 17:16:41.458  1970  1970 D HtcASN_1.1: Keep  0: type=Wi-Fi mSimExist=true mFlightMode=false HtcLevel=3
03-18 17:16:43.845  1970  4742 D PMS     : acquireWL(a40dd08): PARTIAL_WAKE_LOCK  BatteryServiceUpdateStats_3 0x1 1970 1000 null
03-18 17:16:43.848  1970  4742 I BatteryService: n_update end
03-18 17:16:43.859  1970  1970 I DeviceIdleController: updateChargingLocked: charging=true
03-18 17:16:43.860  1970  1970 W DeviceIdleController: becomeActiveLocked, reason = charging
03-18 17:16:43.869  3795  3795 D PowerUI : closing low battery warning: level=92
03-18 17:16:43.878  1970  2502 D HtcPowerSaver: updateBatteryInfo
03-18 17:16:43.878  1970  4742 D PMS     : releaseWL(a40dd08): PARTIAL_WAKE_LOCK  BatteryServiceUpdateStats_3 0x1 null
03-18 17:16:43.888  1970  1970 D PMS     : runPSCheck
03-18 17:16:43.888  1970  1970 D HtcPowerSaver: Checking...
03-18 17:16:43.888  1970  1970 I HtcPowerSaver: >> updateStatus
03-18 17:16:43.889  1970  1970 I HtcPowerSaver: << updateStatus
03-18 17:16:44.600  1970  1970 D HtcASN_1.1: onSignalStrengthsChanged...
03-18 17:16:44.608  1970  1970 D HtcASN_1.1: Keep  0: type=Wi-Fi mSimExist=true mFlightMode=false HtcLevel=3
03-18 17:16:46.168  1970  3670 W ContextImpl: Calling a method in the system process without a qualified user: android.app.ContextImpl.sendBroadcast:771 com.android.server.wifi.WifiStateMachine.sendDongleScanResultsAvailableBroadcast:14336 com.android.server.wifi.WifiStateMachine.handleMediaLinkEvent:14504 com.android.server.wifi.WifiStateMachine.access$2700:257 com.android.server.wifi.WifiStateMachine$SupplicantStartedState.processMessage:8451 
03-18 17:16:50.161  1970  3852 D PMS     : acquireWL(61a4e87): PARTIAL_WAKE_LOCK  BatteryServiceUpdateStats_3 0x1 1970 1000 null
03-18 17:16:50.162  1970  3852 I BatteryService: n_update end
03-18 17:16:50.167  1970  1970 I DeviceIdleController: updateChargingLocked: charging=true
03-18 17:16:50.168  1970  1970 W DeviceIdleController: becomeActiveLocked, reason = charging
03-18 17:16:50.168  1970  2502 D HtcPowerSaver: updateBatteryInfo
03-18 17:16:50.168  1970  3852 D PMS     : releaseWL(61a4e87): PARTIAL_WAKE_LOCK  BatteryServiceUpdateStats_3 0x1 null
03-18 17:16:50.173  3795  3795 D PowerUI : closing low battery warning: level=92
03-18 17:16:50.180  1970  1970 D PMS     : runPSCheck
03-18 17:16:50.180  1970  1970 D HtcPowerSaver: Checking...
03-18 17:16:50.180  1970  1970 I HtcPowerSaver: >> updateStatus
03-18 17:16:50.181  1970  1970 I HtcPowerSaver: << updateStatus
03-18 17:16:50.346  1970  1970 D HtcASN_1.1: onSignalStrengthsChanged...
03-18 17:16:50.357  1970  1970 D HtcASN_1.1: Keep  0: type=Wi-Fi mSimExist=true mFlightMode=false HtcLevel=3
03-18 17:16:54.203  1970  1970 D HtcASN_1.1: onSignalStrengthsChanged...
03-18 17:16:54.212  1970  1970 D HtcASN_1.1: Keep  0: type=Wi-Fi mSimExist=true mFlightMode=false HtcLevel=3
03-18 17:16:57.398  1970  1970 D HtcASN_1.1: onSignalStrengthsChanged...
03-18 17:16:57.416  1970  1970 D HtcASN_1.1: Keep  0: type=Wi-Fi mSimExist=true mFlightMode=false HtcLevel=3
03-18 17:17:00.004  1970  3660 D PMS     : acquireWL(7ec4520): PARTIAL_WAKE_LOCK  *alarm* 0x40000001 1970 1000 WorkSource{1000}
03-18 17:17:00.005  1970  3660 D AlarmManager: sending alarm PendingIntent{6fba88b: PendingIntentRecord{d034d68 android broadcastIntent}}, i=android.intent.action.TIME_TICK, t=3, cnt=1, w=843027800, Int=0
03-18 17:17:00.092  1970  1970 D PMS     : releaseWL(7ec4520): PARTIAL_WAKE_LOCK  *alarm* 0x40000001 WorkSource{1000}
03-18 17:17:01.972   447  1724 E NetlinkEvent: NetlinkEvent::FindParam(): Parameter 'TIME_NS' not found
03-18 17:17:01.972   447  1724 E NetlinkEvent: NetlinkEvent::FindParam(): Parameter 'UID' not found
03-18 17:17:02.222   447  1724 E NetlinkEvent: NetlinkEvent::FindParam(): Parameter 'TIME_NS' not found
03-18 17:17:02.222   447  1724 E NetlinkEvent: NetlinkEvent::FindParam(): Parameter 'UID' not found
03-18 17:17:06.138  1970  3670 W ContextImpl: Calling a method in the system process without a qualified user: android.app.ContextImpl.sendBroadcast:771 com.android.server.wifi.WifiStateMachine.sendDongleScanResultsAvailableBroadcast:14336 com.android.server.wifi.WifiStateMachine.handleMediaLinkEvent:14504 com.android.server.wifi.WifiStateMachine.access$2700:257 com.android.server.wifi.WifiStateMachine$SupplicantStartedState.processMessage:8451 
03-18 17:17:08.277  1970  1970 D HtcASN_1.1: onSignalStrengthsChanged...
03-18 17:17:08.286  1970  1970 D HtcASN_1.1: Keep  0: type=Wi-Fi mSimExist=true mFlightMode=false HtcLevel=3
03-18 17:17:12.127  1970  1970 D HtcASN_1.1: onSignalStrengthsChanged...
03-18 17:17:12.137  1970  1970 D HtcASN_1.1: Keep  0: type=Wi-Fi mSimExist=true mFlightMode=false HtcLevel=3
03-18 17:17:21.972   447  1724 E NetlinkEvent: NetlinkEvent::FindParam(): Parameter 'TIME_NS' not found
03-18 17:17:21.972   447  1724 E NetlinkEvent: NetlinkEvent::FindParam(): Parameter 'UID' not found
03-18 17:17:26.176  1970  3670 W ContextImpl: Calling a method in the system process without a qualified user: android.app.ContextImpl.sendBroadcast:771 com.android.server.wifi.WifiStateMachine.sendDongleScanResultsAvailableBroadcast:14336 com.android.server.wifi.WifiStateMachine.handleMediaLinkEvent:14504 com.android.server.wifi.WifiStateMachine.access$2700:257 com.android.server.wifi.WifiStateMachine$SupplicantStartedState.processMessage:8451 
03-18 17:17:26.187  1970  1970 D HtcASN_1.1: onSignalStrengthsChanged...
03-18 17:17:26.202  1970  1970 D HtcASN_1.1: Keep  0: type=Wi-Fi mSimExist=true mFlightMode=false HtcLevel=3
03-18 17:17:26.284   447  1724 E NetlinkEvent: NetlinkEvent::FindParam(): Parameter 'TIME_NS' not found
03-18 17:17:26.284   447  1724 E NetlinkEvent: NetlinkEvent::FindParam(): Parameter 'UID' not found
03-18 17:17:30.677  1970  1970 D HtcASN_1.1: onSignalStrengthsChanged...
03-18 17:17:30.694  1970  1970 D HtcASN_1.1: Keep  0: type=Wi-Fi mSimExist=true mFlightMode=false HtcLevel=3
03-18 17:17:35.812  1970  1970 D HtcASN_1.1: onSignalStrengthsChanged...
03-18 17:17:35.869  1970  1970 D HtcASN_1.1: Keep  0: type=Wi-Fi mSimExist=true mFlightMode=false HtcLevel=3
03-18 17:17:41.933   447  1724 E NetlinkEvent: NetlinkEvent::FindParam(): Parameter 'TIME_NS' not found
03-18 17:17:41.933   447  1724 E NetlinkEvent: NetlinkEvent::FindParam(): Parameter 'UID' not found
03-18 17:17:46.049   447  1724 E NetlinkEvent: NetlinkEvent::FindParam(): Parameter 'TIME_NS' not found
03-18 17:17:46.049   447  1724 E NetlinkEvent: NetlinkEvent::FindParam(): Parameter 'UID' not found
03-18 17:17:46.183  1970  3670 W ContextImpl: Calling a method in the system process without a qualified user: android.app.ContextImpl.sendBroadcast:771 com.android.server.wifi.WifiStateMachine.sendDongleScanResultsAvailableBroadcast:14336 com.android.server.wifi.WifiStateMachine.handleMediaLinkEvent:14504 com.android.server.wifi.WifiStateMachine.access$2700:257 com.android.server.wifi.WifiStateMachine$SupplicantStartedState.processMessage:8451 
03-18 17:17:50.295  1970  2077 D PMS     : acquireWL(652b049): PARTIAL_WAKE_LOCK  BatteryServiceUpdateStats_3 0x1 1970 1000 null
03-18 17:17:50.299  1970  2077 I BatteryService: n_update end
03-18 17:17:50.309  1970  1970 I DeviceIdleController: updateChargingLocked: charging=true
03-18 17:17:50.309  1970  1970 W DeviceIdleController: becomeActiveLocked, reason = charging
03-18 17:17:50.320  3795  3795 D PowerUI : closing low battery warning: level=92
03-18 17:17:50.330  1970  2502 D HtcPowerSaver: updateBatteryInfo
03-18 17:17:50.330  1970  2077 D PMS     : releaseWL(652b049): PARTIAL_WAKE_LOCK  BatteryServiceUpdateStats_3 0x1 null
03-18 17:17:50.349  1970  1970 D PMS     : runPSCheck
03-18 17:17:50.349  1970  1970 D HtcPowerSaver: Checking...
03-18 17:17:50.349  1970  1970 I HtcPowerSaver: >> updateStatus
03-18 17:17:50.350  1970  1970 I HtcPowerSaver: << updateStatus
03-18 17:17:50.446  1970  2073 D PMS     : acquireWL(4617d4e): PARTIAL_WAKE_LOCK  BatteryServiceUpdateStats_3 0x1 1970 1000 null
03-18 17:17:50.447  1970  2073 I BatteryService: n_update end
03-18 17:17:50.447  1970  2073 D PMS     : releaseWL(4617d4e): PARTIAL_WAKE_LOCK  BatteryServiceUpdateStats_3 0x1 null
03-18 17:17:50.448  1970  2502 D HtcPowerSaver: updateBatteryInfo
03-18 17:17:50.450  3795  3795 D PowerUI : closing low battery warning: level=92
03-18 17:17:50.452  1970  1970 D PMS     : runPSCheck
03-18 17:17:50.452  1970  1970 D HtcPowerSaver: Checking...
03-18 17:17:50.452  1970  1970 I HtcPowerSaver: >> updateStatus
03-18 17:17:50.453  1970  1970 I HtcPowerSaver: << updateStatus
03-18 17:17:50.454  1970  1970 I DeviceIdleController: updateChargingLocked: charging=true
03-18 17:17:50.454  1970  1970 W DeviceIdleController: becomeActiveLocked, reason = charging
03-18 17:17:50.466  1970  4709 D PMS     : acquireWL(a044e6f): PARTIAL_WAKE_LOCK  BatteryServiceUpdateStats_3 0x1 1970 1000 null
03-18 17:17:50.466  1970  4709 I BatteryService: n_update end
03-18 17:17:50.466  1970  4709 D PMS     : releaseWL(a044e6f): PARTIAL_WAKE_LOCK  BatteryServiceUpdateStats_3 0x1 null
03-18 17:17:50.467  1970  2502 D HtcPowerSaver: updateBatteryInfo
03-18 17:17:50.467  1970  1970 D PMS     : runPSCheck
03-18 17:17:50.467  1970  1970 D HtcPowerSaver: Checking...
03-18 17:17:50.467  1970  1970 I HtcPowerSaver: >> updateStatus
03-18 17:17:50.468  1970  1970 I HtcPowerSaver: << updateStatus
03-18 17:17:50.469  1970  1970 I DeviceIdleController: updateChargingLocked: charging=true
03-18 17:17:50.469  1970  1970 W DeviceIdleController: becomeActiveLocked, reason = charging
03-18 17:17:50.476  3795  3795 D PowerUI : closing low battery warning: level=92
03-18 17:17:51.158  1970  1970 D HtcASN_1.1: onSignalStrengthsChanged...
03-18 17:17:51.174  1970  1970 D HtcASN_1.1: Keep  0: type=Wi-Fi mSimExist=true mFlightMode=false HtcLevel=3
03-18 17:17:53.710  1970  1970 D HtcASN_1.1: onSignalStrengthsChanged...
03-18 17:17:53.720  1970  1970 D HtcASN_1.1: Keep  0: type=Wi-Fi mSimExist=true mFlightMode=false HtcLevel=3
03-18 17:18:00.009  1970  3801 D PMS     : acquireWL(c31628b): PARTIAL_WAKE_LOCK  ULR_BarometerReading_WakeLock 0x1 5092 10010 WorkSource{10010 com.google.android.gms}
03-18 17:18:00.015  1970  3660 D PMS     : acquireWL(f8f7f68): PARTIAL_WAKE_LOCK  *alarm* 0x1 1970 1000 WorkSource{10010}
03-18 17:18:00.015  1970  3660 D AlarmManager: sending alarm PendingIntent{7f9e75c: PendingIntentRecord{c497890 com.google.android.gms startService}}, i=com.google.android.location.internal.action.ULR_BAROMETER_READ_ALARM, t=1, cnt=1, w=1489828680000, Int=120000
03-18 17:18:00.016  1970  1970 D PMS     : releaseWL(f8f7f68): PARTIAL_WAKE_LOCK  *alarm* 0x1 WorkSource{10010}
03-18 17:18:00.017  1970  3660 D PMS     : acquireWL(b5b1f81): PARTIAL_WAKE_LOCK  *alarm* 0x40000001 1970 1000 WorkSource{1000}
03-18 17:18:00.018  1970  3660 D AlarmManager: sending alarm PendingIntent{6fba88b: PendingIntentRecord{d034d68 android broadcastIntent}}, i=android.intent.action.TIME_TICK, t=3, cnt=1, w=843087801, Int=0
03-18 17:18:00.037  1970  2073 D PMS     : releaseWL(c31628b): PARTIAL_WAKE_LOCK  ULR_BarometerReading_WakeLock 0x1 WorkSource{10010 com.google.android.gms}
03-18 17:18:00.077  1970  4755 D PMS     : acquireWL(82be826): PARTIAL_WAKE_LOCK  UlrDispSvcFastWL 0x1 5092 10010 null
03-18 17:18:00.107  1970  4374 D PMS     : releaseWL(82be826): PARTIAL_WAKE_LOCK  UlrDispSvcFastWL 0x1 null
03-18 17:18:00.124  1970  1970 D PMS     : releaseWL(b5b1f81): PARTIAL_WAKE_LOCK  *alarm* 0x40000001 WorkSource{1000}
03-18 17:18:01.892   447  1724 E NetlinkEvent: NetlinkEvent::FindParam(): Parameter 'TIME_NS' not found
03-18 17:18:01.892   447  1724 E NetlinkEvent: NetlinkEvent::FindParam(): Parameter 'UID' not found
03-18 17:18:03.326  1970  1970 D HtcASN_1.1: onSignalStrengthsChanged...
03-18 17:18:03.334  1970  1970 D HtcASN_1.1: Keep  0: type=Wi-Fi mSimExist=true mFlightMode=false HtcLevel=3
03-18 17:18:04.754   447  1724 E NetlinkEvent: NetlinkEvent::FindParam(): Parameter 'TIME_NS' not found
03-18 17:18:04.754   447  1724 E NetlinkEvent: NetlinkEvent::FindParam(): Parameter 'UID' not found
03-18 17:18:05.901  1970  1970 D HtcASN_1.1: onSignalStrengthsChanged...
03-18 17:18:05.948  1970  1970 D HtcASN_1.1: Keep  0: type=Wi-Fi mSimExist=true mFlightMode=false HtcLevel=4
03-18 17:18:06.169  1970  3670 W ContextImpl: Calling a method in the system process without a qualified user: android.app.ContextImpl.sendBroadcast:771 com.android.server.wifi.WifiStateMachine.sendDongleScanResultsAvailableBroadcast:14336 com.android.server.wifi.WifiStateMachine.handleMediaLinkEvent:14504 com.android.server.wifi.WifiStateMachine.access$2700:257 com.android.server.wifi.WifiStateMachine$SupplicantStartedState.processMessage:8451 
03-18 17:18:11.634  1970  1970 D HtcASN_1.1: onSignalStrengthsChanged...
03-18 17:18:11.675  1970  1970 D HtcASN_1.1: Keep  0: type=Wi-Fi mSimExist=true mFlightMode=false HtcLevel=3
03-18 17:18:14.194  1970  1970 D HtcASN_1.1: onSignalStrengthsChanged...
03-18 17:18:14.244  1970  1970 D HtcASN_1.1: Keep  0: type=Wi-Fi mSimExist=true mFlightMode=false HtcLevel=3
03-18 17:18:19.979  1970  1970 D HtcASN_1.1: onSignalStrengthsChanged...
03-18 17:18:20.019  1970  1970 D HtcASN_1.1: Keep  0: type=Wi-Fi mSimExist=true mFlightMode=false HtcLevel=3
03-18 17:18:21.853   447  1724 E NetlinkEvent: NetlinkEvent::FindParam(): Parameter 'TIME_NS' not found
03-18 17:18:21.853   447  1724 E NetlinkEvent: NetlinkEvent::FindParam(): Parameter 'UID' not found
03-18 17:18:25.984   447  1724 E NetlinkEvent: NetlinkEvent::FindParam(): Parameter 'TIME_NS' not found
03-18 17:18:25.984   447  1724 E NetlinkEvent: NetlinkEvent::FindParam(): Parameter 'UID' not found
03-18 17:18:26.169  1970  3670 W ContextImpl: Calling a method in the system process without a qualified user: android.app.ContextImpl.sendBroadcast:771 com.android.server.wifi.WifiStateMachine.sendDongleScanResultsAvailableBroadcast:14336 com.android.server.wifi.WifiStateMachine.handleMediaLinkEvent:14504 com.android.server.wifi.WifiStateMachine.access$2700:257 com.android.server.wifi.WifiStateMachine$SupplicantStartedState.processMessage:8451 
03-18 17:18:29.552  1970  1970 D HtcASN_1.1: onSignalStrengthsChanged...
03-18 17:18:29.570  1970  1970 D HtcASN_1.1: Keep  0: type=Wi-Fi mSimExist=true mFlightMode=false HtcLevel=3
03-18 17:18:34.049  1970  1970 D HtcASN_1.1: onSignalStrengthsChanged...
03-18 17:18:34.068  1970  1970 D HtcASN_1.1: Keep  0: type=Wi-Fi mSimExist=true mFlightMode=false HtcLevel=3
03-18 17:18:35.329  1970  1970 D HtcASN_1.1: onSignalStrengthsChanged...
03-18 17:18:35.346  1970  1970 D HtcASN_1.1: Keep  0: type=Wi-Fi mSimExist=true mFlightMode=false HtcLevel=3
03-18 17:18:38.319  1970  2492 D DeviceIdleController: Adding AppId 10010 to temp whitelist
03-18 17:18:38.320  1970  2492 D DeviceIdleController: Setting wakelock temp whitelist to [10010]
03-18 17:18:38.321  1970  2492 D NetworkManagement: oldRule = 0, newRule=0 for uid=10010
03-18 17:18:38.321  1970  2492 D NetworkManagement: !!!!! Skipping change
03-18 17:18:38.326  1970  2073 D PMS     : acquireWL(a559298): PARTIAL_WAKE_LOCK  GCM_HB_ALARM 0x1 5092 10010 WorkSource{10010 com.google.android.gms}
03-18 17:18:38.332  1970  3660 D PMS     : acquireWL(2a9eaf1): PARTIAL_WAKE_LOCK  *alarm* 0x1 1970 1000 WorkSource{10010}
03-18 17:18:38.333  1970  3660 D AlarmManager: sending alarm PendingIntent{f54a6d6: PendingIntentRecord{4c94155 com.google.android.gms broadcastIntent}}, i=com.google.android.gms.gcm.HEARTBEAT_ALARM, t=2, cnt=1, w=843126115, Int=0
03-18 17:18:38.336  1970  1970 D PMS     : releaseWL(2a9eaf1): PARTIAL_WAKE_LOCK  *alarm* 0x1 WorkSource{10010}
03-18 17:18:38.353  1970  2077 D PMS     : releaseWL(a559298): PARTIAL_WAKE_LOCK  GCM_HB_ALARM 0x1 WorkSource{10010 com.google.android.gms}
03-18 17:18:38.357  1970  3801 D PMS     : acquireWL(1646d57): PARTIAL_WAKE_LOCK  *net_scheduler* 0x1 5092 10010 WorkSource{10010 com.google.android.gms}
03-18 17:18:38.379  1970  4374 D PMS     : acquireWL(95d4044): PARTIAL_WAKE_LOCK  GCM_READ 0x1 5092 10010 WorkSource{10010 com.google.android.gms}
03-18 17:18:38.384  1970  3852 D PMS     : releaseWL(95d4044): PARTIAL_WAKE_LOCK  GCM_READ 0x1 WorkSource{10010 com.google.android.gms}
03-18 17:18:38.395  1970  4616 D PMS     : releaseWL(1646d57): PARTIAL_WAKE_LOCK  *net_scheduler* 0x1 WorkSource{10010 com.google.android.gms}
03-18 17:18:38.397  1970  4506 D PMS     : acquireWL(ee1452d): PARTIAL_WAKE_LOCK  *net_scheduler* 0x1 5092 10010 WorkSource{10010 com.google.android.gms}
03-18 17:18:38.417  1970  4374 D PMS     : releaseWL(ee1452d): PARTIAL_WAKE_LOCK  *net_scheduler* 0x1 WorkSource{10010 com.google.android.gms}
03-18 17:18:39.177  1970  1970 D HtcASN_1.1: onSignalStrengthsChanged...
03-18 17:18:39.197  1970  1970 D HtcASN_1.1: Keep  0: type=Wi-Fi mSimExist=true mFlightMode=false HtcLevel=3
03-18 17:18:42.360  1970  1970 D HtcASN_1.1: onSignalStrengthsChanged...
03-18 17:18:42.424  1970  1970 D HtcASN_1.1: Keep  0: type=Wi-Fi mSimExist=true mFlightMode=false HtcLevel=3
03-18 17:18:46.189  1970  3670 W ContextImpl: Calling a method in the system process without a qualified user: android.app.ContextImpl.sendBroadcast:771 com.android.server.wifi.WifiStateMachine.sendDongleScanResultsAvailableBroadcast:14336 com.android.server.wifi.WifiStateMachine.handleMediaLinkEvent:14504 com.android.server.wifi.WifiStateMachine.access$2700:257 com.android.server.wifi.WifiStateMachine$SupplicantStartedState.processMessage:8451 
03-18 17:18:48.365  1970  2491 D DeviceIdleController: handleMessage(5)
03-18 17:18:48.378  1970  2491 D DeviceIdleController: Removing UID 10010 from temp whitelist
03-18 17:18:48.379  1970  2491 D DeviceIdleController: Setting wakelock temp whitelist to []
03-18 17:18:48.402  1970  2491 D NetworkManagement: oldRule = 0, newRule=0 for uid=10010
03-18 17:18:48.402  1970  2491 D NetworkManagement: !!!!! Skipping change
03-18 17:18:50.538  1970  3945 D PMS     : acquireWL(519baae): PARTIAL_WAKE_LOCK  BatteryServiceUpdateStats_3 0x1 1970 1000 null
03-18 17:18:50.541  1970  3945 I BatteryService: n_update end
03-18 17:18:50.555  1970  1970 I DeviceIdleController: updateChargingLocked: charging=true
03-18 17:18:50.555  1970  1970 W DeviceIdleController: becomeActiveLocked, reason = charging
03-18 17:18:50.560  3795  3795 D PowerUI : closing low battery warning: level=92
03-18 17:18:50.568  1970  2502 D HtcPowerSaver: updateBatteryInfo
03-18 17:18:50.568  1970  3945 D PMS     : releaseWL(519baae): PARTIAL_WAKE_LOCK  BatteryServiceUpdateStats_3 0x1 null
03-18 17:18:50.577  1970  1970 D PMS     : runPSCheck
03-18 17:18:50.577  1970  1970 D HtcPowerSaver: Checking...
03-18 17:18:50.577  1970  1970 I HtcPowerSaver: >> updateStatus
03-18 17:18:50.585  1970  1970 I HtcPowerSaver: << updateStatus
03-18 17:18:57.709  1970  1970 D HtcASN_1.1: onSignalStrengthsChanged...
03-18 17:18:57.726  1970  1970 D HtcASN_1.1: Keep  0: type=Wi-Fi mSimExist=true mFlightMode=false HtcLevel=3
03-18 17:19:00.000  1970  3660 D PMS     : acquireWL(4cad3ba): PARTIAL_WAKE_LOCK  *alarm* 0x40000001 1970 1000 WorkSource{1000}
03-18 17:19:00.000  1970  3660 D AlarmManager: sending alarm PendingIntent{6fba88b: PendingIntentRecord{d034d68 android broadcastIntent}}, i=android.intent.action.TIME_TICK, t=3, cnt=1, w=843147800, Int=0
03-18 17:19:00.069  1970  1970 D PMS     : releaseWL(4cad3ba): PARTIAL_WAKE_LOCK  *alarm* 0x40000001 WorkSource{1000}
03-18 17:19:00.269  1970  1970 D HtcASN_1.1: onSignalStrengthsChanged...
03-18 17:19:00.282  1970  1970 D HtcASN_1.1: Keep  0: type=Wi-Fi mSimExist=true mFlightMode=false HtcLevel=3
03-18 17:19:01.692   447  1724 E NetlinkEvent: NetlinkEvent::FindParam(): Parameter 'TIME_NS' not found
03-18 17:19:01.692   447  1724 E NetlinkEvent: NetlinkEvent::FindParam(): Parameter 'UID' not found
03-18 17:19:05.921   447  1724 E NetlinkEvent: NetlinkEvent::FindParam(): Parameter 'TIME_NS' not found
03-18 17:19:05.922   447  1724 E NetlinkEvent: NetlinkEvent::FindParam(): Parameter 'UID' not found
03-18 17:19:06.198  1970  3670 W ContextImpl: Calling a method in the system process without a qualified user: android.app.ContextImpl.sendBroadcast:771 com.android.server.wifi.WifiStateMachine.sendDongleScanResultsAvailableBroadcast:14336 com.android.server.wifi.WifiStateMachine.handleMediaLinkEvent:14504 com.android.server.wifi.WifiStateMachine.access$2700:257 com.android.server.wifi.WifiStateMachine$SupplicantStartedState.processMessage:8451 
03-18 17:19:07.594  1970  2502 D XAN-DPC : mRamp.onAnimationEnd. policy=2
03-18 17:19:07.595  1970  2502 D PMS     : MSG: UDAS false->true
03-18 17:19:10.525  1970  1970 D HtcASN_1.1: onSignalStrengthsChanged...
03-18 17:19:10.537  1970  1970 D HtcASN_1.1: Keep  0: type=Wi-Fi mSimExist=true mFlightMode=false HtcLevel=3
03-18 17:19:11.175  1970  1970 D HtcASN_1.1: onSignalStrengthsChanged...
03-18 17:19:11.214  1970  1970 D HtcASN_1.1: Keep  0: type=Wi-Fi mSimExist=true mFlightMode=false HtcLevel=4
03-18 17:19:14.282  1970  2502 I PMS     : Going to sleep due to screen timeout (uid 1000)...
03-18 17:19:14.283  1970  2502 I InputMethodManagerService: setInteractive=false
03-18 17:19:14.284  1970  2502 I PMS     : Sleeping (uid 1000)...
03-18 17:19:14.285  1970  2502 D XAN-DPS : prepareColorFade 1
03-18 17:19:14.287  1970  1970 D StatusBarManagerService: swetImeWindowStatus vis=0 backDisposition=0
03-18 17:19:14.287  1970  1970 I InputMethodManagerService: Disable input method client, pid=4481
03-18 17:19:14.288  1970  1970 D PMS     : acquireWL(b334274): PARTIAL_WAKE_LOCK  ActivityManager-Sleep 0x1 1970 1000 null
03-18 17:19:14.450  1970  4755 D PMS     : acquireWL(97c11e0): PARTIAL_WAKE_LOCK  show keyguard 0x1 3795 10019 null
03-18 17:19:14.450  1970  2502 D XAN-DPS : prepareColorFade done
03-18 17:19:14.451  1970  2502 D PMS     : MSG: UDAS true->false
03-18 17:19:14.452  1970  4755 D PMS     : releaseWL(b334274): PARTIAL_WAKE_LOCK  ActivityManager-Sleep 0x1 null
03-18 17:19:14.641  1970  2073 D StatusBarManagerService: disable:userId=0 what=0x3200000 which=0x1 pkg=com.android.systemui
03-18 17:19:14.652  1970  3945 D PMS     : releaseWL(97c11e0): PARTIAL_WAKE_LOCK  show keyguard 0x1 null
03-18 17:19:14.681  1970  2493 D StatusBarManagerService: setSystemUiVisibility(0x408600)
03-18 17:19:14.681  1970  2493 D StatusBarManagerService: disable:userId=0 what=0x400000 which=0x1 pkg=Window{bb4790f u0 StatusBar}
03-18 17:19:14.681  1970  2493 D StatusBarManagerService: hiding MENU key
03-18 17:19:14.863  1970  3760 D XAN-DPS : setBrightness to 0
03-18 17:19:14.875  1970  2502 D XAN-DPC : mRamp.onAnimationEnd. policy=0
03-18 17:19:14.875  1970  3760 D XAN-DPS : setBrightness to 0
03-18 17:19:14.875  1970  2498 I DisplayManagerService: Display device changed state: "", OFF
03-18 17:19:14.877  1970  1970 D DeviceIdleController: updateDisplayLocked: screenOn=false
03-18 17:19:14.877  1970  1970 D DeviceIdleController: becomeInactiveIfAppropriateLocked()
03-18 17:19:15.078  1970  3760 D PMS     : Setting HAL interactive mode to false
03-18 17:19:15.078  1970  3760 D PMS     : Setting HAL interactive mode to false done
03-18 17:19:15.078  1970  3760 D PMS     : Setting HAL auto-suspend mode to true
03-18 17:19:15.085  1970  3760 D PMS     : Setting HAL auto-suspend mode done
03-18 17:19:15.094  1970  1970 I InputManager: Cancel all due to getting PMS screen off broadcast. ActualScreenOn=false
03-18 17:19:15.118  1970  2492 I ActivityManager: Start proc 24469:com.htc.bgp/1001 for broadcast com.htc.flexnet/.SystemIntentReceiver
03-18 17:19:15.274  1970  4742 I ActivityManager: Start proc 24488:com.htc.htcpowermanager:remote/1000 for broadcast com.htc.htcpowermanager/.PowerCommonReceiver
03-18 17:19:15.276  1970  4742 I ActivityManager: Killing 18928:com.android.defcontainer/u0a57 (adj 15): empty #17
03-18 17:19:15.296  1970  3945 I ActivityManager: Recipient 18928
03-18 17:19:15.302  1970  2077 D PMS     : acquireWL(bd0b1c2): PARTIAL_WAKE_LOCK  BatteryServiceUpdateStats_3 0x1 1970 1000 null
03-18 17:19:15.303  1970  2077 I BatteryService: n_update end
03-18 17:19:15.303  1970  2077 D PMS     : releaseWL(bd0b1c2): PARTIAL_WAKE_LOCK  BatteryServiceUpdateStats_3 0x1 null
03-18 17:19:15.313  1970  4506 D PMS     : acquireWL(c10fbd3): PARTIAL_WAKE_LOCK  BatteryServiceUpdateStats_3 0x1 1970 1000 null
03-18 17:19:15.314  1970  4506 I BatteryService: n_update end
03-18 17:19:15.314  1970  4506 D PMS     : releaseWL(c10fbd3): PARTIAL_WAKE_LOCK  BatteryServiceUpdateStats_3 0x1 null
03-18 17:19:15.334  1970  2502 D HtcPowerSaver: updateBatteryInfo
03-18 17:19:15.338  3795  3795 D PowerUI : closing low battery warning: level=92
03-18 17:19:15.352  1970  2502 D HtcPowerSaver: updateBatteryInfo
03-18 17:19:15.359  1970  1970 I DeviceIdleController: updateChargingLocked: charging=true
03-18 17:19:15.359  1970  1970 W DeviceIdleController: becomeActiveLocked, reason = charging
03-18 17:19:15.360  1970  1970 I DeviceIdleController: updateChargingLocked: charging=true
03-18 17:19:15.360  1970  1970 W DeviceIdleController: becomeActiveLocked, reason = charging
03-18 17:19:15.360  1970  1970 D PMS     : runPSCheck
03-18 17:19:15.360  1970  1970 D HtcPowerSaver: Checking...
03-18 17:19:15.360  1970  1970 I HtcPowerSaver: >> updateStatus
03-18 17:19:15.361  1970  1970 I HtcPowerSaver: << updateStatus
03-18 17:19:15.405  1970  3945 D AlarmManager: [AlarmGrouping_3.5] before: fd64e09 2017-03-18 17:21:15 843283191 name=com.facebook.katana action=X.2Ih.ACTION_ALARM.com.facebook.katana.Mqtt_Wakeup type=ELAPSED_WAKEUP window=0 interval=0
03-18 17:19:15.405  1970  3945 D AlarmManager: [AlarmGrouping_3.5] after:  fd64e09 2017-03-18 17:30:00 843807800 name=com.facebook.katana action=X.2Ih.ACTION_ALARM.com.facebook.katana.Mqtt_Wakeup type=ELAPSED_WAKEUP window=0 interval=0
03-18 17:19:15.422  3795  3795 D PowerUI : closing low battery warning: level=92
03-18 17:19:15.467  1970  2073 D AlarmManager: [AlarmGrouping_3.5] before: dfc280e 2017-03-18 17:21:15 843283264 name=com.facebook.orca action=X.1JH.ACTION_ALARM.com.facebook.orca.Mqtt_Wakeup type=ELAPSED_WAKEUP window=0 interval=0
03-18 17:19:15.467  1970  2073 D AlarmManager: [AlarmGrouping_3.5] after:  dfc280e 2017-03-18 17:30:00 843807800 name=com.facebook.orca action=X.1JH.ACTION_ALARM.com.facebook.orca.Mqtt_Wakeup type=ELAPSED_WAKEUP window=0 interval=0
03-18 17:19:15.473  1970  3670 D PMS     : acquireWL(165822f): PARTIAL_WAKE_LOCK  WifiSuspend 0x1 1970 1000 null
03-18 17:19:15.493  1970  3668 D NetworkPolicy: updateScreenOn: false
03-18 17:19:15.493 24488 24488 W ContextImpl: Calling a method in the system process without a qualified user: android.app.ContextImpl.startService:1229 android.content.ContextWrapper.startService:581 android.content.ContextWrapper.startService:581 com.htc.htcpowermanager.PowerCommonReceiver.onReceive:20 android.app.ActivityThread.handleReceiver:2835 
03-18 17:19:15.510  1970  3670 D PMS     : releaseWL(165822f): PARTIAL_WAKE_LOCK  WifiSuspend 0x1 null
03-18 17:19:15.536 24488 24488 W ContextImpl: Calling a method in the system process without a qualified user: android.app.ContextImpl.startService:1229 android.content.ContextWrapper.startService:581 com.htc.htcpowermanager.battery.PowerUsageReceiver.onReceive:21 android.support.v4.content.LocalBroadcastManager.executePendingBroadcasts:297 android.support.v4.content.LocalBroadcastManager.access$000:46 
03-18 17:19:15.551 24488 24488 W ContextImpl: Calling a method in the system process without a qualified user: android.app.ContextImpl.startService:1229 android.content.ContextWrapper.startService:581 com.htc.htcpowermanager.extremepowersaver.ExtremePowerSaverReceiver.onReceive:24 android.support.v4.content.LocalBroadcastManager.executePendingBroadcasts:297 android.support.v4.content.LocalBroadcastManager.access$000:46 
03-18 17:19:15.594  1970  4707 E KernelWakelockReader: neither /proc/wakelocks nor /d/wakeup_sources exists
03-18 17:19:15.595  1970  4707 W BatSI   : Couldn't get kernel wake lock stats
03-18 17:19:15.595  1970  2492 I DropBoxManagerService: Usage (1281) > Quota (1280)
03-18 17:19:15.682  1970  3801 I ActivityManager: START u0 {flg=0x10800000 cmp=com.cleanmaster.mguard/com.ijinshan.screensavernew3.ScreenSaver3Activity (has extras)} from uid 10137 pid 30239 on display 0
03-18 17:19:15.805  1970  1970 D DeviceIdleController: updateDisplayLocked: screenOn=false
03-18 17:19:15.819  1970  2500 W ContextImpl: Calling a method in the system process without a qualified user: android.app.ContextImpl.sendBroadcast:786 com.htc.server.HtcMirrorLinkAmsListener.onHandleTopAppChanged:122 com.android.server.am.HtcAmsCallbackManager.handleTopAppChanged:933 com.android.server.am.HtcAmsCallbackManager.handleAmsCallback:358 com.android.server.am.HtcAmsCallbackManager.access$100:27 
03-18 17:19:15.824  1970  3801 D ActivityManager: screenshot for ActivityRecord{406d428 u0 com.cleanmaster.mguard/com.ijinshan.screensavernew3.ScreenSaver3Activity t13358}, bitmap=null, time = 0
03-18 17:19:15.835  1970  2500 D HtcMirrorLinkAmsListener: onHandleTopAppChanged, sendBroadcast : com.cleanmaster.mguard
03-18 17:19:15.879  1970  4709 E KernelWakelockReader: neither /proc/wakelocks nor /d/wakeup_sources exists
03-18 17:19:15.881  1970  4709 W BatSI   : Couldn't get kernel wake lock stats
03-18 17:19:15.881  1970  2492 I DropBoxManagerService: Usage (1281) > Quota (1280)
03-18 17:19:16.181  1970  4616 I ActivityManager: Killing 19015:com.google.android.partnersetup/u0a59 (adj 15): empty #17
03-18 17:19:16.194  1970  2073 I ActivityManager: Recipient 19015
03-18 17:19:17.228  1970  4745 D PMS     : acquireWL(9eed104): PARTIAL_WAKE_LOCK  Wakeful StateMachine: GeofencerStateMachine 0x1 5092 10010 WorkSource{10010 com.google.android.gms}
